###############################################################################
#
# IAR ELF Linker V8.11.2.13589/W32 for ARM                08/Feb/2018  13:07:26
# Copyright 2007-2017 IAR Systems AB.
#
#    Output file  =  
#        D:\Fichier Mathieu\Session
#        5\SMI\STM32F4-Discovery_FW_V1.1.0\Project\Peripheral_Examples\SysTick\EWARM\SysTick\Exe\SysTick.out
#    Map file     =  
#        D:\Fichier Mathieu\Session
#        5\SMI\STM32F4-Discovery_FW_V1.1.0\Project\Peripheral_Examples\SysTick\EWARM\SysTick\List\SysTick.map
#    Command line =  
#        -f C:\Users\mathieu\AppData\Local\Temp\EW39CF.tmp ("D:\Fichier
#        Mathieu\Session
#        5\SMI\STM32F4-Discovery_FW_V1.1.0\Project\Peripheral_Examples\SysTick\EWARM\SysTick\Obj\main.o"
#        "D:\Fichier Mathieu\Session
#        5\SMI\STM32F4-Discovery_FW_V1.1.0\Project\Peripheral_Examples\SysTick\EWARM\SysTick\Obj\misc.o"
#        "D:\Fichier Mathieu\Session
#        5\SMI\STM32F4-Discovery_FW_V1.1.0\Project\Peripheral_Examples\SysTick\EWARM\SysTick\Obj\startup_stm32f4xx.o"
#        "D:\Fichier Mathieu\Session
#        5\SMI\STM32F4-Discovery_FW_V1.1.0\Project\Peripheral_Examples\SysTick\EWARM\SysTick\Obj\stm32f4_discovery.o"
#        "D:\Fichier Mathieu\Session
#        5\SMI\STM32F4-Discovery_FW_V1.1.0\Project\Peripheral_Examples\SysTick\EWARM\SysTick\Obj\stm32f4xx_gpio.o"
#        "D:\Fichier Mathieu\Session
#        5\SMI\STM32F4-Discovery_FW_V1.1.0\Project\Peripheral_Examples\SysTick\EWARM\SysTick\Obj\stm32f4xx_it.o"
#        "D:\Fichier Mathieu\Session
#        5\SMI\STM32F4-Discovery_FW_V1.1.0\Project\Peripheral_Examples\SysTick\EWARM\SysTick\Obj\stm32f4xx_rcc.o"
#        "D:\Fichier Mathieu\Session
#        5\SMI\STM32F4-Discovery_FW_V1.1.0\Project\Peripheral_Examples\SysTick\EWARM\SysTick\Obj\stm32f4xx_tim.o"
#        "D:\Fichier Mathieu\Session
#        5\SMI\STM32F4-Discovery_FW_V1.1.0\Project\Peripheral_Examples\SysTick\EWARM\SysTick\Obj\system_stm32f4xx.o"
#        --redirect _Printf=_PrintfSmallNoMb --redirect _Scanf=_ScanfSmallNoMb
#        -o "D:\Fichier Mathieu\Session
#        5\SMI\STM32F4-Discovery_FW_V1.1.0\Project\Peripheral_Examples\SysTick\EWARM\SysTick\Exe\SysTick.out"
#        --map "D:\Fichier Mathieu\Session
#        5\SMI\STM32F4-Discovery_FW_V1.1.0\Project\Peripheral_Examples\SysTick\EWARM\SysTick\List\SysTick.map"
#        --config "D:\Fichier Mathieu\Session
#        5\SMI\STM32F4-Discovery_FW_V1.1.0\Project\Peripheral_Examples\SysTick\EWARM\stm32f4xx_flash.icf"
#        --semihosting --entry __iar_program_start --vfe --text_out locale)
#
###############################################################################

*******************************************************************************
*** RUNTIME MODEL ATTRIBUTES
***

CppFlavor       = *
__SystemLibrary = DLib
__dlib_version  = 6


*******************************************************************************
*** HEAP SELECTION
***

The basic heap was selected because some modules are built with
size limitations (and not runtime checking), and --advanced_heap
was not specified.


*******************************************************************************
*** PLACEMENT SUMMARY
***

"A0":  place at 0x08000000 { ro section .intvec };
"P1":  place in [from 0x08000000 to 0x080fffff] { ro };
define block CSTACK with size = 1K, alignment = 8 { };
define block HEAP with size = 512, alignment = 8 { };
"P2":  place in [from 0x20000000 to 0x20020000] {
          rw, block CSTACK, block HEAP };
initialize by copy { rw };

  Section            Kind        Address   Size  Object
  -------            ----        -------   ----  ------
"A0":                                     0x188
  .intvec            ro code  0x08000000  0x188  startup_stm32f4xx.o [1]
                            - 0x08000188  0x188

"P1":                                     0x660
  .text              ro code  0x08000188  0x10c  main.o [1]
  .text              ro code  0x08000294   0x60  stm32f4_discovery.o [1]
  .text              ro code  0x080002f4   0x2c  stm32f4xx_rcc.o [1]
  .text              ro code  0x08000320   0x98  stm32f4xx_tim.o [1]
  .text              ro code  0x080003b8   0x68  misc.o [1]
  .text              ro code  0x08000420   0x78  stm32f4xx_gpio.o [1]
  .text              ro code  0x08000498   0xe0  system_stm32f4xx.o [1]
  .text              ro code  0x08000578   0x2c  copy_init3.o [4]
  .text              ro code  0x080005a4   0x28  data_init.o [4]
  Initializer bytes  const    0x080005cc   0x28  <for P2-1>
  .iar.init_table    const    0x080005f4   0x14  - Linker created -
  .text              ro code  0x08000608   0x1a  cmain.o [4]
  .text              ro code  0x08000622    0x4  low_level_init.o [3]
  .text              ro code  0x08000626    0x4  exit.o [3]
  .text              ro code  0x0800062c    0xa  cexit.o [4]
  .text              ro code  0x08000638   0x14  exit.o [5]
  .text              ro code  0x0800064c   0x14  stm32f4xx_it.o [1]
  .text              ro code  0x08000660   0x10  startup_stm32f4xx.o [1]
  .text              ro code  0x08000670    0xc  cstartup_M.o [4]
  .text              ro code  0x0800067c    0x4  startup_stm32f4xx.o [1]
  .text              ro code  0x08000680    0x4  startup_stm32f4xx.o [1]
  .text              ro code  0x08000684    0x4  startup_stm32f4xx.o [1]
  .text              ro code  0x08000688    0x4  startup_stm32f4xx.o [1]
  .text              ro code  0x0800068c    0x4  startup_stm32f4xx.o [1]
  .text              ro code  0x08000690    0x4  startup_stm32f4xx.o [1]
  .text              ro code  0x08000694    0x4  startup_stm32f4xx.o [1]
  .text              ro code  0x08000698    0x4  startup_stm32f4xx.o [1]
  .text              ro code  0x0800069c    0x4  startup_stm32f4xx.o [1]
  .text              ro code  0x080006a0    0x4  startup_stm32f4xx.o [1]
  .text              ro code  0x080006a4    0x4  startup_stm32f4xx.o [1]
  .text              ro code  0x080006a8    0x4  startup_stm32f4xx.o [1]
  .text              ro code  0x080006ac    0x4  startup_stm32f4xx.o [1]
  .text              ro code  0x080006b0    0x4  startup_stm32f4xx.o [1]
  .text              ro code  0x080006b4    0x4  startup_stm32f4xx.o [1]
  .text              ro code  0x080006b8    0x4  startup_stm32f4xx.o [1]
  .text              ro code  0x080006bc    0x4  startup_stm32f4xx.o [1]
  .text              ro code  0x080006c0    0x4  startup_stm32f4xx.o [1]
  .text              ro code  0x080006c4    0x4  startup_stm32f4xx.o [1]
  .text              ro code  0x080006c8    0x4  startup_stm32f4xx.o [1]
  .text              ro code  0x080006cc    0x4  startup_stm32f4xx.o [1]
  .text              ro code  0x080006d0    0x4  startup_stm32f4xx.o [1]
  .text              ro code  0x080006d4    0x4  startup_stm32f4xx.o [1]
  .text              ro code  0x080006d8    0x4  startup_stm32f4xx.o [1]
  .text              ro code  0x080006dc    0x4  startup_stm32f4xx.o [1]
  .text              ro code  0x080006e0    0x4  startup_stm32f4xx.o [1]
  .text              ro code  0x080006e4    0x4  startup_stm32f4xx.o [1]
  .text              ro code  0x080006e8    0x4  startup_stm32f4xx.o [1]
  .text              ro code  0x080006ec    0x4  startup_stm32f4xx.o [1]
  .text              ro code  0x080006f0    0x4  startup_stm32f4xx.o [1]
  .text              ro code  0x080006f4    0x4  startup_stm32f4xx.o [1]
  .text              ro code  0x080006f8    0x4  startup_stm32f4xx.o [1]
  .text              ro code  0x080006fc    0x4  startup_stm32f4xx.o [1]
  .text              ro code  0x08000700    0x4  startup_stm32f4xx.o [1]
  .text              ro code  0x08000704    0x4  startup_stm32f4xx.o [1]
  .text              ro code  0x08000708    0x4  startup_stm32f4xx.o [1]
  .text              ro code  0x0800070c    0x4  startup_stm32f4xx.o [1]
  .text              ro code  0x08000710    0x4  startup_stm32f4xx.o [1]
  .text              ro code  0x08000714    0x4  startup_stm32f4xx.o [1]
  .text              ro code  0x08000718    0x4  startup_stm32f4xx.o [1]
  .text              ro code  0x0800071c    0x4  startup_stm32f4xx.o [1]
  .text              ro code  0x08000720    0x4  startup_stm32f4xx.o [1]
  .text              ro code  0x08000724    0x4  startup_stm32f4xx.o [1]
  .text              ro code  0x08000728    0x4  startup_stm32f4xx.o [1]
  .text              ro code  0x0800072c    0x4  startup_stm32f4xx.o [1]
  .text              ro code  0x08000730    0x4  startup_stm32f4xx.o [1]
  .text              ro code  0x08000734    0x4  startup_stm32f4xx.o [1]
  .text              ro code  0x08000738    0x4  startup_stm32f4xx.o [1]
  .text              ro code  0x0800073c    0x4  startup_stm32f4xx.o [1]
  .text              ro code  0x08000740    0x4  startup_stm32f4xx.o [1]
  .text              ro code  0x08000744    0x4  startup_stm32f4xx.o [1]
  .text              ro code  0x08000748    0x4  startup_stm32f4xx.o [1]
  .text              ro code  0x0800074c    0x4  startup_stm32f4xx.o [1]
  .text              ro code  0x08000750    0x4  startup_stm32f4xx.o [1]
  .text              ro code  0x08000754    0x4  startup_stm32f4xx.o [1]
  .text              ro code  0x08000758    0x4  startup_stm32f4xx.o [1]
  .text              ro code  0x0800075c    0x4  startup_stm32f4xx.o [1]
  .text              ro code  0x08000760    0x4  startup_stm32f4xx.o [1]
  .text              ro code  0x08000764    0x4  startup_stm32f4xx.o [1]
  .text              ro code  0x08000768    0x4  startup_stm32f4xx.o [1]
  .text              ro code  0x0800076c    0x4  startup_stm32f4xx.o [1]
  .text              ro code  0x08000770    0x4  startup_stm32f4xx.o [1]
  .text              ro code  0x08000774    0x4  startup_stm32f4xx.o [1]
  .text              ro code  0x08000778    0x4  startup_stm32f4xx.o [1]
  .text              ro code  0x0800077c    0x4  startup_stm32f4xx.o [1]
  .text              ro code  0x08000780    0x4  startup_stm32f4xx.o [1]
  .text              ro code  0x08000784    0x4  startup_stm32f4xx.o [1]
  .text              ro code  0x08000788    0x4  startup_stm32f4xx.o [1]
  .text              ro code  0x0800078c    0x4  startup_stm32f4xx.o [1]
  .text              ro code  0x08000790    0x4  startup_stm32f4xx.o [1]
  .text              ro code  0x08000794    0x4  startup_stm32f4xx.o [1]
  .text              ro code  0x08000798    0x4  startup_stm32f4xx.o [1]
  .text              ro code  0x0800079c    0x4  startup_stm32f4xx.o [1]
  .text              ro code  0x080007a0    0x4  startup_stm32f4xx.o [1]
  .text              ro code  0x080007a4    0x4  startup_stm32f4xx.o [1]
  .text              ro code  0x080007a8    0x4  startup_stm32f4xx.o [1]
  .text              ro code  0x080007ac    0x4  startup_stm32f4xx.o [1]
  .text              ro code  0x080007b0    0x4  startup_stm32f4xx.o [1]
  .text              ro code  0x080007b4    0x4  startup_stm32f4xx.o [1]
  .text              ro code  0x080007b8    0x4  startup_stm32f4xx.o [1]
  .text              ro code  0x080007bc    0x4  startup_stm32f4xx.o [1]
  .text              ro code  0x080007c0    0x4  startup_stm32f4xx.o [1]
  .text              ro code  0x080007c4    0x4  startup_stm32f4xx.o [1]
  .text              ro code  0x080007c8    0x4  startup_stm32f4xx.o [1]
  .text              ro code  0x080007cc    0x4  startup_stm32f4xx.o [1]
  .text              ro code  0x080007d0    0x4  startup_stm32f4xx.o [1]
  .text              ro code  0x080007d4    0x4  startup_stm32f4xx.o [1]
  .text              ro code  0x080007d8    0x4  startup_stm32f4xx.o [1]
  .text              ro code  0x080007dc    0x4  startup_stm32f4xx.o [1]
  .text              ro code  0x080007e0    0x4  startup_stm32f4xx.o [1]
  .text              ro code  0x080007e4    0x4  startup_stm32f4xx.o [1]
  .rodata            const    0x080007e8    0x0  copy_init3.o [4]
                            - 0x080007e8  0x660

"P2", part 1 of 2:                         0x28
  P2-1                        0x20000000   0x28  <Init block>
    .data            inited   0x20000000   0x10  stm32f4_discovery.o [1]
    .data            inited   0x20000010   0x14  system_stm32f4xx.o [1]
    .bss             inited   0x20000024    0x4  main.o [1]
                            - 0x20000028   0x28

"P2", part 2 of 2:                        0x400
  CSTACK                      0x20000028  0x400  <Block>
    CSTACK           uninit   0x20000028  0x400  <Block tail>
                            - 0x20000428  0x400


*******************************************************************************
*** INIT TABLE
***

          Address     Size
          -------     ----
Copy (__iar_copy_init3)
    1 source range, total size 0x28:
          0x080005cc  0x28
    1 destination range, total size 0x28:
          0x20000000  0x28



*******************************************************************************
*** MODULE SUMMARY
***

    Module               ro code  ro data  rw data
    ------               -------  -------  -------
D:\Fichier Mathieu\Session 5\SMI\STM32F4-Discovery_FW_V1.1.0\Project\Peripheral_Examples\SysTick\EWARM\SysTick\Obj: [1]
    main.o                   268        4        4
    misc.o                   104
    startup_stm32f4xx.o      772
    stm32f4_discovery.o       96       16       16
    stm32f4xx_gpio.o         120
    stm32f4xx_it.o            20
    stm32f4xx_rcc.o           44
    stm32f4xx_tim.o          152
    system_stm32f4xx.o       224       20       20
    ----------------------------------------------
    Total:                 1 800       40       40

command line: [2]
    ----------------------------------------------
    Total:

dl7M_tln.a: [3]
    exit.o                     4
    low_level_init.o           4
    ----------------------------------------------
    Total:                     8

rt7M_tl.a: [4]
    cexit.o                   10
    cmain.o                   26
    copy_init3.o              44
    cstartup_M.o              12
    data_init.o               40
    ----------------------------------------------
    Total:                   132

shb_l.a: [5]
    exit.o                    20
    ----------------------------------------------
    Total:                    20

    Gaps                       4
    Linker created                     20    1 024
--------------------------------------------------
    Grand Total:           1 964       60    1 064


*******************************************************************************
*** ENTRY LIST
***

Entry                      Address  Size  Type      Object
-----                      -------  ----  ----      ------
.iar.init_table$$Base   0x080005f4         --   Gb  - Linker created -
.iar.init_table$$Limit  0x08000608         --   Gb  - Linker created -
?main                   0x08000609        Code  Gb  cmain.o [4]
AHBPrescTable           0x20000010  0x10  Data  Gb  system_stm32f4xx.o [1]
BusFault_Handler        0x08000653   0x2  Code  Gb  stm32f4xx_it.o [1]
CSTACK$$Base            0x20000028         --   Gb  - Linker created -
CSTACK$$Limit           0x20000428         --   Gb  - Linker created -
DebugMon_Handler        0x08000659   0x2  Code  Gb  stm32f4xx_it.o [1]
GPIO_CLK                0x080002e4  0x10  Data  Gb  stm32f4_discovery.o [1]
GPIO_Init               0x08000421  0x70  Code  Gb  stm32f4xx_gpio.o [1]
GPIO_PIN                0x080002dc   0x8  Data  Gb  stm32f4_discovery.o [1]
GPIO_PORT               0x20000000  0x10  Data  Gb  stm32f4_discovery.o [1]
GPIO_ResetBits          0x08000495   0x4  Code  Gb  stm32f4xx_gpio.o [1]
GPIO_SetBits            0x08000491   0x4  Code  Gb  stm32f4xx_gpio.o [1]
HardFault_Handler       0x0800064f   0x2  Code  Gb  stm32f4xx_it.o [1]
MemManage_Handler       0x08000651   0x2  Code  Gb  stm32f4xx_it.o [1]
NMI_Handler             0x0800064d   0x2  Code  Gb  stm32f4xx_it.o [1]
NVIC_Init               0x080003b9  0x56  Code  Gb  misc.o [1]
PendSV_Handler          0x0800065b   0x2  Code  Gb  stm32f4xx_it.o [1]
RCC_AHB1PeriphClockCmd  0x080002f5  0x12  Code  Gb  stm32f4xx_rcc.o [1]
RCC_APB1PeriphClockCmd  0x08000307  0x12  Code  Gb  stm32f4xx_rcc.o [1]
Region$$Table$$Base     0x080005f4         --   Gb  - Linker created -
Region$$Table$$Limit    0x08000608         --   Gb  - Linker created -
STM_EVAL_LEDInit        0x08000295  0x3a  Code  Gb  stm32f4_discovery.o [1]
SVC_Handler             0x08000657   0x2  Code  Gb  stm32f4xx_it.o [1]
SysTick_Handler         0x0800065d   0x4  Code  Gb  stm32f4xx_it.o [1]
SystemCoreClock         0x20000020   0x4  Data  Gb  system_stm32f4xx.o [1]
SystemInit              0x08000499  0xc4  Code  Gb  system_stm32f4xx.o [1]
TIM_Cmd                 0x08000389  0x14  Code  Gb  stm32f4xx_tim.o [1]
TIM_TimeBaseInit        0x08000321  0x62  Code  Gb  stm32f4xx_tim.o [1]
TimingDelay             0x20000024   0x4  Data  Lc  main.o [1]
TimingDelay_Decrement   0x08000271   0xe  Code  Gb  main.o [1]
UsageFault_Handler      0x08000655   0x2  Code  Gb  stm32f4xx_it.o [1]
__cmain                 0x08000609        Code  Gb  cmain.o [4]
__exit                  0x08000639  0x14  Code  Gb  exit.o [5]
__iar_copy_init3        0x08000579  0x2c  Code  Gb  copy_init3.o [4]
__iar_data_init3        0x080005a5  0x28  Code  Gb  data_init.o [4]
__iar_program_start     0x08000671        Code  Gb  cstartup_M.o [4]
__iar_systems$$module {Abs}
                        0x00000001        Data  Gb  command line/config [2]
__low_level_init        0x08000623   0x4  Code  Gb  low_level_init.o [3]
__vector_table          0x08000000        Data  Gb  startup_stm32f4xx.o [1]
_call_main              0x08000615        Code  Gb  cmain.o [4]
_exit                   0x0800062d        Code  Gb  cexit.o [4]
_main                   0x0800061f        Code  Gb  cmain.o [4]
exit                    0x08000627   0x4  Code  Gb  exit.o [3]
main                    0x08000189  0xe8  Code  Gb  main.o [1]


[1] = D:\Fichier Mathieu\Session 5\SMI\STM32F4-Discovery_FW_V1.1.0\Project\Peripheral_Examples\SysTick\EWARM\SysTick\Obj
[2] = command line
[3] = dl7M_tln.a
[4] = rt7M_tl.a
[5] = shb_l.a

  1 964 bytes of readonly  code memory
     60 bytes of readonly  data memory
  1 064 bytes of readwrite data memory

Errors: none
Warnings: none
