###############################################################################
#
# IAR ELF Linker V8.11.2.13589/W32 for ARM                15/Nov/2017  17:08:48
# Copyright 2007-2017 IAR Systems AB.
#
#    Output file  =  
#        C:\Users\mathieu\Documents\Session
#        5\SMI\STM32F4-Discovery_FW_V1.1.0\Project\Peripheral_Examples\IO_Toggle\EWARM\IO_Toggle\Exe\IO_Toggle.out
#    Map file     =  
#        C:\Users\mathieu\Documents\Session
#        5\SMI\STM32F4-Discovery_FW_V1.1.0\Project\Peripheral_Examples\IO_Toggle\EWARM\IO_Toggle\List\IO_Toggle.map
#    Command line =  
#        -f C:\Users\mathieu\AppData\Local\Temp\EWA3A7.tmp
#        ("C:\Users\mathieu\Documents\Session
#        5\SMI\STM32F4-Discovery_FW_V1.1.0\Project\Peripheral_Examples\IO_Toggle\EWARM\IO_Toggle\Obj\main.o"
#        "C:\Users\mathieu\Documents\Session
#        5\SMI\STM32F4-Discovery_FW_V1.1.0\Project\Peripheral_Examples\IO_Toggle\EWARM\IO_Toggle\Obj\misc.o"
#        "C:\Users\mathieu\Documents\Session
#        5\SMI\STM32F4-Discovery_FW_V1.1.0\Project\Peripheral_Examples\IO_Toggle\EWARM\IO_Toggle\Obj\startup_stm32f4xx.o"
#        "C:\Users\mathieu\Documents\Session
#        5\SMI\STM32F4-Discovery_FW_V1.1.0\Project\Peripheral_Examples\IO_Toggle\EWARM\IO_Toggle\Obj\stm32f4_discovery.o"
#        "C:\Users\mathieu\Documents\Session
#        5\SMI\STM32F4-Discovery_FW_V1.1.0\Project\Peripheral_Examples\IO_Toggle\EWARM\IO_Toggle\Obj\stm32f4xx_gpio.o"
#        "C:\Users\mathieu\Documents\Session
#        5\SMI\STM32F4-Discovery_FW_V1.1.0\Project\Peripheral_Examples\IO_Toggle\EWARM\IO_Toggle\Obj\stm32f4xx_it.o"
#        "C:\Users\mathieu\Documents\Session
#        5\SMI\STM32F4-Discovery_FW_V1.1.0\Project\Peripheral_Examples\IO_Toggle\EWARM\IO_Toggle\Obj\stm32f4xx_rcc.o"
#        "C:\Users\mathieu\Documents\Session
#        5\SMI\STM32F4-Discovery_FW_V1.1.0\Project\Peripheral_Examples\IO_Toggle\EWARM\IO_Toggle\Obj\system_stm32f4xx.o"
#        "C:\Users\mathieu\Documents\Session
#        5\SMI\STM32F4-Discovery_FW_V1.1.0\Project\Peripheral_Examples\IO_Toggle\EWARM\IO_Toggle\Obj\tm_stm32f4_delay.o"
#        "C:\Users\mathieu\Documents\Session
#        5\SMI\STM32F4-Discovery_FW_V1.1.0\Project\Peripheral_Examples\IO_Toggle\EWARM\IO_Toggle\Obj\tm_stm32f4_gpio.o"
#        "C:\Users\mathieu\Documents\Session
#        5\SMI\STM32F4-Discovery_FW_V1.1.0\Project\Peripheral_Examples\IO_Toggle\EWARM\IO_Toggle\Obj\tm_stm32f4_hd44780.o"
#        "C:\Users\mathieu\Documents\Session
#        5\SMI\STM32F4-Discovery_FW_V1.1.0\Project\Peripheral_Examples\IO_Toggle\EWARM\IO_Toggle\Obj\tm_stm32f4_timer_properties.o"
#        --redirect _Printf=_PrintfSmallNoMb --redirect _Scanf=_ScanfSmallNoMb
#        -o "C:\Users\mathieu\Documents\Session
#        5\SMI\STM32F4-Discovery_FW_V1.1.0\Project\Peripheral_Examples\IO_Toggle\EWARM\IO_Toggle\Exe\IO_Toggle.out"
#        --map "C:\Users\mathieu\Documents\Session
#        5\SMI\STM32F4-Discovery_FW_V1.1.0\Project\Peripheral_Examples\IO_Toggle\EWARM\IO_Toggle\List\IO_Toggle.map"
#        --config "C:\Users\mathieu\Documents\Session
#        5\SMI\STM32F4-Discovery_FW_V1.1.0\Project\Peripheral_Examples\IO_Toggle\EWARM\stm32f4xx_flash.icf"
#        --semihosting --entry __iar_program_start --vfe --text_out locale)
#
###############################################################################

*******************************************************************************
*** RUNTIME MODEL ATTRIBUTES
***

CppFlavor       = *
__Heap_Handler  = Basic
__SystemLibrary = DLib
__dlib_version  = 6


*******************************************************************************
*** HEAP SELECTION
***

The basic heap was selected because some modules are built with
size limitations (and not runtime checking), and --advanced_heap
was not specified.


*******************************************************************************
*** PLACEMENT SUMMARY
***

"A0":  place at 0x08000000 { ro section .intvec };
"P1":  place in [from 0x08000000 to 0x080fffff] { ro };
define block CSTACK with size = 1K, alignment = 8 { };
define block HEAP with size = 512, alignment = 8 { };
"P2":  place in [from 0x20000000 to 0x20020000] {
          rw, block CSTACK, block HEAP };
initialize by copy { rw };

  Section            Kind        Address   Size  Object
  -------            ----        -------   ----  ------
"A0":                                     0x188
  .intvec            ro code  0x08000000  0x188  startup_stm32f4xx.o [1]
                            - 0x08000188  0x188

"P1":                                     0xaec
  .text              ro code  0x08000188  0x25c  tm_stm32f4_hd44780.o [1]
  .text              ro code  0x080003e4   0xb4  tm_stm32f4_delay.o [1]
  .text              ro code  0x08000498   0xf0  tm_stm32f4_gpio.o [1]
  .text              ro code  0x08000588  0x238  main.o [1]
  .text              ro code  0x080007c0   0xe0  system_stm32f4xx.o [1]
  .text              ro code  0x080008a0   0x18  stm32f4xx_rcc.o [1]
  .text              ro code  0x080008b8   0x82  stm32f4xx_gpio.o [1]
  .text              ro code  0x0800093c    0x6  ABImemclr.o [5]
  .text              ro code  0x08000944   0x5e  ABImemset.o [5]
  .text              ro code  0x080009a2   0x38  packbits_init_single.o [5]
  .text              ro code  0x080009dc   0x28  data_init.o [5]
  .iar.init_table    const    0x08000a04   0x10  - Linker created -
  .rodata            const    0x08000a14   0x20  main.o [1]
  .text              ro code  0x08000a34   0x1a  cmain.o [5]
  .text              ro code  0x08000a4e    0x4  low_level_init.o [3]
  .text              ro code  0x08000a52    0x4  exit.o [3]
  .text              ro code  0x08000a58    0xa  cexit.o [5]
  .text              ro code  0x08000a64   0x14  exit.o [6]
  .text              ro code  0x08000a78   0x10  startup_stm32f4xx.o [1]
  .text              ro code  0x08000a88   0x10  stm32f4xx_it.o [1]
  .text              ro code  0x08000a98    0xc  cstartup_M.o [5]
  .text              ro code  0x08000aa4    0x4  startup_stm32f4xx.o [1]
  .text              ro code  0x08000aa8    0x4  startup_stm32f4xx.o [1]
  .text              ro code  0x08000aac    0x4  startup_stm32f4xx.o [1]
  .text              ro code  0x08000ab0    0x4  startup_stm32f4xx.o [1]
  .text              ro code  0x08000ab4    0x4  startup_stm32f4xx.o [1]
  .text              ro code  0x08000ab8    0x4  startup_stm32f4xx.o [1]
  .text              ro code  0x08000abc    0x4  startup_stm32f4xx.o [1]
  .text              ro code  0x08000ac0    0x4  startup_stm32f4xx.o [1]
  .text              ro code  0x08000ac4    0x4  startup_stm32f4xx.o [1]
  .text              ro code  0x08000ac8    0x4  startup_stm32f4xx.o [1]
  .text              ro code  0x08000acc    0x4  startup_stm32f4xx.o [1]
  .text              ro code  0x08000ad0    0x4  startup_stm32f4xx.o [1]
  .text              ro code  0x08000ad4    0x4  startup_stm32f4xx.o [1]
  .text              ro code  0x08000ad8    0x4  startup_stm32f4xx.o [1]
  .text              ro code  0x08000adc    0x4  startup_stm32f4xx.o [1]
  .text              ro code  0x08000ae0    0x4  startup_stm32f4xx.o [1]
  .text              ro code  0x08000ae4    0x4  startup_stm32f4xx.o [1]
  .text              ro code  0x08000ae8    0x4  startup_stm32f4xx.o [1]
  .text              ro code  0x08000aec    0x4  startup_stm32f4xx.o [1]
  .text              ro code  0x08000af0    0x4  startup_stm32f4xx.o [1]
  .text              ro code  0x08000af4    0x4  startup_stm32f4xx.o [1]
  .text              ro code  0x08000af8    0x4  startup_stm32f4xx.o [1]
  .text              ro code  0x08000afc    0x4  startup_stm32f4xx.o [1]
  .text              ro code  0x08000b00    0x4  startup_stm32f4xx.o [1]
  .text              ro code  0x08000b04    0x4  startup_stm32f4xx.o [1]
  .text              ro code  0x08000b08    0x4  startup_stm32f4xx.o [1]
  .text              ro code  0x08000b0c    0x4  startup_stm32f4xx.o [1]
  .text              ro code  0x08000b10    0x4  startup_stm32f4xx.o [1]
  .text              ro code  0x08000b14    0x4  startup_stm32f4xx.o [1]
  .text              ro code  0x08000b18    0x4  startup_stm32f4xx.o [1]
  .text              ro code  0x08000b1c    0x4  startup_stm32f4xx.o [1]
  .text              ro code  0x08000b20    0x4  startup_stm32f4xx.o [1]
  .text              ro code  0x08000b24    0x4  startup_stm32f4xx.o [1]
  .text              ro code  0x08000b28    0x4  startup_stm32f4xx.o [1]
  .text              ro code  0x08000b2c    0x4  startup_stm32f4xx.o [1]
  .text              ro code  0x08000b30    0x4  startup_stm32f4xx.o [1]
  .text              ro code  0x08000b34    0x4  startup_stm32f4xx.o [1]
  .text              ro code  0x08000b38    0x4  startup_stm32f4xx.o [1]
  .text              ro code  0x08000b3c    0x4  startup_stm32f4xx.o [1]
  .text              ro code  0x08000b40    0x4  startup_stm32f4xx.o [1]
  .text              ro code  0x08000b44    0x4  startup_stm32f4xx.o [1]
  .text              ro code  0x08000b48    0x4  startup_stm32f4xx.o [1]
  .text              ro code  0x08000b4c    0x4  startup_stm32f4xx.o [1]
  .text              ro code  0x08000b50    0x4  startup_stm32f4xx.o [1]
  .text              ro code  0x08000b54    0x4  startup_stm32f4xx.o [1]
  .text              ro code  0x08000b58    0x4  startup_stm32f4xx.o [1]
  .text              ro code  0x08000b5c    0x4  startup_stm32f4xx.o [1]
  .text              ro code  0x08000b60    0x4  startup_stm32f4xx.o [1]
  .text              ro code  0x08000b64    0x4  startup_stm32f4xx.o [1]
  .text              ro code  0x08000b68    0x4  startup_stm32f4xx.o [1]
  .text              ro code  0x08000b6c    0x4  startup_stm32f4xx.o [1]
  .text              ro code  0x08000b70    0x4  startup_stm32f4xx.o [1]
  .text              ro code  0x08000b74    0x4  startup_stm32f4xx.o [1]
  .text              ro code  0x08000b78    0x4  startup_stm32f4xx.o [1]
  .text              ro code  0x08000b7c    0x4  startup_stm32f4xx.o [1]
  .text              ro code  0x08000b80    0x4  startup_stm32f4xx.o [1]
  .text              ro code  0x08000b84    0x4  startup_stm32f4xx.o [1]
  .text              ro code  0x08000b88    0x4  startup_stm32f4xx.o [1]
  .text              ro code  0x08000b8c    0x4  startup_stm32f4xx.o [1]
  .text              ro code  0x08000b90    0x4  startup_stm32f4xx.o [1]
  .text              ro code  0x08000b94    0x4  startup_stm32f4xx.o [1]
  .text              ro code  0x08000b98    0x4  startup_stm32f4xx.o [1]
  .text              ro code  0x08000b9c    0x4  startup_stm32f4xx.o [1]
  .text              ro code  0x08000ba0    0x4  startup_stm32f4xx.o [1]
  .text              ro code  0x08000ba4    0x4  startup_stm32f4xx.o [1]
  .text              ro code  0x08000ba8    0x4  startup_stm32f4xx.o [1]
  .text              ro code  0x08000bac    0x4  startup_stm32f4xx.o [1]
  .text              ro code  0x08000bb0    0x4  startup_stm32f4xx.o [1]
  .text              ro code  0x08000bb4    0x4  startup_stm32f4xx.o [1]
  .text              ro code  0x08000bb8    0x4  startup_stm32f4xx.o [1]
  .text              ro code  0x08000bbc    0x4  startup_stm32f4xx.o [1]
  .text              ro code  0x08000bc0    0x4  startup_stm32f4xx.o [1]
  .text              ro code  0x08000bc4    0x4  startup_stm32f4xx.o [1]
  .text              ro code  0x08000bc8    0x4  startup_stm32f4xx.o [1]
  .text              ro code  0x08000bcc    0x4  startup_stm32f4xx.o [1]
  .text              ro code  0x08000bd0    0x4  startup_stm32f4xx.o [1]
  .text              ro code  0x08000bd4    0x4  startup_stm32f4xx.o [1]
  .text              ro code  0x08000bd8    0x4  startup_stm32f4xx.o [1]
  .text              ro code  0x08000bdc    0x4  startup_stm32f4xx.o [1]
  .text              ro code  0x08000be0    0x4  startup_stm32f4xx.o [1]
  .text              ro code  0x08000be4    0x4  startup_stm32f4xx.o [1]
  .text              ro code  0x08000be8    0x4  startup_stm32f4xx.o [1]
  .text              ro code  0x08000bec    0x4  startup_stm32f4xx.o [1]
  .text              ro code  0x08000bf0    0x4  startup_stm32f4xx.o [1]
  .text              ro code  0x08000bf4    0x4  startup_stm32f4xx.o [1]
  .text              ro code  0x08000bf8    0x4  startup_stm32f4xx.o [1]
  .text              ro code  0x08000bfc    0x4  startup_stm32f4xx.o [1]
  .text              ro code  0x08000c00    0x4  startup_stm32f4xx.o [1]
  .text              ro code  0x08000c04    0x4  startup_stm32f4xx.o [1]
  .text              ro code  0x08000c08    0x4  startup_stm32f4xx.o [1]
  .text              ro code  0x08000c0c    0x4  startup_stm32f4xx.o [1]
  .rodata            const    0x08000c10    0x0  packbits_init_single.o [5]
  Initializer bytes  const    0x08000c10   0x64  <for P2-1>
                            - 0x08000c74  0xaec

"P2", part 1 of 2:                        0x100
  P2-1                        0x20000000  0x100  <Init block>
    .data            inited   0x20000000   0x18  main.o [1]
    .data            inited   0x20000018    0x8  main.o [1]
    .data            inited   0x20000020   0x84  main.o [1]
    .data            inited   0x200000a4   0x14  system_stm32f4xx.o [1]
    .bss             inited   0x200000b8   0x20  tm_stm32f4_delay.o [1]
    .bss             inited   0x200000d8    0x8  tm_stm32f4_delay.o [1]
    .bss             inited   0x200000e0   0x18  tm_stm32f4_gpio.o [1]
    .bss             inited   0x200000f8    0x8  tm_stm32f4_hd44780.o [1]
                            - 0x20000100  0x100

"P2", part 2 of 2:                        0x400
  CSTACK                      0x20000100  0x400  <Block>
    CSTACK           uninit   0x20000100  0x400  <Block tail>
                            - 0x20000500  0x400


*******************************************************************************
*** INIT TABLE
***

          Address     Size
          -------     ----
Copy/packbits (__iar_packbits_init_single3)
    1 source range, total size 0x64 (39% of destination):
          0x08000c10   0x64
    1 destination range, total size 0x100:
          0x20000000  0x100



*******************************************************************************
*** MODULE SUMMARY
***

    Module                  ro code  ro data  rw data
    ------                  -------  -------  -------
C:\Users\mathieu\Documents\Session 5\SMI\STM32F4-Discovery_FW_V1.1.0\Project\Peripheral_Examples\IO_Toggle\EWARM\IO_Toggle\Obj: [1]
    main.o                      568       96      164
    startup_stm32f4xx.o         772
    stm32f4xx_gpio.o            130
    stm32f4xx_it.o               16
    stm32f4xx_rcc.o              24
    system_stm32f4xx.o          224        7       20
    tm_stm32f4_delay.o          180       16       40
    tm_stm32f4_gpio.o           240        9       24
    tm_stm32f4_hd44780.o        604        4        8
    -------------------------------------------------
    Total:                    2 758      132      256

command line: [2]
    -------------------------------------------------
    Total:

dl7M_tln.a: [3]
    exit.o                        4
    low_level_init.o              4
    -------------------------------------------------
    Total:                        8

m7M_tl.a: [4]
    -------------------------------------------------
    Total:

rt7M_tl.a: [5]
    ABImemclr.o                   6
    ABImemset.o                  94
    cexit.o                      10
    cmain.o                      26
    cstartup_M.o                 12
    data_init.o                  40
    packbits_init_single.o       56
    -------------------------------------------------
    Total:                      244

shb_l.a: [6]
    exit.o                       20
    -------------------------------------------------
    Total:                       20

    Gaps                         10
    Linker created                        16    1 024
-----------------------------------------------------
    Grand Total:              3 040      148    1 280


*******************************************************************************
*** ENTRY LIST
***

Entry                      Address   Size  Type      Object
-----                      -------   ----  ----      ------
.iar.init_table$$Base   0x08000a04          --   Gb  - Linker created -
.iar.init_table$$Limit  0x08000a14          --   Gb  - Linker created -
?main                   0x08000a35         Code  Gb  cmain.o [5]
AHBPrescTable           0x200000a4   0x10  Data  Gb  system_stm32f4xx.o [1]
BusFault_Handler        0x08000a8f    0x2  Code  Gb  stm32f4xx_it.o [1]
CSTACK$$Base            0x20000100          --   Gb  - Linker created -
CSTACK$$Limit           0x20000500          --   Gb  - Linker created -
CustomTimers            0x200000b8   0x18  Data  Lc  tm_stm32f4_delay.o [1]
DebugMon_Handler        0x08000a95    0x2  Code  Gb  stm32f4xx_it.o [1]
Delay                   0x08000189   0x10  Code  Lc  tm_stm32f4_hd44780.o [1]
Delayms                 0x08000589   0x2c  Code  Lc  main.o [1]
GPIO_Init               0x080008b9   0x70  Code  Gb  stm32f4xx_gpio.o [1]
GPIO_PORT_IN_COLONNE    0x20000018    0x8  Data  Gb  main.o [1]
GPIO_PORT_OUT_LIGNE     0x20000010    0x8  Data  Gb  main.o [1]
GPIO_ReadInputDataBit   0x08000929    0xe  Code  Gb  stm32f4xx_gpio.o [1]
GPIO_ResetBits          0x08000937    0x4  Code  Gb  stm32f4xx_gpio.o [1]
GPIO_UsedPins           0x200000e0   0x18  Data  Lc  tm_stm32f4_gpio.o [1]
GPIO_colonne            0x20000000    0x8  Data  Gb  main.o [1]
GPIO_ligne              0x20000008    0x8  Data  Gb  main.o [1]
HD44780_Opts            0x200000f8    0x8  Data  Lc  tm_stm32f4_hd44780.o [1]
HardFault_Handler       0x08000a8b    0x2  Code  Gb  stm32f4xx_it.o [1]
MemManage_Handler       0x08000a8d    0x2  Code  Gb  stm32f4xx_it.o [1]
NMI_Handler             0x08000a89    0x2  Code  Gb  stm32f4xx_it.o [1]
PendSV_Handler          0x08000a97    0x2  Code  Gb  stm32f4xx_it.o [1]
RCC_AHB1PeriphClockCmd  0x080008a1   0x12  Code  Gb  stm32f4xx_rcc.o [1]
Region$$Table$$Base     0x08000a04          --   Gb  - Linker created -
Region$$Table$$Limit    0x08000a14          --   Gb  - Linker created -
SVC_Handler             0x08000a93    0x2  Code  Gb  stm32f4xx_it.o [1]
SysTick_Handler         0x080003e5   0x5c  Code  Gb  tm_stm32f4_delay.o [1]
SystemCoreClock         0x200000b4    0x4  Data  Gb  system_stm32f4xx.o [1]
SystemInit              0x080007c1   0xc4  Code  Gb  system_stm32f4xx.o [1]
TM_DELAY_Init           0x08000441   0x40  Code  Gb  tm_stm32f4_delay.o [1]
TM_DELAY_Initialized    0x200000d8    0x1  Data  Gb  tm_stm32f4_delay.o [1]
TM_GPIO_INT_EnableClock
                        0x080004c5    0xc  Code  Gb  tm_stm32f4_gpio.o [1]
TM_GPIO_INT_Init        0x080004e3   0x9a  Code  Gb  tm_stm32f4_gpio.o [1]
TM_GPIO_Init            0x08000499   0x2c  Code  Gb  tm_stm32f4_gpio.o [1]
TM_HD44780_Clear        0x080002b1   0x12  Code  Gb  tm_stm32f4_hd44780.o [1]
TM_HD44780_Cmd          0x0800032b    0x8  Code  Lc  tm_stm32f4_hd44780.o [1]
TM_HD44780_Cmd4bit      0x0800034b   0x4c  Code  Lc  tm_stm32f4_hd44780.o [1]
TM_HD44780_CursorSet    0x08000397   0x2a  Code  Lc  tm_stm32f4_hd44780.o [1]
TM_HD44780_Data         0x08000333    0x6  Code  Lc  tm_stm32f4_hd44780.o [1]
TM_HD44780_DisplayOn    0x08000319    0xa  Code  Gb  tm_stm32f4_hd44780.o [1]
TM_HD44780_Init         0x08000199  0x106  Code  Gb  tm_stm32f4_hd44780.o [1]
TM_HD44780_Puts         0x080002c3   0x56  Code  Gb  tm_stm32f4_hd44780.o [1]
TM_Time                 0x200000d0    0x4  Data  Gb  tm_stm32f4_delay.o [1]
TM_Time2                0x200000d4    0x4  Data  Gb  tm_stm32f4_delay.o [1]
UsageFault_Handler      0x08000a91    0x2  Code  Gb  stm32f4xx_it.o [1]
__aeabi_memclr          0x0800093d         Code  Gb  ABImemclr.o [5]
__cmain                 0x08000a35         Code  Gb  cmain.o [5]
__exit                  0x08000a65   0x14  Code  Gb  exit.o [6]
__iar_Memset_word       0x08000945         Code  Gb  ABImemset.o [5]
__iar_data_init3        0x080009dd   0x28  Code  Gb  data_init.o [5]
__iar_packbits_init_single3
                        0x080009a3   0x38  Code  Gb  packbits_init_single.o [5]
__iar_program_start     0x08000a99         Code  Gb  cstartup_M.o [5]
__iar_systems$$module {Abs}
                        0x00000001         Data  Gb  command line/config [2]
__low_level_init        0x08000a4f    0x4  Code  Gb  low_level_init.o [3]
__vector_table          0x08000000         Data  Gb  startup_stm32f4xx.o [1]
_call_main              0x08000a41         Code  Gb  cmain.o [5]
_exit                   0x08000a59         Code  Gb  cexit.o [5]
_main                   0x08000a4b         Code  Gb  cmain.o [5]
activer_ligne           0x08000731   0x3c  Code  Gb  main.o [1]
afficher_char           0x080006b3   0x66  Code  Gb  main.o [1]
desactiver_ligne        0x0800076d   0x2a  Code  Gb  main.o [1]
exit                    0x08000a53    0x4  Code  Gb  exit.o [3]
initialiser_clavier     0x08000601   0x52  Code  Gb  main.o [1]
lire_colonne            0x08000719   0x18  Code  Gb  main.o [1]
main                    0x080005b5   0x4c  Code  Gb  main.o [1]
mult                    0x200000dc    0x4  Data  Gb  tm_stm32f4_delay.o [1]
position_touche         0x200000a0    0x4  Data  Gb  main.o [1]
reinitialiser_tableau_clavier
                        0x08000653   0x1c  Code  Gb  main.o [1]
scanner_clavier         0x0800066f   0x44  Code  Gb  main.o [1]
tableau_clavier         0x20000060   0x40  Data  Gb  main.o [1]
tableau_string_ecriture
                        0x20000020   0x40  Data  Gb  main.o [1]


[1] = C:\Users\mathieu\Documents\Session 5\SMI\STM32F4-Discovery_FW_V1.1.0\Project\Peripheral_Examples\IO_Toggle\EWARM\IO_Toggle\Obj
[2] = command line
[3] = dl7M_tln.a
[4] = m7M_tl.a
[5] = rt7M_tl.a
[6] = shb_l.a

  3 040 bytes of readonly  code memory
    148 bytes of readonly  data memory
  1 280 bytes of readwrite data memory

Errors: none
Warnings: none
