###############################################################################
#
# IAR ELF Linker V8.11.2.13589/W32 for ARM                15/Nov/2017  15:02:37
# Copyright 2007-2017 IAR Systems AB.
#
#    Output file  =  
#        C:\Users\mathieu\Documents\Session
#        5\SMI\STM32F4-Discovery_FW_V1.1.0\Project\Demonstration\EWARM\Demo\Exe\STM32F4-Discovery_Demo.out
#    Map file     =  
#        C:\Users\mathieu\Documents\Session
#        5\SMI\STM32F4-Discovery_FW_V1.1.0\Project\Demonstration\EWARM\Demo\List\STM32F4-Discovery_Demo.map
#    Command line =  
#        -f C:\Users\mathieu\AppData\Local\Temp\EW19C2.tmp
#        ("C:\Users\mathieu\Documents\Session
#        5\SMI\STM32F4-Discovery_FW_V1.1.0\Project\Demonstration\EWARM\Demo\Obj\fichier.o"
#        "C:\Users\mathieu\Documents\Session
#        5\SMI\STM32F4-Discovery_FW_V1.1.0\Project\Demonstration\EWARM\Demo\Obj\main.o"
#        "C:\Users\mathieu\Documents\Session
#        5\SMI\STM32F4-Discovery_FW_V1.1.0\Project\Demonstration\EWARM\Demo\Obj\misc.o"
#        "C:\Users\mathieu\Documents\Session
#        5\SMI\STM32F4-Discovery_FW_V1.1.0\Project\Demonstration\EWARM\Demo\Obj\startup_stm32f4xx.o"
#        "C:\Users\mathieu\Documents\Session
#        5\SMI\STM32F4-Discovery_FW_V1.1.0\Project\Demonstration\EWARM\Demo\Obj\stm32f4_discovery.o"
#        "C:\Users\mathieu\Documents\Session
#        5\SMI\STM32F4-Discovery_FW_V1.1.0\Project\Demonstration\EWARM\Demo\Obj\stm32f4xx_adc.o"
#        "C:\Users\mathieu\Documents\Session
#        5\SMI\STM32F4-Discovery_FW_V1.1.0\Project\Demonstration\EWARM\Demo\Obj\stm32f4xx_dac.o"
#        "C:\Users\mathieu\Documents\Session
#        5\SMI\STM32F4-Discovery_FW_V1.1.0\Project\Demonstration\EWARM\Demo\Obj\stm32f4xx_dma.o"
#        "C:\Users\mathieu\Documents\Session
#        5\SMI\STM32F4-Discovery_FW_V1.1.0\Project\Demonstration\EWARM\Demo\Obj\stm32f4xx_exti.o"
#        "C:\Users\mathieu\Documents\Session
#        5\SMI\STM32F4-Discovery_FW_V1.1.0\Project\Demonstration\EWARM\Demo\Obj\stm32f4xx_flash.o"
#        "C:\Users\mathieu\Documents\Session
#        5\SMI\STM32F4-Discovery_FW_V1.1.0\Project\Demonstration\EWARM\Demo\Obj\stm32f4xx_gpio.o"
#        "C:\Users\mathieu\Documents\Session
#        5\SMI\STM32F4-Discovery_FW_V1.1.0\Project\Demonstration\EWARM\Demo\Obj\stm32f4xx_i2c.o"
#        "C:\Users\mathieu\Documents\Session
#        5\SMI\STM32F4-Discovery_FW_V1.1.0\Project\Demonstration\EWARM\Demo\Obj\stm32f4xx_it.o"
#        "C:\Users\mathieu\Documents\Session
#        5\SMI\STM32F4-Discovery_FW_V1.1.0\Project\Demonstration\EWARM\Demo\Obj\stm32f4xx_rcc.o"
#        "C:\Users\mathieu\Documents\Session
#        5\SMI\STM32F4-Discovery_FW_V1.1.0\Project\Demonstration\EWARM\Demo\Obj\stm32f4xx_spi.o"
#        "C:\Users\mathieu\Documents\Session
#        5\SMI\STM32F4-Discovery_FW_V1.1.0\Project\Demonstration\EWARM\Demo\Obj\stm32f4xx_syscfg.o"
#        "C:\Users\mathieu\Documents\Session
#        5\SMI\STM32F4-Discovery_FW_V1.1.0\Project\Demonstration\EWARM\Demo\Obj\stm32f4xx_tim.o"
#        "C:\Users\mathieu\Documents\Session
#        5\SMI\STM32F4-Discovery_FW_V1.1.0\Project\Demonstration\EWARM\Demo\Obj\system_stm32f4xx.o"
#        "C:\Users\mathieu\Documents\Session
#        5\SMI\STM32F4-Discovery_FW_V1.1.0\Project\Demonstration\EWARM\Demo\Obj\tm_stm32f4_delay.o"
#        "C:\Users\mathieu\Documents\Session
#        5\SMI\STM32F4-Discovery_FW_V1.1.0\Project\Demonstration\EWARM\Demo\Obj\tm_stm32f4_gpio.o"
#        "C:\Users\mathieu\Documents\Session
#        5\SMI\STM32F4-Discovery_FW_V1.1.0\Project\Demonstration\EWARM\Demo\Obj\tm_stm32f4_spi.o"
#        "C:\Users\mathieu\Documents\Session
#        5\SMI\STM32F4-Discovery_FW_V1.1.0\Project\Demonstration\EWARM\Demo\Obj\usbd_core.o"
#        "C:\Users\mathieu\Documents\Session
#        5\SMI\STM32F4-Discovery_FW_V1.1.0\Project\Demonstration\EWARM\Demo\Obj\usbd_hid_core.o"
#        "C:\Users\mathieu\Documents\Session
#        5\SMI\STM32F4-Discovery_FW_V1.1.0\Project\Demonstration\EWARM\Demo\Obj\usbd_ioreq.o"
#        "C:\Users\mathieu\Documents\Session
#        5\SMI\STM32F4-Discovery_FW_V1.1.0\Project\Demonstration\EWARM\Demo\Obj\usbd_req.o"
#        --redirect _Printf=_PrintfFull --redirect _Scanf=_ScanfFull -o
#        "C:\Users\mathieu\Documents\Session
#        5\SMI\STM32F4-Discovery_FW_V1.1.0\Project\Demonstration\EWARM\Demo\Exe\STM32F4-Discovery_Demo.out"
#        --map "C:\Users\mathieu\Documents\Session
#        5\SMI\STM32F4-Discovery_FW_V1.1.0\Project\Demonstration\EWARM\Demo\List\STM32F4-Discovery_Demo.map"
#        --config "C:\Users\mathieu\Documents\Session
#        5\SMI\STM32F4-Discovery_FW_V1.1.0\Project\Demonstration\EWARM\stm32f40x_flash.icf"
#        --semihosting --entry __iar_program_start --vfe --text_out locale)
#
###############################################################################

*******************************************************************************
*** RUNTIME MODEL ATTRIBUTES
***

CppFlavor       = *
__Heap_Handler  = Basic
__SystemLibrary = DLib
__dlib_version  = 6


*******************************************************************************
*** HEAP SELECTION
***

The basic heap was selected because some modules are built with
size limitations (and not runtime checking), and --advanced_heap
was not specified.


*******************************************************************************
*** PLACEMENT SUMMARY
***

"A0":  place at 0x08000000 { ro section .intvec };
"P1":  place in [from 0x08000000 to 0x080fffff] { ro };
define block CSTACK with size = 1K, alignment = 8 { };
define block HEAP with size = 512, alignment = 8 { };
"P2":  place in [from 0x20000000 to 0x20020000] {
          rw, block CSTACK, block HEAP };
initialize by copy { rw };

  Section            Kind        Address   Size  Object
  -------            ----        -------   ----  ------
"A0":                                     0x188
  .intvec            ro code  0x08000000  0x188  startup_stm32f4xx.o [1]
                            - 0x08000188  0x188

"P1":                                     0xf63
  .text              ro code  0x08000188  0x2fa  tm_stm32f4_spi.o [1]
  .text              ro code  0x08000484   0x64  stm32f4xx_spi.o [1]
  .text              ro code  0x080004e8  0x194  tm_stm32f4_gpio.o [1]
  .text              ro code  0x0800067c  0x29c  fichier.o [1]
  .text              ro code  0x08000918  0x12c  heap0.o [3]
  .text              ro code  0x08000a44   0xb0  stm32f4xx_gpio.o [1]
  .text              ro code  0x08000af4   0x24  stm32f4xx_rcc.o [1]
  .text              ro code  0x08000b18   0x2c  xgetmemchunk.o [3]
  .text              ro code  0x08000b44  0x170  system_stm32f4xx.o [1]
  .text              ro code  0x08000cb4   0xec  tm_stm32f4_delay.o [1]
  .text              ro code  0x08000da0   0x86  ABImemcpy.o [5]
  .text              ro code  0x08000e28   0x38  main.o [1]
  .text              ro code  0x08000e60   0x38  packbits_init_single.o [5]
  .text              ro code  0x08000e98   0x28  data_init.o [5]
  .text              ro code  0x08000ec0   0x22  fpinit_M.o [4]
  .iar.init_table    const    0x08000ee4   0x10  - Linker created -
  .text              ro code  0x08000ef4   0x1a  cmain.o [5]
  .text              ro code  0x08000f0e    0x4  low_level_init.o [3]
  .text              ro code  0x08000f12    0x4  exit.o [3]
  .text              ro code  0x08000f18    0xa  cexit.o [5]
  .text              ro code  0x08000f24   0x14  exit.o [6]
  .rodata            const    0x08000f38   0x10  main.o [1]
  .text              ro code  0x08000f48   0x10  startup_stm32f4xx.o [1]
  .text              ro code  0x08000f58   0x10  stm32f4xx_it.o [1]
  .text              ro code  0x08000f68    0xc  cstartup_M.o [5]
  .rodata            const    0x08000f74    0x4  fichier.o [1]
  .text              ro code  0x08000f78    0x4  startup_stm32f4xx.o [1]
  .text              ro code  0x08000f7c    0x4  startup_stm32f4xx.o [1]
  .text              ro code  0x08000f80    0x4  startup_stm32f4xx.o [1]
  .text              ro code  0x08000f84    0x4  startup_stm32f4xx.o [1]
  .text              ro code  0x08000f88    0x4  startup_stm32f4xx.o [1]
  .text              ro code  0x08000f8c    0x4  startup_stm32f4xx.o [1]
  .text              ro code  0x08000f90    0x4  startup_stm32f4xx.o [1]
  .text              ro code  0x08000f94    0x4  startup_stm32f4xx.o [1]
  .text              ro code  0x08000f98    0x4  startup_stm32f4xx.o [1]
  .text              ro code  0x08000f9c    0x4  startup_stm32f4xx.o [1]
  .text              ro code  0x08000fa0    0x4  startup_stm32f4xx.o [1]
  .text              ro code  0x08000fa4    0x4  startup_stm32f4xx.o [1]
  .text              ro code  0x08000fa8    0x4  startup_stm32f4xx.o [1]
  .text              ro code  0x08000fac    0x4  startup_stm32f4xx.o [1]
  .text              ro code  0x08000fb0    0x4  startup_stm32f4xx.o [1]
  .text              ro code  0x08000fb4    0x4  startup_stm32f4xx.o [1]
  .text              ro code  0x08000fb8    0x4  startup_stm32f4xx.o [1]
  .text              ro code  0x08000fbc    0x4  startup_stm32f4xx.o [1]
  .text              ro code  0x08000fc0    0x4  startup_stm32f4xx.o [1]
  .text              ro code  0x08000fc4    0x4  startup_stm32f4xx.o [1]
  .text              ro code  0x08000fc8    0x4  startup_stm32f4xx.o [1]
  .text              ro code  0x08000fcc    0x4  startup_stm32f4xx.o [1]
  .text              ro code  0x08000fd0    0x4  startup_stm32f4xx.o [1]
  .text              ro code  0x08000fd4    0x4  startup_stm32f4xx.o [1]
  .text              ro code  0x08000fd8    0x4  startup_stm32f4xx.o [1]
  .text              ro code  0x08000fdc    0x4  startup_stm32f4xx.o [1]
  .text              ro code  0x08000fe0    0x4  startup_stm32f4xx.o [1]
  .text              ro code  0x08000fe4    0x4  startup_stm32f4xx.o [1]
  .text              ro code  0x08000fe8    0x4  startup_stm32f4xx.o [1]
  .text              ro code  0x08000fec    0x4  startup_stm32f4xx.o [1]
  .text              ro code  0x08000ff0    0x4  startup_stm32f4xx.o [1]
  .text              ro code  0x08000ff4    0x4  startup_stm32f4xx.o [1]
  .text              ro code  0x08000ff8    0x4  startup_stm32f4xx.o [1]
  .text              ro code  0x08000ffc    0x4  startup_stm32f4xx.o [1]
  .text              ro code  0x08001000    0x4  startup_stm32f4xx.o [1]
  .text              ro code  0x08001004    0x4  startup_stm32f4xx.o [1]
  .text              ro code  0x08001008    0x4  startup_stm32f4xx.o [1]
  .text              ro code  0x0800100c    0x4  startup_stm32f4xx.o [1]
  .text              ro code  0x08001010    0x4  startup_stm32f4xx.o [1]
  .text              ro code  0x08001014    0x4  startup_stm32f4xx.o [1]
  .text              ro code  0x08001018    0x4  startup_stm32f4xx.o [1]
  .text              ro code  0x0800101c    0x4  startup_stm32f4xx.o [1]
  .text              ro code  0x08001020    0x4  startup_stm32f4xx.o [1]
  .text              ro code  0x08001024    0x4  startup_stm32f4xx.o [1]
  .text              ro code  0x08001028    0x4  startup_stm32f4xx.o [1]
  .text              ro code  0x0800102c    0x4  startup_stm32f4xx.o [1]
  .text              ro code  0x08001030    0x4  startup_stm32f4xx.o [1]
  .text              ro code  0x08001034    0x4  startup_stm32f4xx.o [1]
  .text              ro code  0x08001038    0x4  startup_stm32f4xx.o [1]
  .text              ro code  0x0800103c    0x4  startup_stm32f4xx.o [1]
  .text              ro code  0x08001040    0x4  startup_stm32f4xx.o [1]
  .text              ro code  0x08001044    0x4  startup_stm32f4xx.o [1]
  .text              ro code  0x08001048    0x4  startup_stm32f4xx.o [1]
  .text              ro code  0x0800104c    0x4  startup_stm32f4xx.o [1]
  .text              ro code  0x08001050    0x4  startup_stm32f4xx.o [1]
  .text              ro code  0x08001054    0x4  startup_stm32f4xx.o [1]
  .text              ro code  0x08001058    0x4  startup_stm32f4xx.o [1]
  .text              ro code  0x0800105c    0x4  startup_stm32f4xx.o [1]
  .text              ro code  0x08001060    0x4  startup_stm32f4xx.o [1]
  .text              ro code  0x08001064    0x4  startup_stm32f4xx.o [1]
  .text              ro code  0x08001068    0x4  startup_stm32f4xx.o [1]
  .text              ro code  0x0800106c    0x4  startup_stm32f4xx.o [1]
  .text              ro code  0x08001070    0x4  startup_stm32f4xx.o [1]
  .text              ro code  0x08001074    0x4  startup_stm32f4xx.o [1]
  .text              ro code  0x08001078    0x4  startup_stm32f4xx.o [1]
  .text              ro code  0x0800107c    0x4  startup_stm32f4xx.o [1]
  .text              ro code  0x08001080    0x4  startup_stm32f4xx.o [1]
  .text              ro code  0x08001084    0x4  startup_stm32f4xx.o [1]
  .text              ro code  0x08001088    0x4  startup_stm32f4xx.o [1]
  .text              ro code  0x0800108c    0x4  startup_stm32f4xx.o [1]
  .text              ro code  0x08001090    0x4  startup_stm32f4xx.o [1]
  .text              ro code  0x08001094    0x4  startup_stm32f4xx.o [1]
  .text              ro code  0x08001098    0x4  startup_stm32f4xx.o [1]
  .text              ro code  0x0800109c    0x4  startup_stm32f4xx.o [1]
  .text              ro code  0x080010a0    0x4  startup_stm32f4xx.o [1]
  .text              ro code  0x080010a4    0x4  startup_stm32f4xx.o [1]
  .text              ro code  0x080010a8    0x4  startup_stm32f4xx.o [1]
  .text              ro code  0x080010ac    0x4  startup_stm32f4xx.o [1]
  .text              ro code  0x080010b0    0x4  startup_stm32f4xx.o [1]
  .text              ro code  0x080010b4    0x4  startup_stm32f4xx.o [1]
  .text              ro code  0x080010b8    0x4  startup_stm32f4xx.o [1]
  .text              ro code  0x080010bc    0x4  startup_stm32f4xx.o [1]
  .text              ro code  0x080010c0    0x4  startup_stm32f4xx.o [1]
  .text              ro code  0x080010c4    0x4  startup_stm32f4xx.o [1]
  .text              ro code  0x080010c8    0x4  startup_stm32f4xx.o [1]
  .text              ro code  0x080010cc    0x4  startup_stm32f4xx.o [1]
  .text              ro code  0x080010d0    0x4  startup_stm32f4xx.o [1]
  .text              ro code  0x080010d4    0x4  startup_stm32f4xx.o [1]
  .text              ro code  0x080010d8    0x4  startup_stm32f4xx.o [1]
  .text              ro code  0x080010dc    0x4  startup_stm32f4xx.o [1]
  .text              ro code  0x080010e0    0x4  startup_stm32f4xx.o [1]
  .rodata            const    0x080010e4    0x0  packbits_init_single.o [5]
  Initializer bytes  const    0x080010e4    0x7  <for P2-1>
                            - 0x080010eb  0xf63

"P2", part 1 of 2:                         0x50
  P2-1                        0x20000000   0x50  <Init block>
    .data            inited   0x20000000    0x4  system_stm32f4xx.o [1]
    .bss             inited   0x20000004    0x8  fichier.o [1]
    .bss             inited   0x2000000c    0x4  tm_stm32f4_delay.o [1]
    .bss             inited   0x20000010    0x4  tm_stm32f4_delay.o [1]
    .bss             inited   0x20000014   0x18  tm_stm32f4_delay.o [1]
    .bss             inited   0x2000002c   0x18  tm_stm32f4_gpio.o [1]
    .bss             inited   0x20000044    0x8  heap0.o [3]
    .bss             inited   0x2000004c    0x4  xgetmemchunk.o [3]
                            - 0x20000050   0x50

"P2", part 2 of 2:                        0x600
  CSTACK                      0x20000050  0x400  <Block>
    CSTACK           uninit   0x20000050  0x400  <Block tail>
  HEAP                        0x20000450  0x200  <Block>
    HEAP             uninit   0x20000450  0x200  <Block tail>
                            - 0x20000650  0x600


*******************************************************************************
*** INIT TABLE
***

          Address     Size
          -------     ----
Copy/packbits (__iar_packbits_init_single3)
    1 source range, total size 0x7 (8% of destination):
          0x080010e4   0x7
    1 destination range, total size 0x50:
          0x20000000  0x50



*******************************************************************************
*** MODULE SUMMARY
***

    Module                  ro code  ro data  rw data
    ------                  -------  -------  -------
C:\Users\mathieu\Documents\Session 5\SMI\STM32F4-Discovery_FW_V1.1.0\Project\Demonstration\EWARM\Demo\Obj: [1]
    fichier.o                   668        5        8
    main.o                       56       16
    startup_stm32f4xx.o         772
    stm32f4xx_gpio.o            176
    stm32f4xx_it.o               16
    stm32f4xx_rcc.o              36
    stm32f4xx_spi.o             100
    system_stm32f4xx.o          368                 4
    tm_stm32f4_delay.o          236        2       32
    tm_stm32f4_gpio.o           404        2       24
    tm_stm32f4_spi.o            762
    -------------------------------------------------
    Total:                    3 594       25       68

command line: [2]
    -------------------------------------------------
    Total:

dl7M_tlf.a: [3]
    exit.o                        4
    heap0.o                     300        1        8
    low_level_init.o              4
    xgetmemchunk.o               44        1        4
    -------------------------------------------------
    Total:                      352        2       12

m7M_tls.a: [4]
    fpinit_M.o                   34
    -------------------------------------------------
    Total:                       34

rt7M_tl.a: [5]
    ABImemcpy.o                 134
    cexit.o                      10
    cmain.o                      26
    cstartup_M.o                 12
    data_init.o                  40
    packbits_init_single.o       56
    -------------------------------------------------
    Total:                      278

shb_l.a: [6]
    exit.o                       20
    -------------------------------------------------
    Total:                       20

    Gaps                          8        2
    Linker created                        16    1 536
-----------------------------------------------------
    Grand Total:              4 286       45    1 616


*******************************************************************************
*** ENTRY LIST
***

Entry                      Address   Size  Type      Object
-----                      -------   ----  ----      ------
.iar.init_table$$Base   0x08000ee4          --   Gb  - Linker created -
.iar.init_table$$Limit  0x08000ef4          --   Gb  - Linker created -
?main                   0x08000ef5         Code  Gb  cmain.o [5]
Aldata                  0x20000044    0x8  Data  Lc  heap0.o [3]
BusFault_Handler        0x08000f5f    0x2  Code  Gb  stm32f4xx_it.o [1]
CSTACK$$Base            0x20000050          --   Gb  - Linker created -
CSTACK$$Limit           0x20000450          --   Gb  - Linker created -
CustomTimers            0x20000014   0x18  Data  Lc  tm_stm32f4_delay.o [1]
DebugMon_Handler        0x08000f65    0x2  Code  Gb  stm32f4xx_it.o [1]
Delayms                 0x08000707   0x32  Code  Lc  fichier.o [1]
EcrireMemoireEEPROM     0x080007c7   0xba  Code  Gb  fichier.o [1]
GPIO_CS                 0x20000004    0x8  Data  Gb  fichier.o [1]
GPIO_Init               0x08000a45   0xa8  Code  Gb  stm32f4xx_gpio.o [1]
GPIO_ResetBits          0x08000af1    0x4  Code  Gb  stm32f4xx_gpio.o [1]
GPIO_SetBits            0x08000aed    0x4  Code  Gb  stm32f4xx_gpio.o [1]
GPIO_UsedPins           0x2000002c   0x18  Data  Lc  tm_stm32f4_gpio.o [1]
HEAP$$Base              0x20000450          --   Gb  - Linker created -
HEAP$$Limit             0x20000650          --   Gb  - Linker created -
HardFault_Handler       0x08000f5b    0x2  Code  Gb  stm32f4xx_it.o [1]
LireMemoireEEPROM       0x08000739   0x8e  Code  Gb  fichier.o [1]
MemManage_Handler       0x08000f5d    0x2  Code  Gb  stm32f4xx_it.o [1]
NMI_Handler             0x08000f59    0x2  Code  Gb  stm32f4xx_it.o [1]
NVIC_SetPriority        0x0800067d   0x26  Code  Lc  fichier.o [1]
PendSV_Handler          0x08000f67    0x2  Code  Gb  stm32f4xx_it.o [1]
RCC_AHB1PeriphClockCmd  0x08000af5   0x1e  Code  Gb  stm32f4xx_rcc.o [1]
Region$$Table$$Base     0x08000ee4          --   Gb  - Linker created -
Region$$Table$$Limit    0x08000ef4          --   Gb  - Linker created -
SPI_Init                0x08000485   0x3e  Code  Gb  stm32f4xx_spi.o [1]
SPI_StructInit          0x080004c3   0x26  Code  Gb  stm32f4xx_spi.o [1]
SVC_Handler             0x08000f63    0x2  Code  Gb  stm32f4xx_it.o [1]
SetSysClock             0x08000b8b   0xf4  Code  Lc  system_stm32f4xx.o [1]
SysTick_Config          0x080006a3   0x32  Code  Lc  fichier.o [1]
SysTick_Handler         0x08000cb5   0xde  Code  Gb  tm_stm32f4_delay.o [1]
SystemCoreClock         0x20000000    0x4  Data  Gb  system_stm32f4xx.o [1]
SystemInit              0x08000b45   0x46  Code  Gb  system_stm32f4xx.o [1]
TM_GPIO_GetPortSource   0x08000575    0xa  Code  Gb  tm_stm32f4_gpio.o [1]
TM_GPIO_INT_EnableClock
                        0x0800057f   0x1c  Code  Gb  tm_stm32f4_gpio.o [1]
TM_GPIO_INT_Init        0x0800059b   0xd6  Code  Gb  tm_stm32f4_gpio.o [1]
TM_GPIO_InitAlternate   0x080004e9   0x8c  Code  Gb  tm_stm32f4_gpio.o [1]
TM_SPI1_INT_InitPins    0x08000351   0x48  Code  Gb  tm_stm32f4_spi.o [1]
TM_SPI2_INT_InitPins    0x08000399   0x7a  Code  Gb  tm_stm32f4_spi.o [1]
TM_SPI3_INT_InitPins    0x08000413   0x4a  Code  Gb  tm_stm32f4_spi.o [1]
TM_SPI_InitFull         0x08000189   0x8e  Code  Gb  tm_stm32f4_spi.o [1]
TM_SPI_Send             0x080006d5   0x32  Code  Lc  fichier.o [1]
TM_SPI_SendMulti        0x08000217   0x3a  Code  Gb  tm_stm32f4_spi.o [1]
TM_SPIx_Init            0x08000251  0x100  Code  Lc  tm_stm32f4_spi.o [1]
TM_Time                 0x2000000c    0x4  Data  Gb  tm_stm32f4_delay.o [1]
TM_Time2                0x20000010    0x4  Data  Gb  tm_stm32f4_delay.o [1]
UsageFault_Handler      0x08000f61    0x2  Code  Gb  stm32f4xx_it.o [1]
__aeabi_memcpy4         0x08000da1         Code  Gb  ABImemcpy.o [5]
__aeabi_memcpy8         0x08000da1         Code  Gb  ABImemcpy.o [5]
__basic_free_intern     0x080009c7   0x7a  Code  Lc  heap0.o [3]
__basic_malloc          0x08000919   0x18  Code  Gb  heap0.o [3]
__basic_malloc_intern   0x08000931   0x96  Code  Lc  heap0.o [3]
__cmain                 0x08000ef5         Code  Gb  cmain.o [5]
__data_GetMemChunk      0x08000b19   0x2c  Code  Gb  xgetmemchunk.o [3]
__data_GetMemChunk::start
                        0x2000004c    0x4  Data  Lc  xgetmemchunk.o [3]
__exit                  0x08000f25   0x14  Code  Gb  exit.o [6]
__iar_data_init3        0x08000e99   0x28  Code  Gb  data_init.o [5]
__iar_init_vfp          0x08000ec1         Code  Gb  fpinit_M.o [4]
__iar_packbits_init_single3
                        0x08000e61   0x38  Code  Gb  packbits_init_single.o [5]
__iar_program_start     0x08000f69         Code  Gb  cstartup_M.o [5]
__iar_systems$$module {Abs}
                        0x00000001         Data  Gb  command line/config [2]
__low_level_init        0x08000f0f    0x4  Code  Gb  low_level_init.o [3]
__vector_table          0x08000000         Data  Gb  startup_stm32f4xx.o [1]
_call_main              0x08000f01         Code  Gb  cmain.o [5]
_exit                   0x08000f19         Code  Gb  cexit.o [5]
_main                   0x08000f0b         Code  Gb  cmain.o [5]
exit                    0x08000f13    0x4  Code  Gb  exit.o [3]
initModule              0x08000881   0x66  Code  Gb  fichier.o [1]
main                    0x08000e29   0x32  Code  Gb  main.o [1]
nbOctetMax              0x08000f74    0x4  Data  Lc  fichier.o [1]


[1] = C:\Users\mathieu\Documents\Session 5\SMI\STM32F4-Discovery_FW_V1.1.0\Project\Demonstration\EWARM\Demo\Obj
[2] = command line
[3] = dl7M_tlf.a
[4] = m7M_tls.a
[5] = rt7M_tl.a
[6] = shb_l.a

  4 286 bytes of readonly  code memory
     45 bytes of readonly  data memory
  1 616 bytes of readwrite data memory

Errors: none
Warnings: none
