###############################################################################
#
# IAR ELF Linker V8.11.2.13589/W32 for ARM                13/Sep/2017  18:59:28
# Copyright 2007-2017 IAR Systems AB.
#
#    Output file  =  
#        C:\Users\mathieu\Documents\Session
#        5\SMI\STM32F4-Discovery_FW_V1.1.0\Project\Peripheral_Examples\IWDG\EWARM\IWDG\Exe\IWDG.out
#    Map file     =  
#        C:\Users\mathieu\Documents\Session
#        5\SMI\STM32F4-Discovery_FW_V1.1.0\Project\Peripheral_Examples\IWDG\EWARM\IWDG\List\IWDG.map
#    Command line =  
#        -f C:\Users\mathieu\AppData\Local\Temp\EWD997.tmp
#        ("C:\Users\mathieu\Documents\Session
#        5\SMI\STM32F4-Discovery_FW_V1.1.0\Project\Peripheral_Examples\IWDG\EWARM\IWDG\Obj\main.o"
#        "C:\Users\mathieu\Documents\Session
#        5\SMI\STM32F4-Discovery_FW_V1.1.0\Project\Peripheral_Examples\IWDG\EWARM\IWDG\Obj\misc.o"
#        "C:\Users\mathieu\Documents\Session
#        5\SMI\STM32F4-Discovery_FW_V1.1.0\Project\Peripheral_Examples\IWDG\EWARM\IWDG\Obj\startup_stm32f4xx.o"
#        "C:\Users\mathieu\Documents\Session
#        5\SMI\STM32F4-Discovery_FW_V1.1.0\Project\Peripheral_Examples\IWDG\EWARM\IWDG\Obj\stm32f4_discovery.o"
#        "C:\Users\mathieu\Documents\Session
#        5\SMI\STM32F4-Discovery_FW_V1.1.0\Project\Peripheral_Examples\IWDG\EWARM\IWDG\Obj\stm32f4xx_exti.o"
#        "C:\Users\mathieu\Documents\Session
#        5\SMI\STM32F4-Discovery_FW_V1.1.0\Project\Peripheral_Examples\IWDG\EWARM\IWDG\Obj\stm32f4xx_gpio.o"
#        "C:\Users\mathieu\Documents\Session
#        5\SMI\STM32F4-Discovery_FW_V1.1.0\Project\Peripheral_Examples\IWDG\EWARM\IWDG\Obj\stm32f4xx_it.o"
#        "C:\Users\mathieu\Documents\Session
#        5\SMI\STM32F4-Discovery_FW_V1.1.0\Project\Peripheral_Examples\IWDG\EWARM\IWDG\Obj\stm32f4xx_iwdg.o"
#        "C:\Users\mathieu\Documents\Session
#        5\SMI\STM32F4-Discovery_FW_V1.1.0\Project\Peripheral_Examples\IWDG\EWARM\IWDG\Obj\stm32f4xx_rcc.o"
#        "C:\Users\mathieu\Documents\Session
#        5\SMI\STM32F4-Discovery_FW_V1.1.0\Project\Peripheral_Examples\IWDG\EWARM\IWDG\Obj\stm32f4xx_syscfg.o"
#        "C:\Users\mathieu\Documents\Session
#        5\SMI\STM32F4-Discovery_FW_V1.1.0\Project\Peripheral_Examples\IWDG\EWARM\IWDG\Obj\stm32f4xx_tim.o"
#        "C:\Users\mathieu\Documents\Session
#        5\SMI\STM32F4-Discovery_FW_V1.1.0\Project\Peripheral_Examples\IWDG\EWARM\IWDG\Obj\system_stm32f4xx.o"
#        --redirect _Printf=_PrintfSmallNoMb --redirect _Scanf=_ScanfSmallNoMb
#        -o "C:\Users\mathieu\Documents\Session
#        5\SMI\STM32F4-Discovery_FW_V1.1.0\Project\Peripheral_Examples\IWDG\EWARM\IWDG\Exe\IWDG.out"
#        --map "C:\Users\mathieu\Documents\Session
#        5\SMI\STM32F4-Discovery_FW_V1.1.0\Project\Peripheral_Examples\IWDG\EWARM\IWDG\List\IWDG.map"
#        --config "C:\Users\mathieu\Documents\Session
#        5\SMI\STM32F4-Discovery_FW_V1.1.0\Project\Peripheral_Examples\IWDG\EWARM\stm32f4xx_flash.icf"
#        --semihosting --entry __iar_program_start --vfe --text_out locale)
#
###############################################################################

*******************************************************************************
*** RUNTIME MODEL ATTRIBUTES
***

CppFlavor       = *
__SystemLibrary = DLib
__dlib_version  = 6


*******************************************************************************
*** HEAP SELECTION
***

The basic heap was selected because some modules are built with
size limitations (and not runtime checking), and --advanced_heap
was not specified.


*******************************************************************************
*** PLACEMENT SUMMARY
***

"A0":  place at 0x08000000 { ro section .intvec };
"P1":  place in [from 0x08000000 to 0x080fffff] { ro };
define block CSTACK with size = 1K, alignment = 8 { };
define block HEAP with size = 512, alignment = 8 { };
"P2":  place in [from 0x20000000 to 0x20020000] {
          rw, block CSTACK, block HEAP };
initialize by copy { rw };

  Section            Kind        Address   Size  Object
  -------            ----        -------   ----  ------
"A0":                                     0x188
  .intvec            ro code  0x08000000  0x188  startup_stm32f4xx.o [1]
                            - 0x08000188  0x188

"P1":                                     0xcc5
  .text              ro code  0x08000188  0x326  stm32f4xx_tim.o [1]
  .text              ro code  0x080004b0  0x138  stm32f4xx_rcc.o [1]
  .text              ro code  0x080005e8  0x178  main.o [1]
  .text              ro code  0x08000760  0x149  stm32f4_discovery.o [1]
  .text              ro code  0x080008ac   0x34  stm32f4xx_iwdg.o [1]
  .text              ro code  0x080008e0   0x68  misc.o [1]
  .text              ro code  0x08000948   0x70  stm32f4xx_gpio.o [1]
  .text              ro code  0x080009b8   0x28  stm32f4xx_syscfg.o [1]
  .text              ro code  0x080009e0   0x8c  stm32f4xx_exti.o [1]
  .text              ro code  0x08000a6c   0xe0  system_stm32f4xx.o [1]
  .text              ro code  0x08000b4c   0x90  stm32f4xx_it.o [1]
  .text              ro code  0x08000bdc   0x38  packbits_init_single.o [4]
  .text              ro code  0x08000c14   0x28  data_init.o [4]
  .iar.init_table    const    0x08000c3c   0x10  - Linker created -
  .text              ro code  0x08000c4c   0x1a  cmain.o [4]
  .text              ro code  0x08000c66    0x4  low_level_init.o [3]
  .text              ro code  0x08000c6a    0x4  exit.o [3]
  .text              ro code  0x08000c70    0xa  cexit.o [4]
  .text              ro code  0x08000c7c   0x14  exit.o [5]
  .text              ro code  0x08000c90   0x10  startup_stm32f4xx.o [1]
  .text              ro code  0x08000ca0    0xc  cstartup_M.o [4]
  .text              ro code  0x08000cac    0x4  startup_stm32f4xx.o [1]
  .text              ro code  0x08000cb0    0x4  startup_stm32f4xx.o [1]
  .text              ro code  0x08000cb4    0x4  startup_stm32f4xx.o [1]
  .text              ro code  0x08000cb8    0x4  startup_stm32f4xx.o [1]
  .text              ro code  0x08000cbc    0x4  startup_stm32f4xx.o [1]
  .text              ro code  0x08000cc0    0x4  startup_stm32f4xx.o [1]
  .text              ro code  0x08000cc4    0x4  startup_stm32f4xx.o [1]
  .text              ro code  0x08000cc8    0x4  startup_stm32f4xx.o [1]
  .text              ro code  0x08000ccc    0x4  startup_stm32f4xx.o [1]
  .text              ro code  0x08000cd0    0x4  startup_stm32f4xx.o [1]
  .text              ro code  0x08000cd4    0x4  startup_stm32f4xx.o [1]
  .text              ro code  0x08000cd8    0x4  startup_stm32f4xx.o [1]
  .text              ro code  0x08000cdc    0x4  startup_stm32f4xx.o [1]
  .text              ro code  0x08000ce0    0x4  startup_stm32f4xx.o [1]
  .text              ro code  0x08000ce4    0x4  startup_stm32f4xx.o [1]
  .text              ro code  0x08000ce8    0x4  startup_stm32f4xx.o [1]
  .text              ro code  0x08000cec    0x4  startup_stm32f4xx.o [1]
  .text              ro code  0x08000cf0    0x4  startup_stm32f4xx.o [1]
  .text              ro code  0x08000cf4    0x4  startup_stm32f4xx.o [1]
  .text              ro code  0x08000cf8    0x4  startup_stm32f4xx.o [1]
  .text              ro code  0x08000cfc    0x4  startup_stm32f4xx.o [1]
  .text              ro code  0x08000d00    0x4  startup_stm32f4xx.o [1]
  .text              ro code  0x08000d04    0x4  startup_stm32f4xx.o [1]
  .text              ro code  0x08000d08    0x4  startup_stm32f4xx.o [1]
  .text              ro code  0x08000d0c    0x4  startup_stm32f4xx.o [1]
  .text              ro code  0x08000d10    0x4  startup_stm32f4xx.o [1]
  .text              ro code  0x08000d14    0x4  startup_stm32f4xx.o [1]
  .text              ro code  0x08000d18    0x4  startup_stm32f4xx.o [1]
  .text              ro code  0x08000d1c    0x4  startup_stm32f4xx.o [1]
  .text              ro code  0x08000d20    0x4  startup_stm32f4xx.o [1]
  .text              ro code  0x08000d24    0x4  startup_stm32f4xx.o [1]
  .text              ro code  0x08000d28    0x4  startup_stm32f4xx.o [1]
  .text              ro code  0x08000d2c    0x4  startup_stm32f4xx.o [1]
  .text              ro code  0x08000d30    0x4  startup_stm32f4xx.o [1]
  .text              ro code  0x08000d34    0x4  startup_stm32f4xx.o [1]
  .text              ro code  0x08000d38    0x4  startup_stm32f4xx.o [1]
  .text              ro code  0x08000d3c    0x4  startup_stm32f4xx.o [1]
  .text              ro code  0x08000d40    0x4  startup_stm32f4xx.o [1]
  .text              ro code  0x08000d44    0x4  startup_stm32f4xx.o [1]
  .text              ro code  0x08000d48    0x4  startup_stm32f4xx.o [1]
  .text              ro code  0x08000d4c    0x4  startup_stm32f4xx.o [1]
  .text              ro code  0x08000d50    0x4  startup_stm32f4xx.o [1]
  .text              ro code  0x08000d54    0x4  startup_stm32f4xx.o [1]
  .text              ro code  0x08000d58    0x4  startup_stm32f4xx.o [1]
  .text              ro code  0x08000d5c    0x4  startup_stm32f4xx.o [1]
  .text              ro code  0x08000d60    0x4  startup_stm32f4xx.o [1]
  .text              ro code  0x08000d64    0x4  startup_stm32f4xx.o [1]
  .text              ro code  0x08000d68    0x4  startup_stm32f4xx.o [1]
  .text              ro code  0x08000d6c    0x4  startup_stm32f4xx.o [1]
  .text              ro code  0x08000d70    0x4  startup_stm32f4xx.o [1]
  .text              ro code  0x08000d74    0x4  startup_stm32f4xx.o [1]
  .text              ro code  0x08000d78    0x4  startup_stm32f4xx.o [1]
  .text              ro code  0x08000d7c    0x4  startup_stm32f4xx.o [1]
  .text              ro code  0x08000d80    0x4  startup_stm32f4xx.o [1]
  .text              ro code  0x08000d84    0x4  startup_stm32f4xx.o [1]
  .text              ro code  0x08000d88    0x4  startup_stm32f4xx.o [1]
  .text              ro code  0x08000d8c    0x4  startup_stm32f4xx.o [1]
  .text              ro code  0x08000d90    0x4  startup_stm32f4xx.o [1]
  .text              ro code  0x08000d94    0x4  startup_stm32f4xx.o [1]
  .text              ro code  0x08000d98    0x4  startup_stm32f4xx.o [1]
  .text              ro code  0x08000d9c    0x4  startup_stm32f4xx.o [1]
  .text              ro code  0x08000da0    0x4  startup_stm32f4xx.o [1]
  .text              ro code  0x08000da4    0x4  startup_stm32f4xx.o [1]
  .text              ro code  0x08000da8    0x4  startup_stm32f4xx.o [1]
  .text              ro code  0x08000dac    0x4  startup_stm32f4xx.o [1]
  .text              ro code  0x08000db0    0x4  startup_stm32f4xx.o [1]
  .text              ro code  0x08000db4    0x4  startup_stm32f4xx.o [1]
  .text              ro code  0x08000db8    0x4  startup_stm32f4xx.o [1]
  .text              ro code  0x08000dbc    0x4  startup_stm32f4xx.o [1]
  .text              ro code  0x08000dc0    0x4  startup_stm32f4xx.o [1]
  .text              ro code  0x08000dc4    0x4  startup_stm32f4xx.o [1]
  .text              ro code  0x08000dc8    0x4  startup_stm32f4xx.o [1]
  .text              ro code  0x08000dcc    0x4  startup_stm32f4xx.o [1]
  .text              ro code  0x08000dd0    0x4  startup_stm32f4xx.o [1]
  .text              ro code  0x08000dd4    0x4  startup_stm32f4xx.o [1]
  .text              ro code  0x08000dd8    0x4  startup_stm32f4xx.o [1]
  .text              ro code  0x08000ddc    0x4  startup_stm32f4xx.o [1]
  .text              ro code  0x08000de0    0x4  startup_stm32f4xx.o [1]
  .text              ro code  0x08000de4    0x4  startup_stm32f4xx.o [1]
  .text              ro code  0x08000de8    0x4  startup_stm32f4xx.o [1]
  .text              ro code  0x08000dec    0x4  startup_stm32f4xx.o [1]
  .text              ro code  0x08000df0    0x4  startup_stm32f4xx.o [1]
  .text              ro code  0x08000df4    0x4  startup_stm32f4xx.o [1]
  .text              ro code  0x08000df8    0x4  startup_stm32f4xx.o [1]
  .text              ro code  0x08000dfc    0x4  startup_stm32f4xx.o [1]
  .text              ro code  0x08000e00    0x4  startup_stm32f4xx.o [1]
  .text              ro code  0x08000e04    0x4  startup_stm32f4xx.o [1]
  .text              ro code  0x08000e08    0x4  startup_stm32f4xx.o [1]
  .text              ro code  0x08000e0c    0x4  startup_stm32f4xx.o [1]
  .text              ro code  0x08000e10    0x4  startup_stm32f4xx.o [1]
  .text              ro code  0x08000e14    0x4  startup_stm32f4xx.o [1]
  .rodata            const    0x08000e18    0x0  packbits_init_single.o [4]
  Initializer bytes  const    0x08000e18   0x35  <for P2-1>
                            - 0x08000e4d  0xcc5

"P2", part 1 of 2:                         0x4c
  P2-1                        0x20000000   0x4c  <Init block>
    .data            inited   0x20000000   0x10  stm32f4_discovery.o [1]
    .data            inited   0x20000010    0x4  stm32f4_discovery.o [1]
    .data            inited   0x20000014   0x10  stm32f4xx_rcc.o [1]
    .data            inited   0x20000024   0x14  system_stm32f4xx.o [1]
    .bss             inited   0x20000038    0x8  main.o [1]
    .bss             inited   0x20000040    0x8  main.o [1]
    .bss             inited   0x20000048    0x4  stm32f4xx_it.o [1]
                            - 0x2000004c   0x4c

"P2", part 2 of 2:                        0x400
  CSTACK                      0x20000050  0x400  <Block>
    CSTACK           uninit   0x20000050  0x400  <Block tail>
                            - 0x20000450  0x400


*******************************************************************************
*** INIT TABLE
***

          Address     Size
          -------     ----
Copy/packbits (__iar_packbits_init_single3)
    1 source range, total size 0x35 (69% of destination):
          0x08000e18  0x35
    1 destination range, total size 0x4c:
          0x20000000  0x4c



*******************************************************************************
*** MODULE SUMMARY
***

    Module                  ro code  ro data  rw data
    ------                  -------  -------  -------
C:\Users\mathieu\Documents\Session 5\SMI\STM32F4-Discovery_FW_V1.1.0\Project\Peripheral_Examples\IWDG\EWARM\IWDG\Obj: [1]
    main.o                      376       11       16
    misc.o                      104
    startup_stm32f4xx.o         772
    stm32f4_discovery.o         329       13       20
    stm32f4xx_exti.o            140
    stm32f4xx_gpio.o            112
    stm32f4xx_it.o              144        2        4
    stm32f4xx_iwdg.o             52
    stm32f4xx_rcc.o             312       12       16
    stm32f4xx_syscfg.o           40
    stm32f4xx_tim.o             806
    system_stm32f4xx.o          224       14       20
    -------------------------------------------------
    Total:                    3 411       52       76

command line: [2]
    -------------------------------------------------
    Total:

dl7M_tln.a: [3]
    exit.o                        4
    low_level_init.o              4
    -------------------------------------------------
    Total:                        8

rt7M_tl.a: [4]
    cexit.o                      10
    cmain.o                      26
    cstartup_M.o                 12
    data_init.o                  40
    packbits_init_single.o       56
    -------------------------------------------------
    Total:                      144

shb_l.a: [5]
    exit.o                       20
    -------------------------------------------------
    Total:                       20

    Gaps                          9
    Linker created                        17    1 024
-----------------------------------------------------
    Grand Total:              3 592       69    1 100


*******************************************************************************
*** ENTRY LIST
***

Entry                      Address   Size  Type      Object
-----                      -------   ----  ----      ------
.iar.init_table$$Base   0x08000c3c          --   Gb  - Linker created -
.iar.init_table$$Limit  0x08000c4c          --   Gb  - Linker created -
?main                   0x08000c4d         Code  Gb  cmain.o [4]
AHBPrescTable           0x20000024   0x10  Data  Gb  system_stm32f4xx.o [1]
APBAHBPrescTable        0x20000014   0x10  Data  Lc  stm32f4xx_rcc.o [1]
BUTTON_CLK              0x08000898    0x4  Data  Gb  stm32f4_discovery.o [1]
BUTTON_EXTI_LINE        0x0800089c    0x2  Data  Gb  stm32f4_discovery.o [1]
BUTTON_IRQn             0x080008a8    0x1  Data  Gb  stm32f4_discovery.o [1]
BUTTON_PIN              0x08000894    0x2  Data  Gb  stm32f4_discovery.o [1]
BUTTON_PIN_SOURCE       0x080008a4    0x1  Data  Gb  stm32f4_discovery.o [1]
BUTTON_PORT             0x20000010    0x4  Data  Gb  stm32f4_discovery.o [1]
BUTTON_PORT_SOURCE      0x080008a0    0x1  Data  Gb  stm32f4_discovery.o [1]
BusFault_Handler        0x08000b5b    0x2  Code  Gb  stm32f4xx_it.o [1]
CSTACK$$Base            0x20000050          --   Gb  - Linker created -
CSTACK$$Limit           0x20000450          --   Gb  - Linker created -
CaptureNumber           0x20000040    0x4  Data  Gb  main.o [1]
DebugMon_Handler        0x08000b61    0x2  Code  Gb  stm32f4xx_it.o [1]
EXTI0_IRQHandler        0x08000b6f   0x18  Code  Gb  stm32f4xx_it.o [1]
EXTI_ClearITPendingBit  0x08000a59    0x2  Code  Gb  stm32f4xx_exti.o [1]
EXTI_GetITStatus        0x08000a43   0x16  Code  Gb  stm32f4xx_exti.o [1]
EXTI_Init               0x080009e1   0x62  Code  Gb  stm32f4xx_exti.o [1]
GPIO_CLK                0x08000884   0x10  Data  Gb  stm32f4_discovery.o [1]
GPIO_Init               0x08000949   0x70  Code  Gb  stm32f4xx_gpio.o [1]
GPIO_PIN                0x0800087c    0x8  Data  Gb  stm32f4_discovery.o [1]
GPIO_PORT               0x20000000   0x10  Data  Gb  stm32f4_discovery.o [1]
GetLSIFrequency         0x0800068f   0xb6  Code  Gb  main.o [1]
HardFault_Handler       0x08000b4f    0xa  Code  Gb  stm32f4xx_it.o [1]
IWDG_Enable             0x080008c9    0xa  Code  Gb  stm32f4xx_iwdg.o [1]
IWDG_ReloadCounter      0x080008bf    0xa  Code  Gb  stm32f4xx_iwdg.o [1]
IWDG_SetPrescaler       0x080008b3    0x6  Code  Gb  stm32f4xx_iwdg.o [1]
IWDG_SetReload          0x080008b9    0x6  Code  Gb  stm32f4xx_iwdg.o [1]
IWDG_WriteAccessCmd     0x080008ad    0x6  Code  Gb  stm32f4xx_iwdg.o [1]
LsiFreq                 0x2000003c    0x4  Data  Gb  main.o [1]
MemManage_Handler       0x08000b59    0x2  Code  Gb  stm32f4xx_it.o [1]
NMI_Handler             0x08000b4d    0x2  Code  Gb  stm32f4xx_it.o [1]
NVIC_Init               0x080008e1   0x56  Code  Gb  misc.o [1]
PendSV_Handler          0x08000b63    0x2  Code  Gb  stm32f4xx_it.o [1]
PeriodValue             0x20000044    0x4  Data  Gb  main.o [1]
RCC_AHB1PeriphClockCmd  0x08000531   0x12  Code  Gb  stm32f4xx_rcc.o [1]
RCC_APB1PeriphClockCmd  0x08000543   0x12  Code  Gb  stm32f4xx_rcc.o [1]
RCC_APB1PeriphResetCmd  0x08000567   0x12  Code  Gb  stm32f4xx_rcc.o [1]
RCC_APB2PeriphClockCmd  0x08000555   0x12  Code  Gb  stm32f4xx_rcc.o [1]
RCC_APB2PeriphResetCmd  0x08000579   0x12  Code  Gb  stm32f4xx_rcc.o [1]
RCC_ClearFlag           0x080005ad    0xc  Code  Gb  stm32f4xx_rcc.o [1]
RCC_GetClocksFreq       0x080004b7   0x7a  Code  Gb  stm32f4xx_rcc.o [1]
RCC_GetFlagStatus       0x0800058b   0x22  Code  Gb  stm32f4xx_rcc.o [1]
RCC_LSICmd              0x080004b1    0x6  Code  Gb  stm32f4xx_rcc.o [1]
Region$$Table$$Base     0x08000c3c          --   Gb  - Linker created -
Region$$Table$$Limit    0x08000c4c          --   Gb  - Linker created -
STM_EVAL_LEDInit        0x08000761   0x3a  Code  Gb  stm32f4_discovery.o [1]
STM_EVAL_LEDOff         0x080007ad   0x12  Code  Gb  stm32f4_discovery.o [1]
STM_EVAL_LEDOn          0x0800079b   0x12  Code  Gb  stm32f4_discovery.o [1]
STM_EVAL_LEDToggle      0x080007bf   0x16  Code  Gb  stm32f4_discovery.o [1]
STM_EVAL_PBInit         0x080007d5   0x94  Code  Gb  stm32f4_discovery.o [1]
SVC_Handler             0x08000b5f    0x2  Code  Gb  stm32f4xx_it.o [1]
SYSCFG_EXTILineConfig   0x080009b9   0x22  Code  Gb  stm32f4xx_syscfg.o [1]
SysTick_Handler         0x08000b65    0xa  Code  Gb  stm32f4xx_it.o [1]
SystemCoreClock         0x20000034    0x4  Data  Gb  system_stm32f4xx.o [1]
SystemInit              0x08000a6d   0xc4  Code  Gb  system_stm32f4xx.o [1]
TI1_Config              0x0800044f   0x2e  Code  Lc  stm32f4xx_tim.o [1]
TI2_Config              0x0800047d   0x32  Code  Lc  stm32f4xx_tim.o [1]
TIM5_IRQHandler         0x08000b87   0x3e  Code  Gb  stm32f4xx_it.o [1]
TIM_ClearITPendingBit   0x08000441    0x2  Code  Gb  stm32f4xx_tim.o [1]
TIM_Cmd                 0x080002db   0x14  Code  Gb  stm32f4xx_tim.o [1]
TIM_DeInit              0x08000189  0x146  Code  Gb  stm32f4xx_tim.o [1]
TIM_GetCapture4         0x080003cd    0x4  Code  Gb  stm32f4xx_tim.o [1]
TIM_GetITStatus         0x0800042d   0x14  Code  Gb  stm32f4xx_tim.o [1]
TIM_ICInit              0x08000325   0x88  Code  Gb  stm32f4xx_tim.o [1]
TIM_ITConfig            0x0800041d   0x10  Code  Gb  stm32f4xx_tim.o [1]
TIM_PrescalerConfig     0x080002cf    0x6  Code  Gb  stm32f4xx_tim.o [1]
TIM_RemapConfig         0x08000449    0x6  Code  Gb  stm32f4xx_tim.o [1]
TIM_SetIC1Prescaler     0x080003d1   0x12  Code  Gb  stm32f4xx_tim.o [1]
TIM_SetIC2Prescaler     0x080003e3    0xc  Code  Gb  stm32f4xx_tim.o [1]
TIM_SetIC3Prescaler     0x080003f7   0x12  Code  Gb  stm32f4xx_tim.o [1]
TIM_SetIC4Prescaler     0x08000409    0xc  Code  Gb  stm32f4xx_tim.o [1]
TimingDelay             0x20000038    0x4  Data  Gb  main.o [1]
UsageFault_Handler      0x08000b5d    0x2  Code  Gb  stm32f4xx_it.o [1]
__cmain                 0x08000c4d         Code  Gb  cmain.o [4]
__exit                  0x08000c7d   0x14  Code  Gb  exit.o [5]
__iar_data_init3        0x08000c15   0x28  Code  Gb  data_init.o [4]
__iar_packbits_init_single3
                        0x08000bdd   0x38  Code  Gb  packbits_init_single.o [4]
__iar_program_start     0x08000ca1         Code  Gb  cstartup_M.o [4]
__iar_systems$$module {Abs}
                        0x00000001         Data  Gb  command line/config [2]
__low_level_init        0x08000c67    0x4  Code  Gb  low_level_init.o [3]
__vector_table          0x08000000         Data  Gb  startup_stm32f4xx.o [1]
_call_main              0x08000c59         Code  Gb  cmain.o [4]
_exit                   0x08000c71         Code  Gb  cexit.o [4]
_main                   0x08000c63         Code  Gb  cmain.o [4]
exit                    0x08000c6b    0x4  Code  Gb  exit.o [3]
main                    0x080005e9   0xa6  Code  Gb  main.o [1]
tmpCC4                  0x20000048    0x4  Data  Gb  stm32f4xx_it.o [1]


[1] = C:\Users\mathieu\Documents\Session 5\SMI\STM32F4-Discovery_FW_V1.1.0\Project\Peripheral_Examples\IWDG\EWARM\IWDG\Obj
[2] = command line
[3] = dl7M_tln.a
[4] = rt7M_tl.a
[5] = shb_l.a

  3 592 bytes of readonly  code memory
     69 bytes of readonly  data memory
  1 100 bytes of readwrite data memory

Errors: none
Warnings: none
