###############################################################################
#
# IAR ELF Linker V8.11.2.13589/W32 for ARM                26/Mar/2018  12:24:50
# Copyright 2007-2017 IAR Systems AB.
#
#    Output file  =  
#        D:\Fichier Mathieu\Session 6\Design
#        3\design3_codeSTM\STM32F4-Discovery_FW_V1.1.0\Project\Peripheral_Examples\TIM_TimeBase\EWARM\TIM_TimeBase\Exe\TIM_TimeBase.out
#    Map file     =  
#        D:\Fichier Mathieu\Session 6\Design
#        3\design3_codeSTM\STM32F4-Discovery_FW_V1.1.0\Project\Peripheral_Examples\TIM_TimeBase\EWARM\TIM_TimeBase\List\TIM_TimeBase.map
#    Command line =  
#        -f C:\Users\mathieu\AppData\Local\Temp\EW6454.tmp ("D:\Fichier
#        Mathieu\Session 6\Design
#        3\design3_codeSTM\STM32F4-Discovery_FW_V1.1.0\Project\Peripheral_Examples\TIM_TimeBase\EWARM\TIM_TimeBase\Obj\asservissementCap.o"
#        "D:\Fichier Mathieu\Session 6\Design
#        3\design3_codeSTM\STM32F4-Discovery_FW_V1.1.0\Project\Peripheral_Examples\TIM_TimeBase\EWARM\TIM_TimeBase\Obj\asservissementVitesseAngulaire.o"
#        "D:\Fichier Mathieu\Session 6\Design
#        3\design3_codeSTM\STM32F4-Discovery_FW_V1.1.0\Project\Peripheral_Examples\TIM_TimeBase\EWARM\TIM_TimeBase\Obj\asservissementVitesseLineaire.o"
#        "D:\Fichier Mathieu\Session 6\Design
#        3\design3_codeSTM\STM32F4-Discovery_FW_V1.1.0\Project\Peripheral_Examples\TIM_TimeBase\EWARM\TIM_TimeBase\Obj\configTimer.o"
#        "D:\Fichier Mathieu\Session 6\Design
#        3\design3_codeSTM\STM32F4-Discovery_FW_V1.1.0\Project\Peripheral_Examples\TIM_TimeBase\EWARM\TIM_TimeBase\Obj\controleDistanceCapRobot.o"
#        "D:\Fichier Mathieu\Session 6\Design
#        3\design3_codeSTM\STM32F4-Discovery_FW_V1.1.0\Project\Peripheral_Examples\TIM_TimeBase\EWARM\TIM_TimeBase\Obj\controleMoteur.o"
#        "D:\Fichier Mathieu\Session 6\Design
#        3\design3_codeSTM\STM32F4-Discovery_FW_V1.1.0\Project\Peripheral_Examples\TIM_TimeBase\EWARM\TIM_TimeBase\Obj\FSM_USART_codePays.o"
#        "D:\Fichier Mathieu\Session 6\Design
#        3\design3_codeSTM\STM32F4-Discovery_FW_V1.1.0\Project\Peripheral_Examples\TIM_TimeBase\EWARM\TIM_TimeBase\Obj\FSM_USART_commande.o"
#        "D:\Fichier Mathieu\Session 6\Design
#        3\design3_codeSTM\STM32F4-Discovery_FW_V1.1.0\Project\Peripheral_Examples\TIM_TimeBase\EWARM\TIM_TimeBase\Obj\main.o"
#        "D:\Fichier Mathieu\Session 6\Design
#        3\design3_codeSTM\STM32F4-Discovery_FW_V1.1.0\Project\Peripheral_Examples\TIM_TimeBase\EWARM\TIM_TimeBase\Obj\misc.o"
#        "D:\Fichier Mathieu\Session 6\Design
#        3\design3_codeSTM\STM32F4-Discovery_FW_V1.1.0\Project\Peripheral_Examples\TIM_TimeBase\EWARM\TIM_TimeBase\Obj\startup_stm32f4xx.o"
#        "D:\Fichier Mathieu\Session 6\Design
#        3\design3_codeSTM\STM32F4-Discovery_FW_V1.1.0\Project\Peripheral_Examples\TIM_TimeBase\EWARM\TIM_TimeBase\Obj\stm32f4_discovery.o"
#        "D:\Fichier Mathieu\Session 6\Design
#        3\design3_codeSTM\STM32F4-Discovery_FW_V1.1.0\Project\Peripheral_Examples\TIM_TimeBase\EWARM\TIM_TimeBase\Obj\stm32f4xx_gpio.o"
#        "D:\Fichier Mathieu\Session 6\Design
#        3\design3_codeSTM\STM32F4-Discovery_FW_V1.1.0\Project\Peripheral_Examples\TIM_TimeBase\EWARM\TIM_TimeBase\Obj\stm32f4xx_it.o"
#        "D:\Fichier Mathieu\Session 6\Design
#        3\design3_codeSTM\STM32F4-Discovery_FW_V1.1.0\Project\Peripheral_Examples\TIM_TimeBase\EWARM\TIM_TimeBase\Obj\stm32f4xx_rcc.o"
#        "D:\Fichier Mathieu\Session 6\Design
#        3\design3_codeSTM\STM32F4-Discovery_FW_V1.1.0\Project\Peripheral_Examples\TIM_TimeBase\EWARM\TIM_TimeBase\Obj\stm32f4xx_tim.o"
#        "D:\Fichier Mathieu\Session 6\Design
#        3\design3_codeSTM\STM32F4-Discovery_FW_V1.1.0\Project\Peripheral_Examples\TIM_TimeBase\EWARM\TIM_TimeBase\Obj\stm32f4xx_usart.o"
#        "D:\Fichier Mathieu\Session 6\Design
#        3\design3_codeSTM\STM32F4-Discovery_FW_V1.1.0\Project\Peripheral_Examples\TIM_TimeBase\EWARM\TIM_TimeBase\Obj\system_stm32f4xx.o"
#        "D:\Fichier Mathieu\Session 6\Design
#        3\design3_codeSTM\STM32F4-Discovery_FW_V1.1.0\Project\Peripheral_Examples\TIM_TimeBase\EWARM\TIM_TimeBase\Obj\USART_config.o"
#        --redirect _Printf=_PrintfSmallNoMb --redirect _Scanf=_ScanfSmallNoMb
#        -o "D:\Fichier Mathieu\Session 6\Design
#        3\design3_codeSTM\STM32F4-Discovery_FW_V1.1.0\Project\Peripheral_Examples\TIM_TimeBase\EWARM\TIM_TimeBase\Exe\TIM_TimeBase.out"
#        --map "D:\Fichier Mathieu\Session 6\Design
#        3\design3_codeSTM\STM32F4-Discovery_FW_V1.1.0\Project\Peripheral_Examples\TIM_TimeBase\EWARM\TIM_TimeBase\List\TIM_TimeBase.map"
#        --config "D:\Fichier Mathieu\Session 6\Design
#        3\design3_codeSTM\STM32F4-Discovery_FW_V1.1.0\Project\Peripheral_Examples\TIM_TimeBase\EWARM\stm32f4xx_flash.icf"
#        --semihosting --entry __iar_program_start --vfe --text_out locale)
#
###############################################################################

*******************************************************************************
*** RUNTIME MODEL ATTRIBUTES
***

CppFlavor       = *
__SystemLibrary = DLib
__dlib_version  = 6


*******************************************************************************
*** HEAP SELECTION
***

The basic heap was selected because some modules are built with
size limitations (and not runtime checking), and --advanced_heap
was not specified.


*******************************************************************************
*** PLACEMENT SUMMARY
***

"A0":  place at 0x08000000 { ro section .intvec };
"P1":  place in [from 0x08000000 to 0x080fffff] { ro };
define block CSTACK with size = 1K, alignment = 8 { };
define block HEAP with size = 512, alignment = 8 { };
"P2":  place in [from 0x20000000 to 0x20020000] {
          rw, block CSTACK, block HEAP };
initialize by copy { rw };

  Section            Kind        Address    Size  Object
  -------            ----        -------    ----  ------
"A0":                                      0x188
  .intvec            ro code  0x08000000   0x188  startup_stm32f4xx.o [1]
                            - 0x08000188   0x188

"P1":                                     0x3477
  .text              ro code  0x08000188   0x60c  stm32f4xx_it.o [1]
  .text              ro code  0x08000794   0x298  main.o [1]
  .text              ro code  0x08000a2c   0x2e8  stm32f4xx_tim.o [1]
  .text              ro code  0x08000d14    0x1a  U32ToDbl.o [4]
  .text              ro code  0x08000d30   0x246  DblDiv.o [4]
  .text              ro code  0x08000f78   0x1a2  DblMul.o [4]
  .text              ro code  0x0800111c   0x178  DblAdd.o [4]
  .text              ro code  0x08001294   0x298  controleMoteur.o [1]
  .text              ro code  0x0800152c   0x118  asservissementVitesseAngulaire.o [1]
  .text              ro code  0x08001644   0x180  asservissementCap.o [1]
  .text              ro code  0x080017c4    0x9a  stm32f4xx_gpio.o [1]
  .text              ro code  0x08001860    0x90  controleDistanceCapRobot.o [1]
  .text              ro code  0x080018f0   0x128  asservissementVitesseLineaire.o [1]
  .text              ro code  0x08001a18   0x13c  stm32f4xx_usart.o [1]
  .text              ro code  0x08001b54    0x60  stm32f4_discovery.o [1]
  .text              ro code  0x08001bb4   0x16c  configTimer.o [1]
  .text              ro code  0x08001d20   0x136  USART_config.o [1]
  .text              ro code  0x08001e58   0x114  FSM_USART_codePays.o [1]
  .text              ro code  0x08001f6c   0x1c0  FSM_USART_commande.o [1]
  .text              ro code  0x0800212c    0xe2  DblSub.o [4]
  .text              ro code  0x08002210    0xcc  stm32f4xx_rcc.o [1]
  .text              ro code  0x080022dc    0x3a  DblToS32.o [4]
  .text              ro code  0x08002318    0x2e  DblCmpLe.o [4]
  .text              ro code  0x08002348    0x2e  DblCmpGe.o [4]
  .text              ro code  0x08002378    0x22  S32ToDbl.o [4]
  .text              ro code  0x0800239c    0x20  DblCmpEq.o [4]
  .text              ro code  0x080023bc    0x68  misc.o [1]
  .text              ro code  0x08002424    0x4a  strcmp.o [5]
  .text              ro code  0x08002470   0x174  iar_Stoulx.o [3]
  .text              ro code  0x080025e8   0x470  strto64.o [4]
  .text              ro code  0x08002a58    0x58  memchr.o [5]
  .text              ro code  0x08002ab0    0x70  frexp.o [4]
  .text              ro code  0x08002b20   0x13a  ldexp.o [4]
  .text              ro code  0x08002c5a   0x122  iar_Stopfx.o [3]
  .text              ro code  0x08002d7c   0x1cc  iar_Stoflt.o [3]
  .text              ro code  0x08002f48   0x238  iar_Stoxflt.o [3]
  .text              ro code  0x08003180    0xe0  system_stm32f4xx.o [1]
  .text              ro code  0x08003260    0x40  zero_init3.o [5]
  .text              ro code  0x080032a0    0x38  packbits_init_single.o [5]
  .text              ro code  0x080032d8    0x28  data_init.o [5]
  .iar.init_table    const    0x08003300    0x20  - Linker created -
  .text              ro code  0x08003320    0x1a  cmain.o [5]
  .text              ro code  0x0800333a     0x4  low_level_init.o [3]
  .text              ro code  0x0800333e     0x4  exit.o [3]
  .text              ro code  0x08003344     0xa  cexit.o [5]
  .text              ro code  0x08003350    0x14  exit.o [6]
  .text              ro code  0x08003364    0x10  startup_stm32f4xx.o [1]
  .text              ro code  0x08003374     0xc  cstartup_M.o [5]
  .text              ro code  0x08003380     0x4  startup_stm32f4xx.o [1]
  .text              ro code  0x08003384     0x4  startup_stm32f4xx.o [1]
  .text              ro code  0x08003388     0x4  startup_stm32f4xx.o [1]
  .text              ro code  0x0800338c     0x4  startup_stm32f4xx.o [1]
  .text              ro code  0x08003390     0x4  startup_stm32f4xx.o [1]
  .text              ro code  0x08003394     0x4  startup_stm32f4xx.o [1]
  .text              ro code  0x08003398     0x4  startup_stm32f4xx.o [1]
  .text              ro code  0x0800339c     0x4  startup_stm32f4xx.o [1]
  .text              ro code  0x080033a0     0x4  startup_stm32f4xx.o [1]
  .text              ro code  0x080033a4     0x4  startup_stm32f4xx.o [1]
  .text              ro code  0x080033a8     0x4  startup_stm32f4xx.o [1]
  .text              ro code  0x080033ac     0x4  startup_stm32f4xx.o [1]
  .text              ro code  0x080033b0     0x4  startup_stm32f4xx.o [1]
  .text              ro code  0x080033b4     0x4  startup_stm32f4xx.o [1]
  .text              ro code  0x080033b8     0x4  startup_stm32f4xx.o [1]
  .text              ro code  0x080033bc     0x4  startup_stm32f4xx.o [1]
  .text              ro code  0x080033c0     0x4  startup_stm32f4xx.o [1]
  .text              ro code  0x080033c4     0x4  startup_stm32f4xx.o [1]
  .text              ro code  0x080033c8     0x4  startup_stm32f4xx.o [1]
  .text              ro code  0x080033cc     0x4  startup_stm32f4xx.o [1]
  .text              ro code  0x080033d0     0x4  startup_stm32f4xx.o [1]
  .text              ro code  0x080033d4     0x4  startup_stm32f4xx.o [1]
  .text              ro code  0x080033d8     0x4  startup_stm32f4xx.o [1]
  .text              ro code  0x080033dc     0x4  startup_stm32f4xx.o [1]
  .text              ro code  0x080033e0     0x4  startup_stm32f4xx.o [1]
  .text              ro code  0x080033e4     0x4  startup_stm32f4xx.o [1]
  .text              ro code  0x080033e8     0x4  startup_stm32f4xx.o [1]
  .text              ro code  0x080033ec     0x4  startup_stm32f4xx.o [1]
  .text              ro code  0x080033f0     0x4  startup_stm32f4xx.o [1]
  .text              ro code  0x080033f4     0x4  startup_stm32f4xx.o [1]
  .text              ro code  0x080033f8     0x4  startup_stm32f4xx.o [1]
  .text              ro code  0x080033fc     0x4  startup_stm32f4xx.o [1]
  .text              ro code  0x08003400     0x4  startup_stm32f4xx.o [1]
  .text              ro code  0x08003404     0x4  startup_stm32f4xx.o [1]
  .text              ro code  0x08003408     0x4  startup_stm32f4xx.o [1]
  .text              ro code  0x0800340c     0x4  startup_stm32f4xx.o [1]
  .text              ro code  0x08003410     0x4  startup_stm32f4xx.o [1]
  .text              ro code  0x08003414     0x4  startup_stm32f4xx.o [1]
  .text              ro code  0x08003418     0x4  startup_stm32f4xx.o [1]
  .text              ro code  0x0800341c     0x4  startup_stm32f4xx.o [1]
  .text              ro code  0x08003420     0x4  startup_stm32f4xx.o [1]
  .text              ro code  0x08003424     0x4  startup_stm32f4xx.o [1]
  .text              ro code  0x08003428     0x4  startup_stm32f4xx.o [1]
  .text              ro code  0x0800342c     0x4  startup_stm32f4xx.o [1]
  .text              ro code  0x08003430     0x4  startup_stm32f4xx.o [1]
  .text              ro code  0x08003434     0x4  startup_stm32f4xx.o [1]
  .text              ro code  0x08003438     0x4  startup_stm32f4xx.o [1]
  .text              ro code  0x0800343c     0x4  startup_stm32f4xx.o [1]
  .text              ro code  0x08003440     0x4  startup_stm32f4xx.o [1]
  .text              ro code  0x08003444     0x4  startup_stm32f4xx.o [1]
  .text              ro code  0x08003448     0x4  startup_stm32f4xx.o [1]
  .text              ro code  0x0800344c     0x4  startup_stm32f4xx.o [1]
  .text              ro code  0x08003450     0x4  startup_stm32f4xx.o [1]
  .text              ro code  0x08003454     0x4  startup_stm32f4xx.o [1]
  .text              ro code  0x08003458     0x4  startup_stm32f4xx.o [1]
  .text              ro code  0x0800345c     0x4  startup_stm32f4xx.o [1]
  .text              ro code  0x08003460     0x4  startup_stm32f4xx.o [1]
  .text              ro code  0x08003464     0x4  startup_stm32f4xx.o [1]
  .text              ro code  0x08003468     0x4  startup_stm32f4xx.o [1]
  .text              ro code  0x0800346c     0x4  startup_stm32f4xx.o [1]
  .text              ro code  0x08003470     0x4  startup_stm32f4xx.o [1]
  .text              ro code  0x08003474     0x4  startup_stm32f4xx.o [1]
  .text              ro code  0x08003478     0x4  startup_stm32f4xx.o [1]
  .text              ro code  0x0800347c     0x4  startup_stm32f4xx.o [1]
  .text              ro code  0x08003480     0x4  startup_stm32f4xx.o [1]
  .text              ro code  0x08003484     0x4  startup_stm32f4xx.o [1]
  .text              ro code  0x08003488     0x4  startup_stm32f4xx.o [1]
  .text              ro code  0x0800348c     0x4  startup_stm32f4xx.o [1]
  .text              ro code  0x08003490     0x4  startup_stm32f4xx.o [1]
  .text              ro code  0x08003494     0x4  startup_stm32f4xx.o [1]
  .text              ro code  0x08003498     0x4  startup_stm32f4xx.o [1]
  .text              ro code  0x0800349c     0x4  startup_stm32f4xx.o [1]
  .text              ro code  0x080034a0     0x4  startup_stm32f4xx.o [1]
  .text              ro code  0x080034a4     0x4  startup_stm32f4xx.o [1]
  .text              ro code  0x080034a8     0x4  startup_stm32f4xx.o [1]
  .text              ro code  0x080034ac     0x4  startup_stm32f4xx.o [1]
  .text              ro code  0x080034b0     0x4  startup_stm32f4xx.o [1]
  .text              ro code  0x080034b4     0x4  startup_stm32f4xx.o [1]
  .text              ro code  0x080034b8     0x4  startup_stm32f4xx.o [1]
  .text              ro code  0x080034bc     0x4  startup_stm32f4xx.o [1]
  .text              ro code  0x080034c0     0x4  startup_stm32f4xx.o [1]
  .text              ro code  0x080034c4     0x4  startup_stm32f4xx.o [1]
  .text              ro code  0x080034c8     0x4  startup_stm32f4xx.o [1]
  .text              ro code  0x080034cc     0x4  startup_stm32f4xx.o [1]
  .text              ro code  0x080034d0     0x4  startup_stm32f4xx.o [1]
  .text              ro code  0x080034d4     0x4  startup_stm32f4xx.o [1]
  .text              ro code  0x080034d8     0x4  startup_stm32f4xx.o [1]
  .text              ro code  0x080034dc     0x4  startup_stm32f4xx.o [1]
  .text              ro code  0x080034e0     0x4  startup_stm32f4xx.o [1]
  .text              ro code  0x080034e4     0x4  startup_stm32f4xx.o [1]
  .text              ro code  0x080034e8     0x4  startup_stm32f4xx.o [1]
  .rodata            const    0x080034ec     0x0  zero_init3.o [5]
  .rodata            const    0x080034ec     0x0  packbits_init_single.o [5]
  Initializer bytes  const    0x080034ec   0x113  <for P2-1>
                            - 0x080035ff  0x3477

"P2", part 1 of 3:                        0x1dc4
  P2-1                        0x20000000  0x1dc4  <Init block>
    .data            inited   0x20000000    0x80  asservissementVitesseAngulaire.o [1]
    .data            inited   0x20000080    0x80  asservissementVitesseLineaire.o [1]
    .data            inited   0x20000100    0x3a  controleMoteur.o [1]
    .data            inited   0x20000140  0x1c50  stm32f4xx_it.o [1]
    .data            inited   0x20001d90    0x10  stm32f4_discovery.o [1]
    .data            inited   0x20001da0    0x10  stm32f4xx_rcc.o [1]
    .data            inited   0x20001db0    0x14  system_stm32f4xx.o [1]
                            - 0x20001dc4  0x1dc4

"P2", part 2 of 3:                         0x884
  .bss               zero     0x20001dc8   0x5a0  asservissementCap.o [1]
  .bss               zero     0x20002368    0x84  main.o [1]
  .bss               zero     0x200023ec    0x3c  stm32f4xx_it.o [1]
  .bss               zero     0x20002428    0x50  FSM_USART_commande.o [1]
  .bss               zero     0x20002478    0x40  asservissementCap.o [1]
  .bss               zero     0x200024b8    0x40  asservissementVitesseAngulaire.o [1]
  .bss               zero     0x200024f8    0x40  asservissementVitesseAngulaire.o [1]
  .bss               zero     0x20002538    0x3c  stm32f4xx_it.o [1]
  .bss               zero     0x20002574    0x28  USART_config.o [1]
  .bss               zero     0x2000259c    0x24  FSM_USART_codePays.o [1]
  .bss               zero     0x200025c0    0x22  controleMoteur.o [1]
  .bss               zero     0x200025e4     0xc  FSM_USART_commande.o [1]
  .bss               zero     0x200025f0    0x18  controleDistanceCapRobot.o [1]
  .bss               zero     0x20002608    0x18  FSM_USART_commande.o [1]
  .bss               zero     0x20002620    0x10  controleMoteur.o [1]
  .bss               zero     0x20002630     0x8  controleMoteur.o [1]
  .bss               zero     0x20002638     0x8  USART_config.o [1]
  .bss               zero     0x20002640     0x4  main.o [1]
  .bss               zero     0x20002644     0x4  main.o [1]
                            - 0x20002648   0x884

"P2", part 3 of 3:                         0x400
  CSTACK                      0x20002648   0x400  <Block>
    CSTACK           uninit   0x20002648   0x400  <Block tail>
                            - 0x20002a48   0x400


*******************************************************************************
*** INIT TABLE
***

          Address     Size
          -------     ----
Zero (__iar_zero_init3)
    1 destination range, total size 0x880:
          0x20001dc8   0x880

Copy/packbits (__iar_packbits_init_single3)
    1 source range, total size 0x113 (3% of destination):
          0x080034ec   0x113
    1 destination range, total size 0x1dc4:
          0x20000000  0x1dc4



*******************************************************************************
*** MODULE SUMMARY
***

    Module                            ro code  ro data  rw data
    ------                            -------  -------  -------
D:\Fichier Mathieu\Session 6\Design 3\design3_codeSTM\STM32F4-Discovery_FW_V1.1.0\Project\Peripheral_Examples\TIM_TimeBase\EWARM\TIM_TimeBase\Obj: [1]
    FSM_USART_codePays.o                  276                36
    FSM_USART_commande.o                  448               116
    USART_config.o                        310                48
    asservissementCap.o                   384             1 504
    asservissementVitesseAngulaire.o      280        4      256
    asservissementVitesseLineaire.o       296        5      128
    configTimer.o                         364
    controleDistanceCapRobot.o            144                24
    controleMoteur.o                      664        2      116
    main.o                                664               140
    misc.o                                104
    startup_stm32f4xx.o                   772
    stm32f4_discovery.o                    96                16
    stm32f4xx_gpio.o                      154
    stm32f4xx_it.o                      1 548      262    7 368
    stm32f4xx_rcc.o                       204        1       16
    stm32f4xx_tim.o                       744
    stm32f4xx_usart.o                     316
    system_stm32f4xx.o                    224        1       20
    -----------------------------------------------------------
    Total:                              7 992      275    9 788

command line: [2]
    -----------------------------------------------------------
    Total:

dl7M_tln.a: [3]
    exit.o                                  4
    iar_Stoflt.o                          460
    iar_Stopfx.o                          290
    iar_Stoulx.o                          372
    iar_Stoxflt.o                         568
    low_level_init.o                        4
    -----------------------------------------------------------
    Total:                              1 698

m7M_tl.a: [4]
    DblAdd.o                              376
    DblCmpEq.o                             32
    DblCmpGe.o                             46
    DblCmpLe.o                             46
    DblDiv.o                              582
    DblMul.o                              418
    DblSub.o                              226
    DblToS32.o                             58
    S32ToDbl.o                             34
    U32ToDbl.o                             26
    frexp.o                               112
    ldexp.o                               314
    strto64.o                           1 136
    -----------------------------------------------------------
    Total:                              3 406

rt7M_tl.a: [5]
    cexit.o                                10
    cmain.o                                26
    cstartup_M.o                           12
    data_init.o                            40
    memchr.o                               88
    packbits_init_single.o                 56
    strcmp.o                               74
    zero_init3.o                           64
    -----------------------------------------------------------
    Total:                                370

shb_l.a: [6]
    exit.o                                 20
    -----------------------------------------------------------
    Total:                                 20

    Gaps                                   30                12
    Linker created                                  32    1 024
---------------------------------------------------------------
    Grand Total:                       13 516      307   10 824


*******************************************************************************
*** ENTRY LIST
***

Entry                      Address   Size  Type      Object
-----                      -------   ----  ----      ------
.iar.init_table$$Base   0x08003300          --   Gb  - Linker created -
.iar.init_table$$Limit  0x08003320          --   Gb  - Linker created -
?main                   0x08003321         Code  Gb  cmain.o [5]
AHBPrescTable           0x20001db0   0x10  Data  Gb  system_stm32f4xx.o [1]
APBAHBPrescTable        0x20001da0   0x10  Data  Lc  stm32f4xx_rcc.o [1]
BusFault_Handler        0x0800018f    0x2  Code  Gb  stm32f4xx_it.o [1]
CSTACK$$Base            0x20002648          --   Gb  - Linker created -
CSTACK$$Limit           0x20002a48          --   Gb  - Linker created -
DebugMon_Handler        0x08000193    0x2  Code  Gb  stm32f4xx_it.o [1]
Dtentox                 0x080026f9  0x194  Code  Lc  strto64.o [4]
GPIO_CLK                0x08001ba4   0x10  Data  Gb  stm32f4_discovery.o [1]
GPIO_Init               0x080017c5   0x70  Code  Gb  stm32f4xx_gpio.o [1]
GPIO_PIN                0x08001b9c    0x8  Data  Gb  stm32f4_discovery.o [1]
GPIO_PORT               0x20001d90   0x10  Data  Gb  stm32f4_discovery.o [1]
GPIO_PinAFConfig        0x0800183d   0x22  Code  Gb  stm32f4xx_gpio.o [1]
GPIO_ToggleBits         0x08001835    0x8  Code  Gb  stm32f4xx_gpio.o [1]
GPIO_init               0x20002638    0x8  Data  Gb  USART_config.o [1]
HardFault_Handler       0x0800018b    0x2  Code  Gb  stm32f4xx_it.o [1]
InitGPIO_USART          0x08001dd1   0x56  Code  Gb  USART_config.o [1]
InitUSART               0x08001d21   0xb0  Code  Gb  USART_config.o [1]
MemManage_Handler       0x0800018d    0x2  Code  Gb  stm32f4xx_it.o [1]
NMI_Handler             0x08000189    0x2  Code  Gb  stm32f4xx_it.o [1]
NVIC_Init               0x080023bd   0x56  Code  Gb  misc.o [1]
NVIC_usart2             0x20002574    0x4  Data  Gb  USART_config.o [1]
NVIC_usart3             0x20002578    0x4  Data  Gb  USART_config.o [1]
PendSV_Handler          0x08000197    0x2  Code  Gb  stm32f4xx_it.o [1]
RCC_AHB1PeriphClockCmd  0x0800228b   0x12  Code  Gb  stm32f4xx_rcc.o [1]
RCC_APB1PeriphClockCmd  0x0800229d   0x12  Code  Gb  stm32f4xx_rcc.o [1]
RCC_APB2PeriphClockCmd  0x080022af   0x12  Code  Gb  stm32f4xx_rcc.o [1]
RCC_GetClocksFreq       0x08002211   0x7a  Code  Gb  stm32f4xx_rcc.o [1]
Region$$Table$$Base     0x08003300          --   Gb  - Linker created -
Region$$Table$$Limit    0x08003320          --   Gb  - Linker created -
STM_EVAL_LEDInit        0x08001b55   0x3a  Code  Gb  stm32f4_discovery.o [1]
SVC_Handler             0x08000195    0x2  Code  Gb  stm32f4xx_it.o [1]
SysTick_Handler         0x08000199    0x4  Code  Gb  stm32f4xx_it.o [1]
SystemCoreClock         0x20001dc0    0x4  Data  Gb  system_stm32f4xx.o [1]
SystemInit              0x08003181   0xc4  Code  Gb  system_stm32f4xx.o [1]
TIM5_IRQHandler         0x0800019d  0x454  Code  Gb  stm32f4xx_it.o [1]
TIM_ARRPreloadConfig    0x08000a9d   0x14  Code  Gb  stm32f4xx_tim.o [1]
TIM_ClearITPendingBit   0x08000ce7    0x2  Code  Gb  stm32f4xx_tim.o [1]
TIM_Cmd                 0x08000ab1   0x14  Code  Gb  stm32f4xx_tim.o [1]
TIM_CtrlPWMOutputs      0x08000cad   0x16  Code  Gb  stm32f4xx_tim.o [1]
TIM_ETRClockMode2Config
                        0x08000cef   0x12  Code  Gb  stm32f4xx_tim.o [1]
TIM_ETRConfig           0x08000d01   0x14  Code  Gb  stm32f4xx_tim.o [1]
TIM_GetCounter          0x08000a93    0x4  Code  Gb  stm32f4xx_tim.o [1]
TIM_GetITStatus         0x08000cd3   0x14  Code  Gb  stm32f4xx_tim.o [1]
TIM_ITConfig            0x08000cc3   0x10  Code  Gb  stm32f4xx_tim.o [1]
TIM_OC1Init             0x08000ac5   0x64  Code  Gb  stm32f4xx_tim.o [1]
TIM_OC1PreloadConfig    0x08000c71    0x6  Code  Gb  stm32f4xx_tim.o [1]
TIM_OC2Init             0x08000b29   0x6e  Code  Gb  stm32f4xx_tim.o [1]
TIM_OC2PreloadConfig    0x08000c7f    0x6  Code  Gb  stm32f4xx_tim.o [1]
TIM_OC3Init             0x08000b97   0x6c  Code  Gb  stm32f4xx_tim.o [1]
TIM_OC3PreloadConfig    0x08000c8f    0x6  Code  Gb  stm32f4xx_tim.o [1]
TIM_OC4Init             0x08000c03   0x52  Code  Gb  stm32f4xx_tim.o [1]
TIM_OC4PreloadConfig    0x08000c9d    0x6  Code  Gb  stm32f4xx_tim.o [1]
TIM_SetCounter          0x08000a8f    0x4  Code  Gb  stm32f4xx_tim.o [1]
TIM_TimeBaseInit        0x08000a2d   0x62  Code  Gb  stm32f4xx_tim.o [1]
TimingDelay             0x20002640    0x4  Data  Lc  main.o [1]
TimingDelay_Decrement   0x080009df    0xe  Code  Gb  main.o [1]
USART2_IRQHandler       0x08000673   0x32  Code  Gb  stm32f4xx_it.o [1]
USART2_init             0x2000257c   0x10  Data  Gb  USART_config.o [1]
USART3_IRQHandler       0x080006a5   0x32  Code  Gb  stm32f4xx_it.o [1]
USART3_init             0x2000258c   0x10  Data  Gb  USART_config.o [1]
USART_ClearITPendingBit
                        0x08001b45    0xa  Code  Gb  stm32f4xx_usart.o [1]
USART_Cmd               0x08001ac1   0x14  Code  Gb  stm32f4xx_usart.o [1]
USART_GetITStatus       0x08001b0b   0x3a  Code  Gb  stm32f4xx_usart.o [1]
USART_ITConfig          0x08001adb   0x30  Code  Gb  stm32f4xx_usart.o [1]
USART_Init              0x08001a19   0x9e  Code  Gb  stm32f4xx_usart.o [1]
UsageFault_Handler      0x08000191    0x2  Code  Gb  stm32f4xx_it.o [1]
__aeabi_cdcmpeq         0x0800239d         Code  Gb  DblCmpEq.o [4]
__aeabi_cdcmple         0x08002319         Code  Gb  DblCmpLe.o [4]
__aeabi_cdrcmple        0x08002349         Code  Gb  DblCmpGe.o [4]
__aeabi_d2iz            0x080022dd         Code  Gb  DblToS32.o [4]
__aeabi_dadd            0x0800111d         Code  Gb  DblAdd.o [4]
__aeabi_ddiv            0x08000d31         Code  Gb  DblDiv.o [4]
__aeabi_dmul            0x08000f79         Code  Gb  DblMul.o [4]
__aeabi_dsub            0x0800212d         Code  Gb  DblSub.o [4]
__aeabi_i2d             0x08002379         Code  Gb  S32ToDbl.o [4]
__aeabi_ui2d            0x08000d15         Code  Gb  U32ToDbl.o [4]
__cmain                 0x08003321         Code  Gb  cmain.o [5]
__exit                  0x08003351   0x14  Code  Gb  exit.o [6]
__iar_Memchr            0x08002a59         Code  Gb  memchr.o [5]
__iar_Sto64             0x0800288d  0x14e  Code  Gb  strto64.o [4]
__iar_Stoflt            0x08002d7d  0x1cc  Code  Gb  iar_Stoflt.o [3]
__iar_Stopfx            0x08002c5b  0x122  Code  Gb  iar_Stopfx.o [3]
__iar_Stoulx            0x08002471  0x114  Code  Gb  iar_Stoulx.o [3]
__iar_Stoxflt           0x08002f49  0x202  Code  Gb  iar_Stoxflt.o [3]
__iar_Stoxflt::digits   0x08003150   0x18  Data  Lc  iar_Stoxflt.o [3]
__iar_Stoxflt::vals     0x08003168   0x18  Data  Lc  iar_Stoxflt.o [3]
__iar_dadd              0x0800213d         Code  Gb  DblSub.o [4]
__iar_data_init3        0x080032d9   0x28  Code  Gb  data_init.o [5]
__iar_dsub              0x0800112d         Code  Gb  DblAdd.o [4]
__iar_dsubStart         0x0800113f         Code  Gb  DblAdd.o [4]
__iar_frexp             0x08002abd         Code  Gb  frexp.o [4]
__iar_frexp64           0x08002ab1         Code  Gb  frexp.o [4]
__iar_frexpl            0x08002abd         Code  Gb  frexp.o [4]
__iar_ldexp64           0x08002b21         Code  Gb  ldexp.o [4]
__iar_packbits_init_single3
                        0x080032a1   0x38  Code  Gb  packbits_init_single.o [5]
__iar_program_start     0x08003375         Code  Gb  cstartup_M.o [5]
__iar_scalbln64         0x08002b21         Code  Gb  ldexp.o [4]
__iar_scalbn64          0x08002b21         Code  Gb  ldexp.o [4]
__iar_systems$$module {Abs}
                        0x00000001         Data  Gb  command line/config [2]
__iar_zero_init3        0x08003261   0x40  Code  Gb  zero_init3.o [5]
__low_level_init        0x0800333b    0x4  Code  Gb  low_level_init.o [3]
__vector_table          0x08000000         Data  Gb  startup_stm32f4xx.o [1]
_call_main              0x0800332d         Code  Gb  cmain.o [5]
_exit                   0x08003345         Code  Gb  cexit.o [5]
_main                   0x08003337         Code  Gb  cmain.o [5]
angleDeplacement        0x200024b0    0x8  Data  Gb  asservissementCap.o [1]
angleRobot              0x20001d78    0x8  Data  Gb  stm32f4xx_it.o [1]
angleRotation           0x20002468    0x8  Data  Lc  FSM_USART_commande.o [1]
angleRotationChar       0x20002614    0xc  Data  Gb  FSM_USART_commande.o [1]
appliquerConsigneDeplacement
                        0x0800092d   0x44  Code  Gb  main.o [1]
appliquerConsigneRotation
                        0x08000971   0x36  Code  Gb  main.o [1]
arreterMoteur           0x080013bd   0x6e  Code  Gb  controleMoteur.o [1]
atof                    0x08002a09    0x8  Code  Gb  strto64.o [4]
atoi                    0x0800258b    0x2  Code  Gb  iar_Stoulx.o [3]
avancerMoteur           0x0800142d   0xa6  Code  Gb  controleMoteur.o [1]
bufferRx                0x2000236c   0x34  Data  Gb  main.o [1]
bufferRx_PC             0x200023a0   0x34  Data  Gb  main.o [1]
bufferTX                0x200023ec   0x34  Data  Gb  stm32f4xx_it.o [1]
bufferTX_PC             0x20002538   0x34  Data  Gb  stm32f4xx_it.o [1]
calculerActionCap       0x08001677   0xcc  Code  Gb  asservissementCap.o [1]
calculerActionMoteur    0x0800156b   0x82  Code  Gb  asservissementVitesseAngulaire.o [1]
calculerActionVitesseLineaire
                        0x08001935   0x68  Code  Gb  asservissementVitesseLineaire.o [1]
calculerCheckSum        0x08001f0b   0x42  Code  Gb  FSM_USART_codePays.o [1]
calculerConsigneVitesseLineaire
                        0x08001861   0x54  Code  Gb  controleDistanceCapRobot.o [1]
checksum                0x200025bc    0x4  Data  Gb  FSM_USART_codePays.o [1]
checksumCOM             0x200025a8    0x4  Data  Gb  FSM_USART_codePays.o [1]
checksumChar            0x200025e4    0xc  Data  Gb  FSM_USART_commande.o [1]
codePays                0x200025a4    0x4  Data  Gb  FSM_USART_codePays.o [1]
codePaysInteger         0x2000259c    0x1  Data  Gb  FSM_USART_codePays.o [1]
codePaysRecu            0x200023e4    0x4  Data  Gb  main.o [1]
commande                0x20002428    0x1  Data  Gb  FSM_USART_commande.o [1]
comptePulseTIM1         0x20001d80    0x4  Data  Gb  stm32f4xx_it.o [1]
comptePulseTIM2         0x20001d84    0x4  Data  Gb  stm32f4xx_it.o [1]
comptePulseTIM3         0x20001d88    0x4  Data  Gb  stm32f4xx_it.o [1]
comptePulseTIM4         0x20001d8c    0x4  Data  Gb  stm32f4xx_it.o [1]
consigneVitesseM1       0x20001408  0x960  Data  Gb  stm32f4xx_it.o [1]
ddiv                    0x08002665   0x7c  Code  Lc  strto64.o [4]
diametreRoue            0x20001d68    0x8  Data  Gb  stm32f4xx_it.o [1]
digits                  0x08002594   0x28  Data  Lc  iar_Stoulx.o [3]
directionDeplacement    0x20002452    0x2  Data  Lc  FSM_USART_commande.o [1]
directionDeplacementChar
                        0x20002438    0xc  Data  Gb  FSM_USART_commande.o [1]
directionRotation       0x20002454    0x2  Data  Lc  FSM_USART_commande.o [1]
directionRotationChar   0x20002444    0xc  Data  Gb  FSM_USART_commande.o [1]
distanceCible           0x200025f0   0x10  Data  Lc  controleDistanceCapRobot.o [1]
distanceDeplacement     0x20002458    0x8  Data  Lc  FSM_USART_commande.o [1]
distanceDeplacementChar
                        0x2000242c    0xc  Data  Gb  FSM_USART_commande.o [1]
dmul                    0x080025e9   0x7c  Code  Lc  strto64.o [4]
dutyCycleChannel1       0x20000132    0x2  Data  Gb  controleMoteur.o [1]
dutyCycleChannel2       0x20000134    0x2  Data  Gb  controleMoteur.o [1]
dutyCycleChannel3       0x20000136    0x2  Data  Gb  controleMoteur.o [1]
dutyCycleChannel4       0x20000138    0x2  Data  Gb  controleMoteur.o [1]
envoyerFinDeplacement   0x08000915    0x8  Code  Gb  main.o [1]
envoyerOctets           0x080008df   0x36  Code  Gb  main.o [1]
etatFSM                 0x200025ac    0x4  Data  Gb  FSM_USART_codePays.o [1]
etatFSMCommande         0x20002450    0x2  Data  Gb  FSM_USART_commande.o [1]
exit                    0x0800333f    0x4  Code  Gb  exit.o [3]
frexp                   0x08002ab1         Code  Gb  frexp.o [4]
frexpl                  0x08002ab1         Code  Gb  frexp.o [4]
getAngleRotation        0x080020eb    0x8  Code  Gb  FSM_USART_commande.o [1]
getConsigneDirectionVitesseAngulaire
                        0x08001617   0x14  Code  Gb  asservissementVitesseAngulaire.o [1]
getConsigneDirectionVitesseLineaire
                        0x080019f7   0x14  Code  Gb  asservissementVitesseLineaire.o [1]
getConsigneVitesseAngulaire
                        0x0800160b    0xc  Code  Gb  asservissementVitesseAngulaire.o [1]
getDirectionConsigneCap
                        0x08001799   0x10  Code  Gb  asservissementCap.o [1]
getDirectionDeplacement
                        0x080020dd    0x6  Code  Gb  FSM_USART_commande.o [1]
getDirectionDistanceCible
                        0x080018d3   0x10  Code  Gb  controleDistanceCapRobot.o [1]
getDirectionMoteur      0x080014d5   0x22  Code  Gb  controleMoteur.o [1]
getDirectionRotation    0x080020f3    0x6  Code  Gb  FSM_USART_commande.o [1]
getDistanceDeplacement  0x080020d5    0x8  Code  Gb  FSM_USART_commande.o [1]
getTypeAsservissement   0x080009d3    0x6  Code  Gb  main.o [1]
getVitesseLineaireMax   0x080020e3    0x8  Code  Gb  FSM_USART_commande.o [1]
headerCOM               0x200025a0    0x4  Data  Gb  FSM_USART_codePays.o [1]
indexEcritureRX         0x200023d4    0x4  Data  Gb  main.o [1]
indexEcritureRX_PC      0x200023dc    0x4  Data  Gb  main.o [1]
indexEcritureTX         0x20002420    0x4  Data  Gb  stm32f4xx_it.o [1]
indexEcritureTX_PC      0x2000256c    0x4  Data  Gb  stm32f4xx_it.o [1]
indexLectureRX          0x200023d8    0x4  Data  Gb  main.o [1]
indexLectureRX_PC       0x200023e0    0x4  Data  Gb  main.o [1]
indexLectureTX          0x20002424    0x4  Data  Gb  stm32f4xx_it.o [1]
indexLectureTX_PC       0x20002570    0x4  Data  Gb  stm32f4xx_it.o [1]
indiceChecksum          0x200025b8    0x4  Data  Gb  FSM_USART_codePays.o [1]
indiceCodePays          0x200025b4    0x4  Data  Gb  FSM_USART_codePays.o [1]
indiceConsigne          0x2000247a    0x2  Data  Gb  asservissementCap.o [1]
indiceHeader            0x200025b0    0x4  Data  Gb  FSM_USART_codePays.o [1]
indiceM1                0x20000140    0x2  Data  Gb  stm32f4xx_it.o [1]
indiceM2                0x20000142    0x2  Data  Gb  stm32f4xx_it.o [1]
indiceTableau           0x20002470    0x4  Data  Gb  FSM_USART_commande.o [1]
initGPIOTimerCLKExterne
                        0x08001c3d   0x5e  Code  Gb  configTimer.o [1]
initIOMoteur            0x0800134d   0x6a  Code  Gb  controleMoteur.o [1]
initPICap               0x08001645   0x32  Code  Gb  asservissementCap.o [1]
initPIVitesseAngulaire  0x0800152d   0x30  Code  Gb  asservissementVitesseAngulaire.o [1]
initPIVitesselineaire   0x080018f1   0x44  Code  Gb  asservissementVitesseLineaire.o [1]
initPWM                 0x08001295   0xb8  Code  Gb  controleMoteur.o [1]
initTimerCLKExterne     0x08001bb5   0x80  Code  Gb  configTimer.o [1]
initTimerInterruptXms   0x08001cad   0x58  Code  Gb  configTimer.o [1]
ldexp                   0x08002b21         Code  Gb  ldexp.o [4]
ldexpl                  0x08002b21         Code  Gb  ldexp.o [4]
main                    0x08000795  0x14a  Code  Gb  main.o [1]
memchr                  0x08002a59         Code  Gb  memchr.o [5]
moteur1                 0x20000100   0x10  Data  Lc  controleMoteur.o [1]
moteur2                 0x20000110   0x10  Data  Lc  controleMoteur.o [1]
moteur3                 0x20000120   0x10  Data  Lc  controleMoteur.o [1]
moteur4                 0x20002620   0x10  Data  Lc  controleMoteur.o [1]
nbConsigne              0x20002478    0x2  Data  Gb  asservissementCap.o [1]
ndigs                   0x080025bc   0x28  Data  Lc  iar_Stoulx.o [3]
octetRecuIR             0x20002368    0x1  Data  Gb  main.o [1]
octetRecuPC             0x20002369    0x1  Data  Gb  main.o [1]
period                  0x20000130    0x2  Data  Gb  controleMoteur.o [1]
pows                    0x08002a10   0x48  Data  Lc  strto64.o [4]
prescaler               0x200025e0    0x2  Data  Gb  controleMoteur.o [1]
rayonBraquage           0x20001d70    0x8  Data  Gb  stm32f4xx_it.o [1]
recevoirDrapeau         0x200023e8    0x4  Data  Gb  main.o [1]
recevoirOctetCMD        0x08001f6d  0x124  Code  Gb  FSM_USART_commande.o [1]
recevoirOctetDrapeau    0x08001e59   0xb2  Code  Gb  FSM_USART_codePays.o [1]
reinitialiserTableau    0x08001f4d   0x18  Code  Gb  FSM_USART_codePays.o [1]
reinitialiserTableauCMD
                        0x080020f9   0x26  Code  Gb  FSM_USART_commande.o [1]
retour                  0x20002474    0x4  Data  Gb  FSM_USART_commande.o [1]
scalbln                 0x08002b21         Code  Gb  ldexp.o [4]
scalblnl                0x08002b21         Code  Gb  ldexp.o [4]
scalbn                  0x08002b21         Code  Gb  ldexp.o [4]
scalbnl                 0x08002b21         Code  Gb  ldexp.o [4]
setConsigneCap          0x08001743   0x56  Code  Gb  asservissementCap.o [1]
setConsigneVitesseAngulaire
                        0x080015ed   0x1e  Code  Gb  asservissementVitesseAngulaire.o [1]
setConsigneVitesseLineaire
                        0x0800199d   0x5a  Code  Gb  asservissementVitesseLineaire.o [1]
setDistanceCible        0x080018b5   0x1e  Code  Gb  controleDistanceCapRobot.o [1]
setTypeAsservissement   0x080009d9    0x6  Code  Gb  main.o [1]
stockerDonneeRecu       0x08002099   0x3c  Code  Gb  FSM_USART_commande.o [1]
strcmp                  0x08002425         Code  Gb  strcmp.o [5]
structGPIO              0x20002630    0x8  Data  Gb  controleMoteur.o [1]
structPWMtim            0x200025c0   0x14  Data  Gb  controleMoteur.o [1]
structTimer1            0x200025d4    0xc  Data  Gb  controleMoteur.o [1]
tableauActionPI         0x20000000   0x40  Data  Lc  asservissementVitesseAngulaire.o [1]
tableauActionPICap      0x20002480   0x10  Data  Lc  asservissementCap.o [1]
tableauActionPIVL       0x20000080   0x20  Data  Lc  asservissementVitesseLineaire.o [1]
tableauConsignePI       0x200024f8   0x40  Data  Lc  asservissementVitesseAngulaire.o [1]
tableauConsignePICap    0x200024a0   0x10  Data  Lc  asservissementCap.o [1]
tableauConsignePIVL     0x200000c0   0x20  Data  Lc  asservissementVitesseLineaire.o [1]
tableauConsigneProgressive
                        0x20001dc8  0x5a0  Data  Lc  asservissementCap.o [1]
tableauErreurPI         0x200024b8   0x40  Data  Lc  asservissementVitesseAngulaire.o [1]
tableauErreurPICap      0x20002490   0x10  Data  Lc  asservissementCap.o [1]
tableauErreurPIVL       0x200000a0   0x20  Data  Lc  asservissementVitesseLineaire.o [1]
tableauParametrePIDiscret
                        0x20000040   0x40  Data  Lc  asservissementVitesseAngulaire.o [1]
tableauParametrePIDiscretVL
                        0x200000e0   0x20  Data  Lc  asservissementVitesseLineaire.o [1]
tableauVitesseM1        0x20000148  0x960  Data  Gb  stm32f4xx_it.o [1]
tableauVitesseM2        0x20000aa8  0x960  Data  Gb  stm32f4xx_it.o [1]
typeAsservissement      0x20002644    0x4  Data  Lc  main.o [1]
vitesseLineaireMax      0x20002460    0x8  Data  Lc  FSM_USART_commande.o [1]
vitesseLineaireMaxChar  0x20002608    0xc  Data  Gb  FSM_USART_commande.o [1]
vitesseMax              0x20002600    0x8  Data  Lc  controleDistanceCapRobot.o [1]


[1] = D:\Fichier Mathieu\Session 6\Design 3\design3_codeSTM\STM32F4-Discovery_FW_V1.1.0\Project\Peripheral_Examples\TIM_TimeBase\EWARM\TIM_TimeBase\Obj
[2] = command line
[3] = dl7M_tln.a
[4] = m7M_tl.a
[5] = rt7M_tl.a
[6] = shb_l.a

  13 516 bytes of readonly  code memory
     307 bytes of readonly  data memory
  10 824 bytes of readwrite data memory

Errors: none
Warnings: none
