###############################################################################
#
# IAR ELF Linker V8.11.2.13589/W32 for ARM                22/Nov/2017  09:11:13
# Copyright 2007-2017 IAR Systems AB.
#
#    Output file  =  
#        C:\Users\mathieu\Documents\Session
#        5\SMI\STM32F4-Discovery_FW_V1.1.0\Project\Peripheral_Examples\EXTI\EWARM\Exti\Exe\Exti.out
#    Map file     =  
#        C:\Users\mathieu\Documents\Session
#        5\SMI\STM32F4-Discovery_FW_V1.1.0\Project\Peripheral_Examples\EXTI\EWARM\Exti\List\Exti.map
#    Command line =  
#        -f C:\Users\mathieu\AppData\Local\Temp\EW8989.tmp
#        ("C:\Users\mathieu\Documents\Session
#        5\SMI\STM32F4-Discovery_FW_V1.1.0\Project\Peripheral_Examples\EXTI\EWARM\Exti\Obj\command.o"
#        "C:\Users\mathieu\Documents\Session
#        5\SMI\STM32F4-Discovery_FW_V1.1.0\Project\Peripheral_Examples\EXTI\EWARM\Exti\Obj\config_timer.o"
#        "C:\Users\mathieu\Documents\Session
#        5\SMI\STM32F4-Discovery_FW_V1.1.0\Project\Peripheral_Examples\EXTI\EWARM\Exti\Obj\main.o"
#        "C:\Users\mathieu\Documents\Session
#        5\SMI\STM32F4-Discovery_FW_V1.1.0\Project\Peripheral_Examples\EXTI\EWARM\Exti\Obj\misc.o"
#        "C:\Users\mathieu\Documents\Session
#        5\SMI\STM32F4-Discovery_FW_V1.1.0\Project\Peripheral_Examples\EXTI\EWARM\Exti\Obj\startup_stm32f4xx.o"
#        "C:\Users\mathieu\Documents\Session
#        5\SMI\STM32F4-Discovery_FW_V1.1.0\Project\Peripheral_Examples\EXTI\EWARM\Exti\Obj\stm32f4_discovery.o"
#        "C:\Users\mathieu\Documents\Session
#        5\SMI\STM32F4-Discovery_FW_V1.1.0\Project\Peripheral_Examples\EXTI\EWARM\Exti\Obj\stm32f4xx_exti.o"
#        "C:\Users\mathieu\Documents\Session
#        5\SMI\STM32F4-Discovery_FW_V1.1.0\Project\Peripheral_Examples\EXTI\EWARM\Exti\Obj\stm32f4xx_gpio.o"
#        "C:\Users\mathieu\Documents\Session
#        5\SMI\STM32F4-Discovery_FW_V1.1.0\Project\Peripheral_Examples\EXTI\EWARM\Exti\Obj\stm32f4xx_it.o"
#        "C:\Users\mathieu\Documents\Session
#        5\SMI\STM32F4-Discovery_FW_V1.1.0\Project\Peripheral_Examples\EXTI\EWARM\Exti\Obj\stm32f4xx_rcc.o"
#        "C:\Users\mathieu\Documents\Session
#        5\SMI\STM32F4-Discovery_FW_V1.1.0\Project\Peripheral_Examples\EXTI\EWARM\Exti\Obj\stm32f4xx_syscfg.o"
#        "C:\Users\mathieu\Documents\Session
#        5\SMI\STM32F4-Discovery_FW_V1.1.0\Project\Peripheral_Examples\EXTI\EWARM\Exti\Obj\stm32f4xx_tim.o"
#        "C:\Users\mathieu\Documents\Session
#        5\SMI\STM32F4-Discovery_FW_V1.1.0\Project\Peripheral_Examples\EXTI\EWARM\Exti\Obj\stm32f4xx_usart.o"
#        "C:\Users\mathieu\Documents\Session
#        5\SMI\STM32F4-Discovery_FW_V1.1.0\Project\Peripheral_Examples\EXTI\EWARM\Exti\Obj\system_stm32f4xx.o"
#        "C:\Users\mathieu\Documents\Session
#        5\SMI\STM32F4-Discovery_FW_V1.1.0\Project\Peripheral_Examples\EXTI\EWARM\Exti\Obj\tm_stm32f4_delay.o"
#        "C:\Users\mathieu\Documents\Session
#        5\SMI\STM32F4-Discovery_FW_V1.1.0\Project\Peripheral_Examples\EXTI\EWARM\Exti\Obj\tm_stm32f4_gpio.o"
#        "C:\Users\mathieu\Documents\Session
#        5\SMI\STM32F4-Discovery_FW_V1.1.0\Project\Peripheral_Examples\EXTI\EWARM\Exti\Obj\tm_stm32f4_hd44780.o"
#        "C:\Users\mathieu\Documents\Session
#        5\SMI\STM32F4-Discovery_FW_V1.1.0\Project\Peripheral_Examples\EXTI\EWARM\Exti\Obj\tm_stm32f4_timer_properties.o"
#        "C:\Users\mathieu\Documents\Session
#        5\SMI\STM32F4-Discovery_FW_V1.1.0\Project\Peripheral_Examples\EXTI\EWARM\Exti\Obj\USART_config.o"
#        --redirect _Printf=_PrintfSmallNoMb --redirect _Scanf=_ScanfSmallNoMb
#        -o "C:\Users\mathieu\Documents\Session
#        5\SMI\STM32F4-Discovery_FW_V1.1.0\Project\Peripheral_Examples\EXTI\EWARM\Exti\Exe\Exti.out"
#        --map "C:\Users\mathieu\Documents\Session
#        5\SMI\STM32F4-Discovery_FW_V1.1.0\Project\Peripheral_Examples\EXTI\EWARM\Exti\List\Exti.map"
#        --config "C:\Users\mathieu\Documents\Session
#        5\SMI\STM32F4-Discovery_FW_V1.1.0\Project\Peripheral_Examples\EXTI\EWARM\stm32f4xx_flash.icf"
#        --semihosting --entry __iar_program_start --vfe --text_out locale)
#
###############################################################################

*******************************************************************************
*** RUNTIME MODEL ATTRIBUTES
***

CppFlavor       = *
__Heap_Handler  = Basic
__SystemLibrary = DLib
__dlib_version  = 6


*******************************************************************************
*** HEAP SELECTION
***

The basic heap was selected because some modules are built with
size limitations (and not runtime checking), and --advanced_heap
was not specified.


*******************************************************************************
*** PLACEMENT SUMMARY
***

"A0":  place at 0x08000000 { ro section .intvec };
"P1":  place in [from 0x08000000 to 0x080fffff] { ro };
define block CSTACK with size = 1K, alignment = 8 { };
define block HEAP with size = 512, alignment = 8 { };
"P2":  place in [from 0x20000000 to 0x20020000] {
          rw, block CSTACK, block HEAP };
initialize by copy { rw };

  Section            Kind        Address    Size  Object
  -------            ----        -------    ----  ------
"A0":                                      0x188
  .intvec            ro code  0x08000000   0x188  startup_stm32f4xx.o [1]
                            - 0x08000188   0x188

"P1":                                     0x2914
  .text              ro code  0x08000188   0x5c8  stm32f4xx_usart.o [1]
  .text              ro code  0x08000750    0xca  main.o [1]
  .text              ro code  0x0800081a     0xa  xsprout.o [3]
  .text              ro code  0x08000824   0x1f0  stm32f4xx_rcc.o [1]
  .text              ro code  0x08000a14   0x368  tm_stm32f4_hd44780.o [1]
  .text              ro code  0x08000d7c    0x6c  config_timer.o [1]
  .text              ro code  0x08000de8    0xe4  USART_config.o [1]
  .text              ro code  0x08000ecc    0x40  sprintf.o [3]
  .text              ro code  0x08000f0c    0xdc  command.o [1]
  .text              ro code  0x08000fe8   0x4dc  stm32f4xx_gpio.o [1]
  .text              ro code  0x080014c4   0x194  tm_stm32f4_delay.o [1]
  .text              ro code  0x08001658   0x148  tm_stm32f4_gpio.o [1]
  .text              ro code  0x080017a0   0x4ec  stm32f4xx_tim.o [1]
  .text              ro code  0x08001c8c    0xac  misc.o [1]
  .text              ro code  0x08001d38    0x50  stm32f4_discovery.o [1]
  .text              ro code  0x08001d88   0x4e0  xprintfsmall_nomb.o [3]
  .text              ro code  0x08002268    0x16  strchr.o [5]
  .text              ro code  0x08002280    0x44  xfail_s.o [3]
  .text              ro code  0x080022c4    0x36  strlen.o [5]
  .text              ro code  0x080022fc    0x58  memchr.o [5]
  .text              ro code  0x08002354     0x6  abort.o [3]
  .text              ro code  0x0800235c    0x14  exit.o [6]
  .text              ro code  0x08002370   0x144  system_stm32f4xx.o [1]
  .text              ro code  0x080024b4    0xa4  stm32f4xx_it.o [1]
  .rodata            const    0x08002558    0x80  stm32f4xx_gpio.o [1]
  .rodata            const    0x080025d8    0x80  stm32f4xx_rcc.o [1]
  .rodata            const    0x08002658    0x80  stm32f4xx_tim.o [1]
  .rodata            const    0x080026d8    0x80  stm32f4xx_usart.o [1]
  .rodata            const    0x08002758    0x78  misc.o [1]
  .text              ro code  0x080027d0    0x40  zero_init3.o [5]
  .text              ro code  0x08002810    0x2c  copy_init3.o [5]
  .text              ro code  0x0800283c    0x28  data_init.o [5]
  Initializer bytes  const    0x08002864    0x24  <for P2-1>
  .iar.init_table    const    0x08002888    0x24  - Linker created -
  .text              ro code  0x080028ac    0x1a  cmain.o [5]
  .text              ro code  0x080028c6     0x4  low_level_init.o [3]
  .text              ro code  0x080028ca     0x4  exit.o [3]
  .text              ro code  0x080028d0     0xa  cexit.o [5]
  .rodata            const    0x080028dc    0x14  command.o [1]
  .rodata            const    0x080028f0    0x10  stm32f4_discovery.o [1]
  .text              ro code  0x08002900    0x10  startup_stm32f4xx.o [1]
  .text              ro code  0x08002910     0xc  cstartup_M.o [5]
  .rodata            const    0x0800291c     0x8  main.o [1]
  .rodata            const    0x08002924     0x8  stm32f4_discovery.o [1]
  .rodata            const    0x0800292c     0x4  tm_stm32f4_hd44780.o [1]
  .text              ro code  0x08002930     0x4  startup_stm32f4xx.o [1]
  .text              ro code  0x08002934     0x4  startup_stm32f4xx.o [1]
  .text              ro code  0x08002938     0x4  startup_stm32f4xx.o [1]
  .text              ro code  0x0800293c     0x4  startup_stm32f4xx.o [1]
  .text              ro code  0x08002940     0x4  startup_stm32f4xx.o [1]
  .text              ro code  0x08002944     0x4  startup_stm32f4xx.o [1]
  .text              ro code  0x08002948     0x4  startup_stm32f4xx.o [1]
  .text              ro code  0x0800294c     0x4  startup_stm32f4xx.o [1]
  .text              ro code  0x08002950     0x4  startup_stm32f4xx.o [1]
  .text              ro code  0x08002954     0x4  startup_stm32f4xx.o [1]
  .text              ro code  0x08002958     0x4  startup_stm32f4xx.o [1]
  .text              ro code  0x0800295c     0x4  startup_stm32f4xx.o [1]
  .text              ro code  0x08002960     0x4  startup_stm32f4xx.o [1]
  .text              ro code  0x08002964     0x4  startup_stm32f4xx.o [1]
  .text              ro code  0x08002968     0x4  startup_stm32f4xx.o [1]
  .text              ro code  0x0800296c     0x4  startup_stm32f4xx.o [1]
  .text              ro code  0x08002970     0x4  startup_stm32f4xx.o [1]
  .text              ro code  0x08002974     0x4  startup_stm32f4xx.o [1]
  .text              ro code  0x08002978     0x4  startup_stm32f4xx.o [1]
  .text              ro code  0x0800297c     0x4  startup_stm32f4xx.o [1]
  .text              ro code  0x08002980     0x4  startup_stm32f4xx.o [1]
  .text              ro code  0x08002984     0x4  startup_stm32f4xx.o [1]
  .text              ro code  0x08002988     0x4  startup_stm32f4xx.o [1]
  .text              ro code  0x0800298c     0x4  startup_stm32f4xx.o [1]
  .text              ro code  0x08002990     0x4  startup_stm32f4xx.o [1]
  .text              ro code  0x08002994     0x4  startup_stm32f4xx.o [1]
  .text              ro code  0x08002998     0x4  startup_stm32f4xx.o [1]
  .text              ro code  0x0800299c     0x4  startup_stm32f4xx.o [1]
  .text              ro code  0x080029a0     0x4  startup_stm32f4xx.o [1]
  .text              ro code  0x080029a4     0x4  startup_stm32f4xx.o [1]
  .text              ro code  0x080029a8     0x4  startup_stm32f4xx.o [1]
  .text              ro code  0x080029ac     0x4  startup_stm32f4xx.o [1]
  .text              ro code  0x080029b0     0x4  startup_stm32f4xx.o [1]
  .text              ro code  0x080029b4     0x4  startup_stm32f4xx.o [1]
  .text              ro code  0x080029b8     0x4  startup_stm32f4xx.o [1]
  .text              ro code  0x080029bc     0x4  startup_stm32f4xx.o [1]
  .text              ro code  0x080029c0     0x4  startup_stm32f4xx.o [1]
  .text              ro code  0x080029c4     0x4  startup_stm32f4xx.o [1]
  .text              ro code  0x080029c8     0x4  startup_stm32f4xx.o [1]
  .text              ro code  0x080029cc     0x4  startup_stm32f4xx.o [1]
  .text              ro code  0x080029d0     0x4  startup_stm32f4xx.o [1]
  .text              ro code  0x080029d4     0x4  startup_stm32f4xx.o [1]
  .text              ro code  0x080029d8     0x4  startup_stm32f4xx.o [1]
  .text              ro code  0x080029dc     0x4  startup_stm32f4xx.o [1]
  .text              ro code  0x080029e0     0x4  startup_stm32f4xx.o [1]
  .text              ro code  0x080029e4     0x4  startup_stm32f4xx.o [1]
  .text              ro code  0x080029e8     0x4  startup_stm32f4xx.o [1]
  .text              ro code  0x080029ec     0x4  startup_stm32f4xx.o [1]
  .text              ro code  0x080029f0     0x4  startup_stm32f4xx.o [1]
  .text              ro code  0x080029f4     0x4  startup_stm32f4xx.o [1]
  .text              ro code  0x080029f8     0x4  startup_stm32f4xx.o [1]
  .text              ro code  0x080029fc     0x4  startup_stm32f4xx.o [1]
  .text              ro code  0x08002a00     0x4  startup_stm32f4xx.o [1]
  .text              ro code  0x08002a04     0x4  startup_stm32f4xx.o [1]
  .text              ro code  0x08002a08     0x4  startup_stm32f4xx.o [1]
  .text              ro code  0x08002a0c     0x4  startup_stm32f4xx.o [1]
  .text              ro code  0x08002a10     0x4  startup_stm32f4xx.o [1]
  .text              ro code  0x08002a14     0x4  startup_stm32f4xx.o [1]
  .text              ro code  0x08002a18     0x4  startup_stm32f4xx.o [1]
  .text              ro code  0x08002a1c     0x4  startup_stm32f4xx.o [1]
  .text              ro code  0x08002a20     0x4  startup_stm32f4xx.o [1]
  .text              ro code  0x08002a24     0x4  startup_stm32f4xx.o [1]
  .text              ro code  0x08002a28     0x4  startup_stm32f4xx.o [1]
  .text              ro code  0x08002a2c     0x4  startup_stm32f4xx.o [1]
  .text              ro code  0x08002a30     0x4  startup_stm32f4xx.o [1]
  .text              ro code  0x08002a34     0x4  startup_stm32f4xx.o [1]
  .text              ro code  0x08002a38     0x4  startup_stm32f4xx.o [1]
  .text              ro code  0x08002a3c     0x4  startup_stm32f4xx.o [1]
  .text              ro code  0x08002a40     0x4  startup_stm32f4xx.o [1]
  .text              ro code  0x08002a44     0x4  startup_stm32f4xx.o [1]
  .text              ro code  0x08002a48     0x4  startup_stm32f4xx.o [1]
  .text              ro code  0x08002a4c     0x4  startup_stm32f4xx.o [1]
  .text              ro code  0x08002a50     0x4  startup_stm32f4xx.o [1]
  .text              ro code  0x08002a54     0x4  startup_stm32f4xx.o [1]
  .text              ro code  0x08002a58     0x4  startup_stm32f4xx.o [1]
  .text              ro code  0x08002a5c     0x4  startup_stm32f4xx.o [1]
  .text              ro code  0x08002a60     0x4  startup_stm32f4xx.o [1]
  .text              ro code  0x08002a64     0x4  startup_stm32f4xx.o [1]
  .text              ro code  0x08002a68     0x4  startup_stm32f4xx.o [1]
  .text              ro code  0x08002a6c     0x4  startup_stm32f4xx.o [1]
  .text              ro code  0x08002a70     0x4  startup_stm32f4xx.o [1]
  .text              ro code  0x08002a74     0x4  startup_stm32f4xx.o [1]
  .text              ro code  0x08002a78     0x4  startup_stm32f4xx.o [1]
  .text              ro code  0x08002a7c     0x4  startup_stm32f4xx.o [1]
  .text              ro code  0x08002a80     0x4  startup_stm32f4xx.o [1]
  .text              ro code  0x08002a84     0x4  startup_stm32f4xx.o [1]
  .text              ro code  0x08002a88     0x4  startup_stm32f4xx.o [1]
  .text              ro code  0x08002a8c     0x4  startup_stm32f4xx.o [1]
  .text              ro code  0x08002a90     0x4  startup_stm32f4xx.o [1]
  .text              ro code  0x08002a94     0x4  startup_stm32f4xx.o [1]
  .text              ro code  0x08002a98     0x4  startup_stm32f4xx.o [1]
  .rodata            const    0x08002a9c     0x0  zero_init3.o [5]
  .rodata            const    0x08002a9c     0x0  copy_init3.o [5]
                            - 0x08002a9c  0x2914

"P2", part 1 of 3:                          0x24
  P2-1                        0x20000000    0x24  <Init block>
    .data            inited   0x20000000    0x10  stm32f4_discovery.o [1]
    .data            inited   0x20000010    0x10  stm32f4xx_rcc.o [1]
    .data            inited   0x20000020     0x4  system_stm32f4xx.o [1]
                            - 0x20000024    0x24

"P2", part 2 of 3:                          0x90
  .bss               zero     0x20000024    0x18  tm_stm32f4_delay.o [1]
  .bss               zero     0x2000003c    0x18  tm_stm32f4_gpio.o [1]
  .bss               zero     0x20000054    0x14  main.o [1]
  .bss               zero     0x20000068    0x10  USART_config.o [1]
  .bss               zero     0x20000078     0x8  tm_stm32f4_hd44780.o [1]
  .bss               zero     0x20000080     0x8  USART_config.o [1]
  .bss               zero     0x20000088     0x4  command.o [1]
  .bss               zero     0x2000008c     0x4  command.o [1]
  .bss               zero     0x20000090     0x4  main.o [1]
  .bss               zero     0x20000094     0x4  main.o [1]
  .bss               zero     0x20000098     0x4  main.o [1]
  .bss               zero     0x2000009c     0x4  tm_stm32f4_delay.o [1]
  .bss               zero     0x200000a0     0x4  tm_stm32f4_delay.o [1]
  .bss               zero     0x200000a4     0x4  tm_stm32f4_delay.o [1]
  .bss               zero     0x200000a8     0x4  USART_config.o [1]
  .bss               zero     0x200000ac     0x4  xfail_s.o [3]
  .bss               zero     0x200000b0     0x1  tm_stm32f4_delay.o [1]
                            - 0x200000b1    0x8d

"P2", part 3 of 3:                         0x400
  CSTACK                      0x200000b8   0x400  <Block>
    CSTACK           uninit   0x200000b8   0x400  <Block tail>
                            - 0x200004b8   0x400


*******************************************************************************
*** INIT TABLE
***

          Address     Size
          -------     ----
Zero (__iar_zero_init3)
    1 destination range, total size 0x8d:
          0x20000024  0x8d

Copy (__iar_copy_init3)
    1 source range, total size 0x24:
          0x08002864  0x24
    1 destination range, total size 0x24:
          0x20000000  0x24



*******************************************************************************
*** MODULE SUMMARY
***

    Module                ro code  ro data  rw data
    ------                -------  -------  -------
C:\Users\mathieu\Documents\Session 5\SMI\STM32F4-Discovery_FW_V1.1.0\Project\Peripheral_Examples\EXTI\EWARM\Exti\Obj: [1]
    USART_config.o            228                28
    command.o                 220       20        8
    config_timer.o            108
    main.o                    202        8       32
    misc.o                    172      120
    startup_stm32f4xx.o       772
    stm32f4_discovery.o        80       40       16
    stm32f4xx_gpio.o        1 244      128
    stm32f4xx_it.o            164
    stm32f4xx_rcc.o           496      144       16
    stm32f4xx_tim.o         1 260      128
    stm32f4xx_usart.o       1 480      128
    system_stm32f4xx.o        324        4        4
    tm_stm32f4_delay.o        404                37
    tm_stm32f4_gpio.o         328                24
    tm_stm32f4_hd44780.o      872        4        8
    -----------------------------------------------
    Total:                  8 354      724      173

command line: [2]
    -----------------------------------------------
    Total:

dl7M_tln.a: [3]
    abort.o                     6
    exit.o                      4
    low_level_init.o            4
    sprintf.o                  64
    xfail_s.o                  68                 4
    xprintfsmall_nomb.o     1 248
    xsprout.o                  10
    -----------------------------------------------
    Total:                  1 404                 4

m7M_tl.a: [4]
    -----------------------------------------------
    Total:

rt7M_tl.a: [5]
    cexit.o                    10
    cmain.o                    26
    copy_init3.o               44
    cstartup_M.o               12
    data_init.o                40
    memchr.o                   88
    strchr.o                   22
    strlen.o                   54
    zero_init3.o               64
    -----------------------------------------------
    Total:                    360

shb_l.a: [6]
    exit.o                     20
    -----------------------------------------------
    Total:                     20

    Gaps                        8        2
    Linker created                      36    1 024
---------------------------------------------------
    Grand Total:           10 146      762    1 201


*******************************************************************************
*** ENTRY LIST
***

Entry                      Address   Size  Type      Object
-----                      -------   ----  ----      ------
.iar.init_table$$Base   0x08002888          --   Gb  - Linker created -
.iar.init_table$$Limit  0x080028ac          --   Gb  - Linker created -
?main                   0x080028ad         Code  Gb  cmain.o [5]
APBAHBPrescTable        0x20000010   0x10  Data  Lc  stm32f4xx_rcc.o [1]
BusFault_Handler        0x080024bb    0x2  Code  Gb  stm32f4xx_it.o [1]
CSTACK$$Base            0x200000b8          --   Gb  - Linker created -
CSTACK$$Limit           0x200004b8          --   Gb  - Linker created -
CustomTimers            0x20000024   0x18  Data  Lc  tm_stm32f4_delay.o [1]
DebugMon_Handler        0x080024c1    0x2  Code  Gb  stm32f4xx_it.o [1]
Delay                   0x08000a15   0x14  Code  Lc  tm_stm32f4_hd44780.o [1]
GPIO_CLK                0x080028f0   0x10  Data  Gb  stm32f4_discovery.o [1]
GPIO_Init               0x08000fe9  0x194  Code  Gb  stm32f4xx_gpio.o [1]
GPIO_PIN                0x08002924    0x8  Data  Gb  stm32f4_discovery.o [1]
GPIO_PORT               0x20000000   0x10  Data  Gb  stm32f4_discovery.o [1]
GPIO_PinAFConfig        0x080012a9  0x1f4  Code  Gb  stm32f4xx_gpio.o [1]
GPIO_ResetBits          0x080011d7   0x5a  Code  Gb  stm32f4xx_gpio.o [1]
GPIO_SetBits            0x0800117d   0x5a  Code  Gb  stm32f4xx_gpio.o [1]
GPIO_ToggleBits         0x08001255   0x50  Code  Gb  stm32f4xx_gpio.o [1]
GPIO_UsedPins           0x2000003c   0x18  Data  Lc  tm_stm32f4_gpio.o [1]
GPIO_init               0x20000080    0x8  Data  Gb  USART_config.o [1]
HD44780_Opts            0x20000078    0x8  Data  Lc  tm_stm32f4_hd44780.o [1]
HardFault_Handler       0x080024b7    0x2  Code  Gb  stm32f4xx_it.o [1]
InitGPIO                0x08000e5b   0x5e  Code  Gb  USART_config.o [1]
InitUSART               0x08000de9   0x72  Code  Gb  USART_config.o [1]
LoadInt                 0x08001fb7   0x56  Code  Lc  xprintfsmall_nomb.o [3]
MemManage_Handler       0x080024b9    0x2  Code  Gb  stm32f4xx_it.o [1]
NMI_Handler             0x080024b5    0x2  Code  Gb  stm32f4xx_it.o [1]
NVIC_Init               0x08001c8d   0x98  Code  Gb  misc.o [1]
NVIC_SetPriority        0x080014c5   0x26  Code  Lc  tm_stm32f4_delay.o [1]
NVIC_usart2             0x200000a8    0x4  Data  Gb  USART_config.o [1]
PendSV_Handler          0x080024c3    0x2  Code  Gb  stm32f4xx_it.o [1]
RCC_AHB1PeriphClockCmd  0x0800093d   0x58  Code  Gb  stm32f4xx_rcc.o [1]
RCC_APB1PeriphClockCmd  0x08000995   0x58  Code  Gb  stm32f4xx_rcc.o [1]
RCC_GetClocksFreq       0x08000825  0x118  Code  Gb  stm32f4xx_rcc.o [1]
Region$$Table$$Base     0x08002888          --   Gb  - Linker created -
Region$$Table$$Limit    0x080028ac          --   Gb  - Linker created -
STM_EVAL_LEDInit        0x08001d39   0x44  Code  Gb  stm32f4_discovery.o [1]
SVC_Handler             0x080024bf    0x2  Code  Gb  stm32f4xx_it.o [1]
SetSysClock             0x080023b7   0xce  Code  Lc  system_stm32f4xx.o [1]
SysTick_Config          0x080014eb   0x32  Code  Lc  tm_stm32f4_delay.o [1]
SysTick_Handler         0x0800151d   0xde  Code  Gb  tm_stm32f4_delay.o [1]
SystemCoreClock         0x20000020    0x4  Data  Gb  system_stm32f4xx.o [1]
SystemInit              0x08002371   0x46  Code  Gb  system_stm32f4xx.o [1]
TIM2_IRQHandler         0x080024c5   0x30  Code  Gb  stm32f4xx_it.o [1]
TIM_ClearITPendingBit   0x08001bcd   0x86  Code  Gb  stm32f4xx_tim.o [1]
TIM_Cmd                 0x08001921   0xb4  Code  Gb  stm32f4xx_tim.o [1]
TIM_GetITStatus         0x08001ae5   0xdc  Code  Gb  stm32f4xx_tim.o [1]
TIM_ITConfig            0x08001a0d   0xba  Code  Gb  stm32f4xx_tim.o [1]
TIM_TimeBaseInit        0x080017a1  0x146  Code  Gb  stm32f4xx_tim.o [1]
TM_DELAY_Init           0x080015fb   0x2e  Code  Gb  tm_stm32f4_delay.o [1]
TM_DELAY_Initialized    0x200000b0    0x1  Data  Gb  tm_stm32f4_delay.o [1]
TM_GPIO_GetPortSource   0x08001699    0xa  Code  Gb  tm_stm32f4_gpio.o [1]
TM_GPIO_INT_EnableClock
                        0x080016a3   0x1c  Code  Gb  tm_stm32f4_gpio.o [1]
TM_GPIO_INT_Init        0x080016bf   0xd6  Code  Gb  tm_stm32f4_gpio.o [1]
TM_GPIO_Init            0x08001659   0x40  Code  Gb  tm_stm32f4_gpio.o [1]
TM_HD44780_Clear        0x08000af1   0x12  Code  Gb  tm_stm32f4_hd44780.o [1]
TM_HD44780_Cmd          0x08000bab   0x1e  Code  Lc  tm_stm32f4_hd44780.o [1]
TM_HD44780_Cmd4bit      0x08000be7   0x86  Code  Lc  tm_stm32f4_hd44780.o [1]
TM_HD44780_CursorSet    0x08000c6d   0x3a  Code  Lc  tm_stm32f4_hd44780.o [1]
TM_HD44780_Data         0x08000bc9   0x1e  Code  Lc  tm_stm32f4_hd44780.o [1]
TM_HD44780_DisplayOn    0x08000b8d   0x1e  Code  Gb  tm_stm32f4_hd44780.o [1]
TM_HD44780_Init         0x08000a29   0xc8  Code  Gb  tm_stm32f4_hd44780.o [1]
TM_HD44780_InitPins     0x08000ca7   0xb2  Code  Lc  tm_stm32f4_hd44780.o [1]
TM_HD44780_Puts         0x08000b03   0x8a  Code  Gb  tm_stm32f4_hd44780.o [1]
TM_Time                 0x2000009c    0x4  Data  Gb  tm_stm32f4_delay.o [1]
TM_Time2                0x200000a0    0x4  Data  Gb  tm_stm32f4_delay.o [1]
USART2_IRQHandler       0x080024f5   0x4a  Code  Gb  stm32f4xx_it.o [1]
USART2_init             0x20000068   0x10  Data  Gb  USART_config.o [1]
USART_ClearITPendingBit
                        0x0800068b   0xa8  Code  Gb  stm32f4xx_usart.o [1]
USART_Cmd               0x08000387   0x76  Code  Gb  stm32f4xx_usart.o [1]
USART_GetITStatus       0x08000555  0x136  Code  Gb  stm32f4xx_usart.o [1]
USART_ITConfig          0x08000421  0x134  Code  Gb  stm32f4xx_usart.o [1]
USART_Init              0x08000189  0x1fe  Code  Gb  stm32f4xx_usart.o [1]
UsageFault_Handler      0x080024bd    0x2  Code  Gb  stm32f4xx_it.o [1]
_LitobSmallNoMb         0x08002149   0xce  Code  Lc  xprintfsmall_nomb.o [3]
_PrintfSmallNoMb        0x08001d89  0x224  Code  Gb  xprintfsmall_nomb.o [3]
_PutcharsSmallNoMb      0x08002217   0x2e  Code  Lc  xprintfsmall_nomb.o [3]
_PutfldSmallNoMb        0x0800200d  0x13c  Code  Lc  xprintfsmall_nomb.o [3]
_SProut                 0x0800081b    0xa  Code  Gb  xsprout.o [3]
__cmain                 0x080028ad         Code  Gb  cmain.o [5]
__exit                  0x0800235d   0x14  Code  Gb  exit.o [6]
__iar_Fail_s            0x08002281   0x1e  Code  Gb  xfail_s.o [3]
__iar_Memchr            0x080022fd         Code  Gb  memchr.o [5]
__iar_Strchr            0x08002269         Code  Gb  strchr.o [5]
__iar_copy_init3        0x08002811   0x2c  Code  Gb  copy_init3.o [5]
__iar_data_init3        0x0800283d   0x28  Code  Gb  data_init.o [5]
__iar_program_start     0x08002911         Code  Gb  cstartup_M.o [5]
__iar_systems$$module {Abs}
                        0x00000001         Data  Gb  command line/config [2]
__iar_zero_init3        0x080027d1   0x40  Code  Gb  zero_init3.o [5]
__low_level_init        0x080028c7    0x4  Code  Gb  low_level_init.o [3]
__vector_table          0x08000000         Data  Gb  startup_stm32f4xx.o [1]
_call_main              0x080028b9         Code  Gb  cmain.o [5]
_exit                   0x080028d1         Code  Gb  cexit.o [5]
_main                   0x080028c3         Code  Gb  cmain.o [5]
abort                   0x08002355    0x6  Code  Gb  abort.o [3]
assert_failed           0x08000819    0x2  Code  Gb  main.o [1]
bufferRx                0x20000054   0x14  Data  Gb  main.o [1]
convertirCommande       0x08000f0d   0x60  Code  Gb  command.o [1]
etatFSM                 0x20000088    0x4  Data  Gb  command.o [1]
executerCommande        0x08000f6d   0x6a  Code  Gb  command.o [1]
exit                    0x080028cb    0x4  Code  Gb  exit.o [3]
incrementMS             0x20000090    0x4  Data  Gb  main.o [1]
indexEcriture           0x20000094    0x4  Data  Gb  main.o [1]
indexLecture            0x20000098    0x4  Data  Gb  main.o [1]
indiceColLCD            0x2000008c    0x4  Data  Gb  command.o [1]
initTimerInterruptMS    0x08000d7d   0x6c  Code  Gb  config_timer.o [1]
main                    0x08000751   0xac  Code  Gb  main.o [1]
memchr                  0x080022fd         Code  Gb  memchr.o [5]
mult                    0x200000a4    0x4  Data  Gb  tm_stm32f4_delay.o [1]
sec_hand                0x200000ac    0x4  Data  Lc  xfail_s.o [3]
sprintf                 0x08000ecd   0x40  Code  Gb  sprintf.o [3]
strchr                  0x08002269         Code  Gb  strchr.o [5]
strlen                  0x080022c5         Code  Gb  strlen.o [5]


[1] = C:\Users\mathieu\Documents\Session 5\SMI\STM32F4-Discovery_FW_V1.1.0\Project\Peripheral_Examples\EXTI\EWARM\Exti\Obj
[2] = command line
[3] = dl7M_tln.a
[4] = m7M_tl.a
[5] = rt7M_tl.a
[6] = shb_l.a

  10 146 bytes of readonly  code memory
     762 bytes of readonly  data memory
   1 201 bytes of readwrite data memory

Errors: none
Warnings: none
