###############################################################################
#
# IAR ELF Linker V8.11.2.13589/W32 for ARM                06/Feb/2018  12:52:53
# Copyright 2007-2017 IAR Systems AB.
#
#    Output file  =  
#        D:\Fichier Mathieu\Session
#        5\SMI\STM32F4-Discovery_FW_V1.1.0\Project\Peripheral_Examples\TIM_PWM_Output\EWARM\TIM_PWM_Output\Exe\TIM_PWM_Output.out
#    Map file     =  
#        D:\Fichier Mathieu\Session
#        5\SMI\STM32F4-Discovery_FW_V1.1.0\Project\Peripheral_Examples\TIM_PWM_Output\EWARM\TIM_PWM_Output\List\TIM_PWM_Output.map
#    Command line =  
#        -f C:\Users\mathieu\AppData\Local\Temp\EW68D3.tmp ("D:\Fichier
#        Mathieu\Session
#        5\SMI\STM32F4-Discovery_FW_V1.1.0\Project\Peripheral_Examples\TIM_PWM_Output\EWARM\TIM_PWM_Output\Obj\main.o"
#        "D:\Fichier Mathieu\Session
#        5\SMI\STM32F4-Discovery_FW_V1.1.0\Project\Peripheral_Examples\TIM_PWM_Output\EWARM\TIM_PWM_Output\Obj\misc.o"
#        "D:\Fichier Mathieu\Session
#        5\SMI\STM32F4-Discovery_FW_V1.1.0\Project\Peripheral_Examples\TIM_PWM_Output\EWARM\TIM_PWM_Output\Obj\startup_stm32f4xx.o"
#        "D:\Fichier Mathieu\Session
#        5\SMI\STM32F4-Discovery_FW_V1.1.0\Project\Peripheral_Examples\TIM_PWM_Output\EWARM\TIM_PWM_Output\Obj\stm32f4_discovery.o"
#        "D:\Fichier Mathieu\Session
#        5\SMI\STM32F4-Discovery_FW_V1.1.0\Project\Peripheral_Examples\TIM_PWM_Output\EWARM\TIM_PWM_Output\Obj\stm32f4xx_gpio.o"
#        "D:\Fichier Mathieu\Session
#        5\SMI\STM32F4-Discovery_FW_V1.1.0\Project\Peripheral_Examples\TIM_PWM_Output\EWARM\TIM_PWM_Output\Obj\stm32f4xx_it.o"
#        "D:\Fichier Mathieu\Session
#        5\SMI\STM32F4-Discovery_FW_V1.1.0\Project\Peripheral_Examples\TIM_PWM_Output\EWARM\TIM_PWM_Output\Obj\stm32f4xx_rcc.o"
#        "D:\Fichier Mathieu\Session
#        5\SMI\STM32F4-Discovery_FW_V1.1.0\Project\Peripheral_Examples\TIM_PWM_Output\EWARM\TIM_PWM_Output\Obj\stm32f4xx_tim.o"
#        "D:\Fichier Mathieu\Session
#        5\SMI\STM32F4-Discovery_FW_V1.1.0\Project\Peripheral_Examples\TIM_PWM_Output\EWARM\TIM_PWM_Output\Obj\system_stm32f4xx.o"
#        --redirect _Printf=_PrintfSmallNoMb --redirect _Scanf=_ScanfSmallNoMb
#        -o "D:\Fichier Mathieu\Session
#        5\SMI\STM32F4-Discovery_FW_V1.1.0\Project\Peripheral_Examples\TIM_PWM_Output\EWARM\TIM_PWM_Output\Exe\TIM_PWM_Output.out"
#        --map "D:\Fichier Mathieu\Session
#        5\SMI\STM32F4-Discovery_FW_V1.1.0\Project\Peripheral_Examples\TIM_PWM_Output\EWARM\TIM_PWM_Output\List\TIM_PWM_Output.map"
#        --config "D:\Fichier Mathieu\Session
#        5\SMI\STM32F4-Discovery_FW_V1.1.0\Project\Peripheral_Examples\TIM_PWM_Output\EWARM\stm32f4xx_flash.icf"
#        --semihosting --entry __iar_program_start --vfe --text_out locale)
#
###############################################################################

*******************************************************************************
*** RUNTIME MODEL ATTRIBUTES
***

CppFlavor       = *
__SystemLibrary = DLib
__dlib_version  = 6


*******************************************************************************
*** HEAP SELECTION
***

The basic heap was selected because some modules are built with
size limitations (and not runtime checking), and --advanced_heap
was not specified.


*******************************************************************************
*** PLACEMENT SUMMARY
***

"A0":  place at 0x08000000 { ro section .intvec };
"P1":  place in [from 0x08000000 to 0x080fffff] { ro };
define block CSTACK with size = 1K, alignment = 8 { };
define block HEAP with size = 512, alignment = 8 { };
"P2":  place in [from 0x20000000 to 0x20020000] {
          rw, block CSTACK, block HEAP };
initialize by copy { rw };

  Section            Kind        Address   Size  Object
  -------            ----        -------   ----  ------
"A0":                                     0x188
  .intvec            ro code  0x08000000  0x188  startup_stm32f4xx.o [1]
                            - 0x08000188  0x188

"P1":                                     0x7c1
  .text              ro code  0x08000188  0x278  stm32f4xx_tim.o [1]
  .text              ro code  0x08000400  0x140  main.o [1]
  .text              ro code  0x08000540   0x2c  stm32f4xx_rcc.o [1]
  .text              ro code  0x0800056c   0x92  stm32f4xx_gpio.o [1]
  .text              ro code  0x08000600   0xe0  system_stm32f4xx.o [1]
  .text              ro code  0x080006e0   0x38  packbits_init_single.o [4]
  .text              ro code  0x08000718   0x28  data_init.o [4]
  .iar.init_table    const    0x08000740   0x10  - Linker created -
  .text              ro code  0x08000750   0x1a  cmain.o [4]
  .text              ro code  0x0800076a    0x4  low_level_init.o [3]
  .text              ro code  0x0800076e    0x4  exit.o [3]
  .text              ro code  0x08000774    0xa  cexit.o [4]
  .text              ro code  0x08000780   0x14  exit.o [5]
  .text              ro code  0x08000794   0x12  stm32f4xx_it.o [1]
  .text              ro code  0x080007a8   0x10  startup_stm32f4xx.o [1]
  .text              ro code  0x080007b8    0xc  cstartup_M.o [4]
  .text              ro code  0x080007c4    0x4  startup_stm32f4xx.o [1]
  .text              ro code  0x080007c8    0x4  startup_stm32f4xx.o [1]
  .text              ro code  0x080007cc    0x4  startup_stm32f4xx.o [1]
  .text              ro code  0x080007d0    0x4  startup_stm32f4xx.o [1]
  .text              ro code  0x080007d4    0x4  startup_stm32f4xx.o [1]
  .text              ro code  0x080007d8    0x4  startup_stm32f4xx.o [1]
  .text              ro code  0x080007dc    0x4  startup_stm32f4xx.o [1]
  .text              ro code  0x080007e0    0x4  startup_stm32f4xx.o [1]
  .text              ro code  0x080007e4    0x4  startup_stm32f4xx.o [1]
  .text              ro code  0x080007e8    0x4  startup_stm32f4xx.o [1]
  .text              ro code  0x080007ec    0x4  startup_stm32f4xx.o [1]
  .text              ro code  0x080007f0    0x4  startup_stm32f4xx.o [1]
  .text              ro code  0x080007f4    0x4  startup_stm32f4xx.o [1]
  .text              ro code  0x080007f8    0x4  startup_stm32f4xx.o [1]
  .text              ro code  0x080007fc    0x4  startup_stm32f4xx.o [1]
  .text              ro code  0x08000800    0x4  startup_stm32f4xx.o [1]
  .text              ro code  0x08000804    0x4  startup_stm32f4xx.o [1]
  .text              ro code  0x08000808    0x4  startup_stm32f4xx.o [1]
  .text              ro code  0x0800080c    0x4  startup_stm32f4xx.o [1]
  .text              ro code  0x08000810    0x4  startup_stm32f4xx.o [1]
  .text              ro code  0x08000814    0x4  startup_stm32f4xx.o [1]
  .text              ro code  0x08000818    0x4  startup_stm32f4xx.o [1]
  .text              ro code  0x0800081c    0x4  startup_stm32f4xx.o [1]
  .text              ro code  0x08000820    0x4  startup_stm32f4xx.o [1]
  .text              ro code  0x08000824    0x4  startup_stm32f4xx.o [1]
  .text              ro code  0x08000828    0x4  startup_stm32f4xx.o [1]
  .text              ro code  0x0800082c    0x4  startup_stm32f4xx.o [1]
  .text              ro code  0x08000830    0x4  startup_stm32f4xx.o [1]
  .text              ro code  0x08000834    0x4  startup_stm32f4xx.o [1]
  .text              ro code  0x08000838    0x4  startup_stm32f4xx.o [1]
  .text              ro code  0x0800083c    0x4  startup_stm32f4xx.o [1]
  .text              ro code  0x08000840    0x4  startup_stm32f4xx.o [1]
  .text              ro code  0x08000844    0x4  startup_stm32f4xx.o [1]
  .text              ro code  0x08000848    0x4  startup_stm32f4xx.o [1]
  .text              ro code  0x0800084c    0x4  startup_stm32f4xx.o [1]
  .text              ro code  0x08000850    0x4  startup_stm32f4xx.o [1]
  .text              ro code  0x08000854    0x4  startup_stm32f4xx.o [1]
  .text              ro code  0x08000858    0x4  startup_stm32f4xx.o [1]
  .text              ro code  0x0800085c    0x4  startup_stm32f4xx.o [1]
  .text              ro code  0x08000860    0x4  startup_stm32f4xx.o [1]
  .text              ro code  0x08000864    0x4  startup_stm32f4xx.o [1]
  .text              ro code  0x08000868    0x4  startup_stm32f4xx.o [1]
  .text              ro code  0x0800086c    0x4  startup_stm32f4xx.o [1]
  .text              ro code  0x08000870    0x4  startup_stm32f4xx.o [1]
  .text              ro code  0x08000874    0x4  startup_stm32f4xx.o [1]
  .text              ro code  0x08000878    0x4  startup_stm32f4xx.o [1]
  .text              ro code  0x0800087c    0x4  startup_stm32f4xx.o [1]
  .text              ro code  0x08000880    0x4  startup_stm32f4xx.o [1]
  .text              ro code  0x08000884    0x4  startup_stm32f4xx.o [1]
  .text              ro code  0x08000888    0x4  startup_stm32f4xx.o [1]
  .text              ro code  0x0800088c    0x4  startup_stm32f4xx.o [1]
  .text              ro code  0x08000890    0x4  startup_stm32f4xx.o [1]
  .text              ro code  0x08000894    0x4  startup_stm32f4xx.o [1]
  .text              ro code  0x08000898    0x4  startup_stm32f4xx.o [1]
  .text              ro code  0x0800089c    0x4  startup_stm32f4xx.o [1]
  .text              ro code  0x080008a0    0x4  startup_stm32f4xx.o [1]
  .text              ro code  0x080008a4    0x4  startup_stm32f4xx.o [1]
  .text              ro code  0x080008a8    0x4  startup_stm32f4xx.o [1]
  .text              ro code  0x080008ac    0x4  startup_stm32f4xx.o [1]
  .text              ro code  0x080008b0    0x4  startup_stm32f4xx.o [1]
  .text              ro code  0x080008b4    0x4  startup_stm32f4xx.o [1]
  .text              ro code  0x080008b8    0x4  startup_stm32f4xx.o [1]
  .text              ro code  0x080008bc    0x4  startup_stm32f4xx.o [1]
  .text              ro code  0x080008c0    0x4  startup_stm32f4xx.o [1]
  .text              ro code  0x080008c4    0x4  startup_stm32f4xx.o [1]
  .text              ro code  0x080008c8    0x4  startup_stm32f4xx.o [1]
  .text              ro code  0x080008cc    0x4  startup_stm32f4xx.o [1]
  .text              ro code  0x080008d0    0x4  startup_stm32f4xx.o [1]
  .text              ro code  0x080008d4    0x4  startup_stm32f4xx.o [1]
  .text              ro code  0x080008d8    0x4  startup_stm32f4xx.o [1]
  .text              ro code  0x080008dc    0x4  startup_stm32f4xx.o [1]
  .text              ro code  0x080008e0    0x4  startup_stm32f4xx.o [1]
  .text              ro code  0x080008e4    0x4  startup_stm32f4xx.o [1]
  .text              ro code  0x080008e8    0x4  startup_stm32f4xx.o [1]
  .text              ro code  0x080008ec    0x4  startup_stm32f4xx.o [1]
  .text              ro code  0x080008f0    0x4  startup_stm32f4xx.o [1]
  .text              ro code  0x080008f4    0x4  startup_stm32f4xx.o [1]
  .text              ro code  0x080008f8    0x4  startup_stm32f4xx.o [1]
  .text              ro code  0x080008fc    0x4  startup_stm32f4xx.o [1]
  .text              ro code  0x08000900    0x4  startup_stm32f4xx.o [1]
  .text              ro code  0x08000904    0x4  startup_stm32f4xx.o [1]
  .text              ro code  0x08000908    0x4  startup_stm32f4xx.o [1]
  .text              ro code  0x0800090c    0x4  startup_stm32f4xx.o [1]
  .text              ro code  0x08000910    0x4  startup_stm32f4xx.o [1]
  .text              ro code  0x08000914    0x4  startup_stm32f4xx.o [1]
  .text              ro code  0x08000918    0x4  startup_stm32f4xx.o [1]
  .text              ro code  0x0800091c    0x4  startup_stm32f4xx.o [1]
  .text              ro code  0x08000920    0x4  startup_stm32f4xx.o [1]
  .text              ro code  0x08000924    0x4  startup_stm32f4xx.o [1]
  .text              ro code  0x08000928    0x4  startup_stm32f4xx.o [1]
  .text              ro code  0x0800092c    0x4  startup_stm32f4xx.o [1]
  .rodata            const    0x08000930    0x0  packbits_init_single.o [4]
  Initializer bytes  const    0x08000930   0x19  <for P2-1>
                            - 0x08000949  0x7c1

"P2", part 1 of 2:                         0x40
  P2-1                        0x20000000   0x40  <Init block>
    .data            inited   0x20000000   0x2a  main.o [1]
    .data            inited   0x2000002c   0x14  system_stm32f4xx.o [1]
                            - 0x20000040   0x40

"P2", part 2 of 2:                        0x400
  CSTACK                      0x20000040  0x400  <Block>
    CSTACK           uninit   0x20000040  0x400  <Block tail>
                            - 0x20000440  0x400


*******************************************************************************
*** INIT TABLE
***

          Address     Size
          -------     ----
Copy/packbits (__iar_packbits_init_single3)
    1 source range, total size 0x19 (39% of destination):
          0x08000930  0x19
    1 destination range, total size 0x40:
          0x20000000  0x40



*******************************************************************************
*** MODULE SUMMARY
***

    Module                  ro code  ro data  rw data
    ------                  -------  -------  -------
D:\Fichier Mathieu\Session 5\SMI\STM32F4-Discovery_FW_V1.1.0\Project\Peripheral_Examples\TIM_PWM_Output\EWARM\TIM_PWM_Output\Obj: [1]
    main.o                      320       16       42
    startup_stm32f4xx.o         772
    stm32f4xx_gpio.o            146
    stm32f4xx_it.o               18
    stm32f4xx_rcc.o              44
    stm32f4xx_tim.o             632
    system_stm32f4xx.o          224        9       20
    -------------------------------------------------
    Total:                    2 156       25       62

command line: [2]
    -------------------------------------------------
    Total:

dl7M_tln.a: [3]
    exit.o                        4
    low_level_init.o              4
    -------------------------------------------------
    Total:                        8

rt7M_tl.a: [4]
    cexit.o                      10
    cmain.o                      26
    cstartup_M.o                 12
    data_init.o                  40
    packbits_init_single.o       56
    -------------------------------------------------
    Total:                      144

shb_l.a: [5]
    exit.o                       20
    -------------------------------------------------
    Total:                       20

    Gaps                          8                 2
    Linker created                        16    1 024
-----------------------------------------------------
    Grand Total:              2 336       41    1 088


*******************************************************************************
*** ENTRY LIST
***

Entry                      Address  Size  Type      Object
-----                      -------  ----  ----      ------
.iar.init_table$$Base   0x08000740         --   Gb  - Linker created -
.iar.init_table$$Limit  0x08000750         --   Gb  - Linker created -
?main                   0x08000751        Code  Gb  cmain.o [4]
AHBPrescTable           0x2000002c  0x10  Data  Gb  system_stm32f4xx.o [1]
BusFault_Handler        0x0800079b   0x2  Code  Gb  stm32f4xx_it.o [1]
CCR1_Val                0x20000020   0x2  Data  Gb  main.o [1]
CCR2_Val                0x20000022   0x2  Data  Gb  main.o [1]
CCR3_Val                0x20000024   0x2  Data  Gb  main.o [1]
CCR4_Val                0x20000026   0x2  Data  Gb  main.o [1]
CSTACK$$Base            0x20000040         --   Gb  - Linker created -
CSTACK$$Limit           0x20000440         --   Gb  - Linker created -
DebugMon_Handler        0x0800079f   0x2  Code  Gb  stm32f4xx_it.o [1]
GPIO_Init               0x0800056d  0x70  Code  Gb  stm32f4xx_gpio.o [1]
GPIO_PinAFConfig        0x080005dd  0x22  Code  Gb  stm32f4xx_gpio.o [1]
HardFault_Handler       0x08000797   0x2  Code  Gb  stm32f4xx_it.o [1]
MemManage_Handler       0x08000799   0x2  Code  Gb  stm32f4xx_it.o [1]
NMI_Handler             0x08000795   0x2  Code  Gb  stm32f4xx_it.o [1]
PendSV_Handler          0x080007a3   0x2  Code  Gb  stm32f4xx_it.o [1]
PrescalerValue          0x20000028   0x2  Data  Gb  main.o [1]
RCC_AHB1PeriphClockCmd  0x08000541  0x12  Code  Gb  stm32f4xx_rcc.o [1]
RCC_APB1PeriphClockCmd  0x08000553  0x12  Code  Gb  stm32f4xx_rcc.o [1]
Region$$Table$$Base     0x08000740         --   Gb  - Linker created -
Region$$Table$$Limit    0x08000750         --   Gb  - Linker created -
SVC_Handler             0x080007a1   0x2  Code  Gb  stm32f4xx_it.o [1]
SysTick_Handler         0x080007a5   0x2  Code  Gb  stm32f4xx_it.o [1]
SystemCoreClock         0x2000003c   0x4  Data  Gb  system_stm32f4xx.o [1]
SystemInit              0x08000601  0xc4  Code  Gb  system_stm32f4xx.o [1]
TIM_ARRPreloadConfig    0x080001f1  0x14  Code  Gb  stm32f4xx_tim.o [1]
TIM_Cmd                 0x08000205  0x14  Code  Gb  stm32f4xx_tim.o [1]
TIM_Config              0x080004ad  0x64  Code  Gb  main.o [1]
TIM_OC1Init             0x08000219  0x64  Code  Gb  stm32f4xx_tim.o [1]
TIM_OC1PreloadConfig    0x080003c5   0x6  Code  Gb  stm32f4xx_tim.o [1]
TIM_OC2Init             0x0800027d  0x6e  Code  Gb  stm32f4xx_tim.o [1]
TIM_OC2PreloadConfig    0x080003d3   0x6  Code  Gb  stm32f4xx_tim.o [1]
TIM_OC3Init             0x080002eb  0x6c  Code  Gb  stm32f4xx_tim.o [1]
TIM_OC3PreloadConfig    0x080003e3   0x6  Code  Gb  stm32f4xx_tim.o [1]
TIM_OC4Init             0x08000357  0x52  Code  Gb  stm32f4xx_tim.o [1]
TIM_OC4PreloadConfig    0x080003f1   0x6  Code  Gb  stm32f4xx_tim.o [1]
TIM_OCInitStructure     0x20000000  0x14  Data  Gb  main.o [1]
TIM_TimeBaseInit        0x08000189  0x62  Code  Gb  stm32f4xx_tim.o [1]
TIM_TimeBaseStructure   0x20000014   0xc  Data  Gb  main.o [1]
UsageFault_Handler      0x0800079d   0x2  Code  Gb  stm32f4xx_it.o [1]
__cmain                 0x08000751        Code  Gb  cmain.o [4]
__exit                  0x08000781  0x14  Code  Gb  exit.o [5]
__iar_data_init3        0x08000719  0x28  Code  Gb  data_init.o [4]
__iar_packbits_init_single3
                        0x080006e1  0x38  Code  Gb  packbits_init_single.o [4]
__iar_program_start     0x080007b9        Code  Gb  cstartup_M.o [4]
__iar_systems$$module {Abs}
                        0x00000001        Data  Gb  command line/config [2]
__low_level_init        0x0800076b   0x4  Code  Gb  low_level_init.o [3]
__vector_table          0x08000000        Data  Gb  startup_stm32f4xx.o [1]
_call_main              0x0800075d        Code  Gb  cmain.o [4]
_exit                   0x08000775        Code  Gb  cexit.o [4]
_main                   0x08000767        Code  Gb  cmain.o [4]
exit                    0x0800076f   0x4  Code  Gb  exit.o [3]
main                    0x08000401  0xac  Code  Gb  main.o [1]


[1] = D:\Fichier Mathieu\Session 5\SMI\STM32F4-Discovery_FW_V1.1.0\Project\Peripheral_Examples\TIM_PWM_Output\EWARM\TIM_PWM_Output\Obj
[2] = command line
[3] = dl7M_tln.a
[4] = rt7M_tl.a
[5] = shb_l.a

  2 336 bytes of readonly  code memory
     41 bytes of readonly  data memory
  1 088 bytes of readwrite data memory

Errors: none
Warnings: none
